Archive member included to satisfy reference by file (symbol)

/opt/st/stm32cubeide_1.17.0/plugins/com.st.stm32cube.ide.mcu.externaltools.gnu-tools-for-stm32.12.3.rel1.linux64_1.1.0.202410170702/tools/bin/../lib/gcc/arm-none-eabi/12.3.1/../../../../arm-none-eabi/lib/thumb/v7-m/nofp/libc_nano.a(libc_a-exit.o)
                              /opt/st/stm32cubeide_1.17.0/plugins/com.st.stm32cube.ide.mcu.externaltools.gnu-tools-for-stm32.12.3.rel1.linux64_1.1.0.202410170702/tools/bin/../lib/gcc/arm-none-eabi/12.3.1/../../../../arm-none-eabi/lib/thumb/v7-m/nofp/crt0.o (exit)
/opt/st/stm32cubeide_1.17.0/plugins/com.st.stm32cube.ide.mcu.externaltools.gnu-tools-for-stm32.12.3.rel1.linux64_1.1.0.202410170702/tools/bin/../lib/gcc/arm-none-eabi/12.3.1/../../../../arm-none-eabi/lib/thumb/v7-m/nofp/libc_nano.a(libc_a-findfp.o)
                              /opt/st/stm32cubeide_1.17.0/plugins/com.st.stm32cube.ide.mcu.externaltools.gnu-tools-for-stm32.12.3.rel1.linux64_1.1.0.202410170702/tools/bin/../lib/gcc/arm-none-eabi/12.3.1/../../../../arm-none-eabi/lib/thumb/v7-m/nofp/libc_nano.a(libc_a-exit.o) (__stdio_exit_handler)
/opt/st/stm32cubeide_1.17.0/plugins/com.st.stm32cube.ide.mcu.externaltools.gnu-tools-for-stm32.12.3.rel1.linux64_1.1.0.202410170702/tools/bin/../lib/gcc/arm-none-eabi/12.3.1/../../../../arm-none-eabi/lib/thumb/v7-m/nofp/libc_nano.a(libc_a-fwalk.o)
                              /opt/st/stm32cubeide_1.17.0/plugins/com.st.stm32cube.ide.mcu.externaltools.gnu-tools-for-stm32.12.3.rel1.linux64_1.1.0.202410170702/tools/bin/../lib/gcc/arm-none-eabi/12.3.1/../../../../arm-none-eabi/lib/thumb/v7-m/nofp/libc_nano.a(libc_a-findfp.o) (_fwalk_sglue)
/opt/st/stm32cubeide_1.17.0/plugins/com.st.stm32cube.ide.mcu.externaltools.gnu-tools-for-stm32.12.3.rel1.linux64_1.1.0.202410170702/tools/bin/../lib/gcc/arm-none-eabi/12.3.1/../../../../arm-none-eabi/lib/thumb/v7-m/nofp/libc_nano.a(libc_a-stdio.o)
                              /opt/st/stm32cubeide_1.17.0/plugins/com.st.stm32cube.ide.mcu.externaltools.gnu-tools-for-stm32.12.3.rel1.linux64_1.1.0.202410170702/tools/bin/../lib/gcc/arm-none-eabi/12.3.1/../../../../arm-none-eabi/lib/thumb/v7-m/nofp/libc_nano.a(libc_a-findfp.o) (__sread)
/opt/st/stm32cubeide_1.17.0/plugins/com.st.stm32cube.ide.mcu.externaltools.gnu-tools-for-stm32.12.3.rel1.linux64_1.1.0.202410170702/tools/bin/../lib/gcc/arm-none-eabi/12.3.1/../../../../arm-none-eabi/lib/thumb/v7-m/nofp/libc_nano.a(libc_a-memset.o)
                              /opt/st/stm32cubeide_1.17.0/plugins/com.st.stm32cube.ide.mcu.externaltools.gnu-tools-for-stm32.12.3.rel1.linux64_1.1.0.202410170702/tools/bin/../lib/gcc/arm-none-eabi/12.3.1/../../../../arm-none-eabi/lib/thumb/v7-m/nofp/crt0.o (memset)
/opt/st/stm32cubeide_1.17.0/plugins/com.st.stm32cube.ide.mcu.externaltools.gnu-tools-for-stm32.12.3.rel1.linux64_1.1.0.202410170702/tools/bin/../lib/gcc/arm-none-eabi/12.3.1/../../../../arm-none-eabi/lib/thumb/v7-m/nofp/libc_nano.a(libc_a-closer.o)
                              /opt/st/stm32cubeide_1.17.0/plugins/com.st.stm32cube.ide.mcu.externaltools.gnu-tools-for-stm32.12.3.rel1.linux64_1.1.0.202410170702/tools/bin/../lib/gcc/arm-none-eabi/12.3.1/../../../../arm-none-eabi/lib/thumb/v7-m/nofp/libc_nano.a(libc_a-stdio.o) (_close_r)
/opt/st/stm32cubeide_1.17.0/plugins/com.st.stm32cube.ide.mcu.externaltools.gnu-tools-for-stm32.12.3.rel1.linux64_1.1.0.202410170702/tools/bin/../lib/gcc/arm-none-eabi/12.3.1/../../../../arm-none-eabi/lib/thumb/v7-m/nofp/libc_nano.a(libc_a-reent.o)
                              /opt/st/stm32cubeide_1.17.0/plugins/com.st.stm32cube.ide.mcu.externaltools.gnu-tools-for-stm32.12.3.rel1.linux64_1.1.0.202410170702/tools/bin/../lib/gcc/arm-none-eabi/12.3.1/../../../../arm-none-eabi/lib/thumb/v7-m/nofp/libc_nano.a(libc_a-closer.o) (errno)
/opt/st/stm32cubeide_1.17.0/plugins/com.st.stm32cube.ide.mcu.externaltools.gnu-tools-for-stm32.12.3.rel1.linux64_1.1.0.202410170702/tools/bin/../lib/gcc/arm-none-eabi/12.3.1/../../../../arm-none-eabi/lib/thumb/v7-m/nofp/libc_nano.a(libc_a-impure.o)
                              /opt/st/stm32cubeide_1.17.0/plugins/com.st.stm32cube.ide.mcu.externaltools.gnu-tools-for-stm32.12.3.rel1.linux64_1.1.0.202410170702/tools/bin/../lib/gcc/arm-none-eabi/12.3.1/../../../../arm-none-eabi/lib/thumb/v7-m/nofp/libc_nano.a(libc_a-reent.o) (_impure_ptr)
/opt/st/stm32cubeide_1.17.0/plugins/com.st.stm32cube.ide.mcu.externaltools.gnu-tools-for-stm32.12.3.rel1.linux64_1.1.0.202410170702/tools/bin/../lib/gcc/arm-none-eabi/12.3.1/../../../../arm-none-eabi/lib/thumb/v7-m/nofp/libc_nano.a(libc_a-lseekr.o)
                              /opt/st/stm32cubeide_1.17.0/plugins/com.st.stm32cube.ide.mcu.externaltools.gnu-tools-for-stm32.12.3.rel1.linux64_1.1.0.202410170702/tools/bin/../lib/gcc/arm-none-eabi/12.3.1/../../../../arm-none-eabi/lib/thumb/v7-m/nofp/libc_nano.a(libc_a-stdio.o) (_lseek_r)
[...]
Memory Configuration

Name             Origin             Length             Attributes
RAM              0x20000000         0x00005000         xrw
FLASH            0x08000000         0x00010000         xr
*default*        0x00000000         0xffffffff

Linker script and memory map

LOAD /opt/st/stm32cubeide_1.17.0/plugins/com.st.stm32cube.ide.mcu.externaltools.gnu-tools-for-stm32.12.3.rel1.linux64_1.1.0.202410170702/tools/bin/../lib/gcc/arm-none-eabi/12.3.1/thumb/v7-m/nofp/crti.o
LOAD /opt/st/stm32cubeide_1.17.0/plugins/com.st.stm32cube.ide.mcu.externaltools.gnu-tools-for-stm32.12.3.rel1.linux64_1.1.0.202410170702/tools/bin/../lib/gcc/arm-none-eabi/12.3.1/thumb/v7-m/nofp/crtbegin.o
LOAD /opt/st/stm32cubeide_1.17.0/plugins/com.st.stm32cube.ide.mcu.externaltools.gnu-tools-for-stm32.12.3.rel1.linux64_1.1.0.202410170702/tools/bin/../lib/gcc/arm-none-eabi/12.3.1/../../../../arm-none-eabi/lib/thumb/v7-m/nofp/crt0.o
START GROUP
LOAD /opt/st/stm32cubeide_1.17.0/plugins/com.st.stm32cube.ide.mcu.externaltools.gnu-tools-for-stm32.12.3.rel1.linux64_1.1.0.202410170702/tools/bin/../lib/gcc/arm-none-eabi/12.3.1/../../../../arm-none-eabi/lib/thumb/v7-m/nofp/libc_nano.a
LOAD /opt/st/stm32cubeide_1.17.0/plugins/com.st.stm32cube.ide.mcu.externaltools.gnu-tools-for-stm32.12.3.rel1.linux64_1.1.0.202410170702/tools/bin/../lib/gcc/arm-none-eabi/12.3.1/../../../../arm-none-eabi/lib/thumb/v7-m/nofp/libm.a
END GROUP
LOAD CMakeFiles/c8t6coreboard.dir/Core/Src/main.c.obj
LOAD CMakeFiles/c8t6coreboard.dir/Core/Src/stm32f1xx_it.c.obj
LOAD CMakeFiles/c8t6coreboard.dir/Core/Src/stm32f1xx_hal_msp.c.obj
LOAD CMakeFiles/c8t6coreboard.dir/USB_DEVICE/App/usb_device.c.obj
LOAD CMakeFiles/c8t6coreboard.dir/USB_DEVICE/App/usbd_desc.c.obj
LOAD CMakeFiles/c8t6coreboard.dir/USB_DEVICE/App/usbd_cdc_if.c.obj
LOAD CMakeFiles/c8t6coreboard.dir/USB_DEVICE/Target/usbd_conf.c.obj
LOAD CMakeFiles/c8t6coreboard.dir/Drivers/STM32F1xx_HAL_Driver/Src/stm32f1xx_hal_gpio_ex.c.obj
LOAD CMakeFiles/c8t6coreboard.dir/Drivers/STM32F1xx_HAL_Driver/Src/stm32f1xx_hal_pcd.c.obj
LOAD CMakeFiles/c8t6coreboard.dir/Drivers/STM32F1xx_HAL_Driver/Src/stm32f1xx_hal_pcd_ex.c.obj
LOAD CMakeFiles/c8t6coreboard.dir/Drivers/STM32F1xx_HAL_Driver/Src/stm32f1xx_ll_usb.c.obj
LOAD CMakeFiles/c8t6coreboard.dir/Drivers/STM32F1xx_HAL_Driver/Src/stm32f1xx_hal.c.obj
LOAD CMakeFiles/c8t6coreboard.dir/Drivers/STM32F1xx_HAL_Driver/Src/stm32f1xx_hal_rcc.c.obj
LOAD CMakeFiles/c8t6coreboard.dir/Drivers/STM32F1xx_HAL_Driver/Src/stm32f1xx_hal_rcc_ex.c.obj
LOAD CMakeFiles/c8t6coreboard.dir/Drivers/STM32F1xx_HAL_Driver/Src/stm32f1xx_hal_gpio.c.obj
LOAD CMakeFiles/c8t6coreboard.dir/Drivers/STM32F1xx_HAL_Driver/Src/stm32f1xx_hal_dma.c.obj
LOAD CMakeFiles/c8t6coreboard.dir/Drivers/STM32F1xx_HAL_Driver/Src/stm32f1xx_hal_cortex.c.obj
LOAD CMakeFiles/c8t6coreboard.dir/Drivers/STM32F1xx_HAL_Driver/Src/stm32f1xx_hal_pwr.c.obj
LOAD CMakeFiles/c8t6coreboard.dir/Drivers/STM32F1xx_HAL_Driver/Src/stm32f1xx_hal_flash.c.obj
LOAD CMakeFiles/c8t6coreboard.dir/Drivers/STM32F1xx_HAL_Driver/Src/stm32f1xx_hal_flash_ex.c.obj
LOAD CMakeFiles/c8t6coreboard.dir/Drivers/STM32F1xx_HAL_Driver/Src/stm32f1xx_hal_exti.c.obj
LOAD CMakeFiles/c8t6coreboard.dir/Drivers/STM32F1xx_HAL_Driver/Src/stm32f1xx_hal_i2c.c.obj
LOAD CMakeFiles/c8t6coreboard.dir/Core/Src/system_stm32f1xx.c.obj
LOAD CMakeFiles/c8t6coreboard.dir/Middlewares/ST/STM32_USB_Device_Library/Core/Src/usbd_core.c.obj
LOAD CMakeFiles/c8t6coreboard.dir/Middlewares/ST/STM32_USB_Device_Library/Core/Src/usbd_ctlreq.c.obj
LOAD CMakeFiles/c8t6coreboard.dir/Middlewares/ST/STM32_USB_Device_Library/Core/Src/usbd_ioreq.c.obj
LOAD CMakeFiles/c8t6coreboard.dir/Middlewares/ST/STM32_USB_Device_Library/Class/CDC/Src/usbd_cdc.c.obj
LOAD CMakeFiles/c8t6coreboard.dir/Core/Src/sysmem.c.obj
LOAD CMakeFiles/c8t6coreboard.dir/Core/Src/syscalls.c.obj
LOAD CMakeFiles/c8t6coreboard.dir/startup_stm32f103xb.s.obj
START GROUP
LOAD /opt/st/stm32cubeide_1.17.0/plugins/com.st.stm32cube.ide.mcu.externaltools.gnu-tools-for-stm32.12.3.rel1.linux64_1.1.0.202410170702/tools/bin/../lib/gcc/arm-none-eabi/12.3.1/thumb/v7-m/nofp/libgcc.a
LOAD /opt/st/stm32cubeide_1.17.0/plugins/com.st.stm32cube.ide.mcu.externaltools.gnu-tools-for-stm32.12.3.rel1.linux64_1.1.0.202410170702/tools/bin/../lib/gcc/arm-none-eabi/12.3.1/../../../../arm-none-eabi/lib/thumb/v7-m/nofp/libg_nano.a
LOAD /opt/st/stm32cubeide_1.17.0/plugins/com.st.stm32cube.ide.mcu.externaltools.gnu-tools-for-stm32.12.3.rel1.linux64_1.1.0.202410170702/tools/bin/../lib/gcc/arm-none-eabi/12.3.1/../../../../arm-none-eabi/lib/thumb/v7-m/nofp/libc_nano.a
END GROUP
START GROUP
LOAD /opt/st/stm32cubeide_1.17.0/plugins/com.st.stm32cube.ide.mcu.externaltools.gnu-tools-for-stm32.12.3.rel1.linux64_1.1.0.202410170702/tools/bin/../lib/gcc/arm-none-eabi/12.3.1/thumb/v7-m/nofp/libgcc.a
LOAD /opt/st/stm32cubeide_1.17.0/plugins/com.st.stm32cube.ide.mcu.externaltools.gnu-tools-for-stm32.12.3.rel1.linux64_1.1.0.202410170702/tools/bin/../lib/gcc/arm-none-eabi/12.3.1/../../../../arm-none-eabi/lib/thumb/v7-m/nofp/libc_nano.a
END GROUP
LOAD /opt/st/stm32cubeide_1.17.0/plugins/com.st.stm32cube.ide.mcu.externaltools.gnu-tools-for-stm32.12.3.rel1.linux64_1.1.0.202410170702/tools/bin/../lib/gcc/arm-none-eabi/12.3.1/thumb/v7-m/nofp/crtend.o
LOAD /opt/st/stm32cubeide_1.17.0/plugins/com.st.stm32cube.ide.mcu.externaltools.gnu-tools-for-stm32.12.3.rel1.linux64_1.1.0.202410170702/tools/bin/../lib/gcc/arm-none-eabi/12.3.1/thumb/v7-m/nofp/crtn.o
                0x20005000                        _estack = (ORIGIN (RAM) + LENGTH (RAM))
                0x00000200                        _Min_Heap_Size = 0x200
                0x00000400                        _Min_Stack_Size = 0x400

.isr_vector     0x08000000      0x10c
                0x08000000                        . = ALIGN (0x4)
 *(.isr_vector)
 .isr_vector    0x08000000      0x10c CMakeFiles/c8t6coreboard.dir/startup_stm32f103xb.s.obj
                0x08000000                g_pfnVectors
                0x0800010c                        . = ALIGN (0x4)

.text           0x08000110     0xa700
                0x08000110                        . = ALIGN (0x4)
 *(.text)
 .text          0x08000110       0x40 /opt/st/stm32cubeide_1.17.0/plugins/com.st.stm32cube.ide.mcu.externaltools.gnu-tools-for-stm32.12.3.rel1.linux64_1.1.0.202410170702/tools/bin/../lib/gcc/arm-none-eabi/12.3.1/thumb/v7-m/nofp/crtbegin.o
 .text          0x08000150      0x168 /opt/st/stm32cubeide_1.17.0/plugins/com.st.stm32cube.ide.mcu.externaltools.gnu-tools-for-stm32.12.3.rel1.linux64_1.1.0.202410170702/tools/bin/../lib/gcc/arm-none-eabi/12.3.1/thumb/v7-m/nofp/libgcc.a(_arm_mulsf3.o)
                0x08000150                __mulsf3
                0x08000150                __aeabi_fmul
 .text          0x080002b8      0x378 /opt/st/stm32cubeide_1.17.0/plugins/com.st.stm32cube.ide.mcu.externaltools.gnu-tools-for-stm32.12.3.rel1.linux64_1.1.0.202410170702/tools/bin/../lib/gcc/arm-none-eabi/12.3.1/thumb/v7-m/nofp/libgcc.a(_arm_addsubdf3.o)
                0x080002b8                __aeabi_drsub
                0x080002c0                __aeabi_dsub
                0x080002c0                __subdf3
                0x080002c4                __adddf3
                0x080002c4                __aeabi_dadd
                0x0800053c                __aeabi_ui2d
                0x0800053c                __floatunsidf
                0x0800055c                __floatsidf
                0x0800055c                __aeabi_i2d
                0x08000580                __extendsfdf2
                0x08000580                __aeabi_f2d
                0x080005c4                __aeabi_ul2d
                0x080005c4                __floatundidf
                0x080005d4                __floatdidf
                0x080005d4                __aeabi_l2d
 .text          0x08000630      0x424 /opt/st/stm32cubeide_1.17.0/plugins/com.st.stm32cube.ide.mcu.externaltools.gnu-tools-for-stm32.12.3.rel1.linux64_1.1.0.202410170702/tools/bin/../lib/gcc/arm-none-eabi/12.3.1/thumb/v7-m/nofp/libgcc.a(_arm_muldivdf3.o)
                0x08000630                __aeabi_dmul
                0x08000630                __muldf3
                0x08000884                __aeabi_ddiv
                0x08000884                __divdf3
 .text          0x08000a54       0x40 /opt/st/stm32cubeide_1.17.0/plugins/com.st.stm32cube.ide.mcu.externaltools.gnu-tools-for-stm32.12.3.rel1.linux64_1.1.0.202410170702/tools/bin/../lib/gcc/arm-none-eabi/12.3.1/thumb/v7-m/nofp/libgcc.a(_arm_fixunsdfsi.o)
                0x08000a54                __fixunsdfsi
                0x08000a54                __aeabi_d2uiz
 .text          0x08000a94       0xa0 /opt/st/stm32cubeide_1.17.0/plugins/com.st.stm32cube.ide.mcu.externaltools.gnu-tools-for-stm32.12.3.rel1.linux64_1.1.0.202410170702/tools/bin/../lib/gcc/arm-none-eabi/12.3.1/thumb/v7-m/nofp/libgcc.a(_arm_truncdfsf2.o)
                0x08000a94                __aeabi_d2f
                0x08000a94                __truncdfsf2
 .text          0x08000b34      0x21c /opt/st/stm32cubeide_1.17.0/plugins/com.st.stm32cube.ide.mcu.externaltools.gnu-tools-for-stm32.12.3.rel1.linux64_1.1.0.202410170702/tools/bin/../lib/gcc/arm-none-eabi/12.3.1/thumb/v7-m/nofp/libgcc.a(_arm_addsubsf3.o)
                0x08000b34                __aeabi_frsub
                0x08000b3c                __subsf3
                0x08000b3c                __aeabi_fsub
                0x08000b40                __aeabi_fadd
                0x08000b40                __addsf3
                0x08000ca0                __aeabi_ui2f
                0x08000ca0                __floatunsisf
                0x08000ca8                __aeabi_i2f
                0x08000ca8                __floatsisf
                0x08000cc4                __floatundisf
                0x08000cc4                __aeabi_ul2f
                0x08000cd4                __floatdisf
                0x08000cd4                __aeabi_l2f
 .text          0x08000d50       0x4c /opt/st/stm32cubeide_1.17.0/plugins/com.st.stm32cube.ide.mcu.externaltools.gnu-tools-for-stm32.12.3.rel1.linux64_1.1.0.202410170702/tools/bin/../lib/gcc/arm-none-eabi/12.3.1/thumb/v7-m/nofp/libgcc.a(_arm_fixsfsi.o)
                0x08000d50                __fixsfsi
                0x08000d50                __aeabi_f2iz
 *(.text*)
 .text.memset   0x08000d9c       0x10 /opt/st/stm32cubeide_1.17.0/plugins/com.st.stm32cube.ide.mcu.externaltools.gnu-tools-for-stm32.12.3.rel1.linux64_1.1.0.202410170702/tools/bin/../lib/gcc/arm-none-eabi/12.3.1/../../../../arm-none-eabi/lib/thumb/v7-m/nofp/libc_nano.a(libc_a-memset.o)
                0x08000d9c                memset
 .text.__libc_init_array
                0x08000dac       0x48 /opt/st/stm32cubeide_1.17.0/plugins/com.st.stm32cube.ide.mcu.externaltools.gnu-tools-for-stm32.12.3.rel1.linux64_1.1.0.202410170702/tools/bin/../lib/gcc/arm-none-eabi/12.3.1/../../../../arm-none-eabi/lib/thumb/v7-m/nofp/libc_nano.a(libc_a-init.o)
                0x08000dac                __libc_init_array
 .text.__retarget_lock_acquire_recursive
                0x08000df4        0x2 /opt/st/stm32cubeide_1.17.0/plugins/com.st.stm32cube.ide.mcu.externaltools.gnu-tools-for-stm32.12.3.rel1.linux64_1.1.0.202410170702/tools/bin/../lib/gcc/arm-none-eabi/12.3.1/../../../../arm-none-eabi/lib/thumb/v7-m/nofp/libc_nano.a(libc_a-lock.o)
                0x08000df4                __retarget_lock_acquire_recursive
 .text.__retarget_lock_release_recursive
                0x08000df6        0x2 /opt/st/stm32cubeide_1.17.0/plugins/com.st.stm32cube.ide.mcu.externaltools.gnu-tools-for-stm32.12.3.rel1.linux64_1.1.0.202410170702/tools/bin/../lib/gcc/arm-none-eabi/12.3.1/../../../../arm-none-eabi/lib/thumb/v7-m/nofp/libc_nano.a(libc_a-lock.o)
                0x08000df6                __retarget_lock_release_recursive
 .text._free_r  0x08000df8       0x90 /opt/st/stm32cubeide_1.17.0/plugins/com.st.stm32cube.ide.mcu.externaltools.gnu-tools-for-stm32.12.3.rel1.linux64_1.1.0.202410170702/tools/bin/../lib/gcc/arm-none-eabi/12.3.1/../../../../arm-none-eabi/lib/thumb/v7-m/nofp/libc_nano.a(libc_a-freer.o)
                0x08000df8                _free_r
 .text.sbrk_aligned
                0x08000e88       0x44 /opt/st/stm32cubeide_1.17.0/plugins/com.st.stm32cube.ide.mcu.externaltools.gnu-tools-for-stm32.12.3.rel1.linux64_1.1.0.202410170702/tools/bin/../lib/gcc/arm-none-eabi/12.3.1/../../../../arm-none-eabi/lib/thumb/v7-m/nofp/libc_nano.a(libc_a-mallocr.o)
 .text._malloc_r
                0x08000ecc      0x100 /opt/st/stm32cubeide_1.17.0/plugins/com.st.stm32cube.ide.mcu.externaltools.gnu-tools-for-stm32.12.3.rel1.linux64_1.1.0.202410170702/tools/bin/../lib/gcc/arm-none-eabi/12.3.1/../../../../arm-none-eabi/lib/thumb/v7-m/nofp/libc_nano.a(libc_a-mallocr.o)
                0x08000ecc                _malloc_r
 .text.__malloc_lock
                0x08000fcc        0xc /opt/st/stm32cubeide_1.17.0/plugins/com.st.stm32cube.ide.mcu.externaltools.gnu-tools-for-stm32.12.3.rel1.linux64_1.1.0.202410170702/tools/bin/../lib/gcc/arm-none-eabi/12.3.1/../../../../arm-none-eabi/lib/thumb/v7-m/nofp/libc_nano.a(libc_a-mlock.o)
                0x08000fcc                __malloc_lock
 .text.__malloc_unlock
                0x08000fd8        0xc /opt/st/stm32cubeide_1.17.0/plugins/com.st.stm32cube.ide.mcu.externaltools.gnu-tools-for-stm32.12.3.rel1.linux64_1.1.0.202410170702/tools/bin/../lib/gcc/arm-none-eabi/12.3.1/../../../../arm-none-eabi/lib/thumb/v7-m/nofp/libc_nano.a(libc_a-mlock.o)
                0x08000fd8                __malloc_unlock
 .text._sbrk_r  0x08000fe4       0x20 /opt/st/stm32cubeide_1.17.0/plugins/com.st.stm32cube.ide.mcu.externaltools.gnu-tools-for-stm32.12.3.rel1.linux64_1.1.0.202410170702/tools/bin/../lib/gcc/arm-none-eabi/12.3.1/../../../../arm-none-eabi/lib/thumb/v7-m/nofp/libc_nano.a(libc_a-sbrkr.o)
                0x08000fe4                _sbrk_r
 *fill*         0x08001004        0x4 
 .text.AHT20_Read
                0x08001008      0x160 CMakeFiles/c8t6coreboard.dir/Core/Src/main.c.obj
                0x08001008                AHT20_Read
 .text.main     0x08001168      0x2dc CMakeFiles/c8t6coreboard.dir/Core/Src/main.c.obj
                0x08001168                main
 .text.SystemClock_Config
                0x08001444       0xb4 CMakeFiles/c8t6coreboard.dir/Core/Src/main.c.obj
                0x08001444                SystemClock_Config
 .text.MX_I2C1_Init
                0x080014f8       0x5c CMakeFiles/c8t6coreboard.dir/Core/Src/main.c.obj
 .text.MX_GPIO_Init
                0x08001554       0xb0 CMakeFiles/c8t6coreboard.dir/Core/Src/main.c.obj
 .text.Error_Handler
                0x08001604        0xc CMakeFiles/c8t6coreboard.dir/Core/Src/main.c.obj
                0x08001604                Error_Handler
 .text.NMI_Handler
                0x08001610        0x8 CMakeFiles/c8t6coreboard.dir/Core/Src/stm32f1xx_it.c.obj
                0x08001610                NMI_Handler
 .text.HardFault_Handler
                0x08001618        0x8 CMakeFiles/c8t6coreboard.dir/Core/Src/stm32f1xx_it.c.obj
                0x08001618                HardFault_Handler
 .text.MemManage_Handler
                0x08001620        0x8 CMakeFiles/c8t6coreboard.dir/Core/Src/stm32f1xx_it.c.obj
                0x08001620                MemManage_Handler
 .text.BusFault_Handler
                0x08001628        0x8 CMakeFiles/c8t6coreboard.dir/Core/Src/stm32f1xx_it.c.obj
                0x08001628                BusFault_Handler
 .text.UsageFault_Handler
                0x08001630        0x8 CMakeFiles/c8t6coreboard.dir/Core/Src/stm32f1xx_it.c.obj
                0x08001630                UsageFault_Handler
 .text.SVC_Handler
                0x08001638        0xc CMakeFiles/c8t6coreboard.dir/Core/Src/stm32f1xx_it.c.obj
                0x08001638                SVC_Handler
 .text.DebugMon_Handler
                0x08001644        0xc CMakeFiles/c8t6coreboard.dir/Core/Src/stm32f1xx_it.c.obj
                0x08001644                DebugMon_Handler
 .text.PendSV_Handler
                0x08001650        0xc CMakeFiles/c8t6coreboard.dir/Core/Src/stm32f1xx_it.c.obj
                0x08001650                PendSV_Handler
 .text.SysTick_Handler
                0x0800165c        0xc CMakeFiles/c8t6coreboard.dir/Core/Src/stm32f1xx_it.c.obj
                0x0800165c                SysTick_Handler
 .text.USB_LP_CAN1_RX0_IRQHandler
                0x08001668       0x14 CMakeFiles/c8t6coreboard.dir/Core/Src/stm32f1xx_it.c.obj
                0x08001668                USB_LP_CAN1_RX0_IRQHandler
 .text.HAL_MspInit
                0x0800167c       0x64 CMakeFiles/c8t6coreboard.dir/Core/Src/stm32f1xx_hal_msp.c.obj
                0x0800167c                HAL_MspInit
 .text.HAL_I2C_MspInit
                0x080016e0       0x7c CMakeFiles/c8t6coreboard.dir/Core/Src/stm32f1xx_hal_msp.c.obj
                0x080016e0                HAL_I2C_MspInit
 .text.MX_USB_DEVICE_Init
                0x0800175c       0x60 CMakeFiles/c8t6coreboard.dir/USB_DEVICE/App/usb_device.c.obj
                0x0800175c                MX_USB_DEVICE_Init
 .text.USBD_FS_DeviceDescriptor
                0x080017bc       0x24 CMakeFiles/c8t6coreboard.dir/USB_DEVICE/App/usbd_desc.c.obj
                0x080017bc                USBD_FS_DeviceDescriptor
 .text.USBD_FS_LangIDStrDescriptor
                0x080017e0       0x24 CMakeFiles/c8t6coreboard.dir/USB_DEVICE/App/usbd_desc.c.obj
                0x080017e0                USBD_FS_LangIDStrDescriptor
 .text.USBD_FS_ProductStrDescriptor
                0x08001804       0x3c CMakeFiles/c8t6coreboard.dir/USB_DEVICE/App/usbd_desc.c.obj
                0x08001804                USBD_FS_ProductStrDescriptor
 .text.USBD_FS_ManufacturerStrDescriptor
                0x08001840       0x28 CMakeFiles/c8t6coreboard.dir/USB_DEVICE/App/usbd_desc.c.obj
                0x08001840                USBD_FS_ManufacturerStrDescriptor
 .text.USBD_FS_SerialStrDescriptor
                0x08001868       0x24 CMakeFiles/c8t6coreboard.dir/USB_DEVICE/App/usbd_desc.c.obj
                0x08001868                USBD_FS_SerialStrDescriptor
 .text.USBD_FS_ConfigStrDescriptor
                0x0800188c       0x3c CMakeFiles/c8t6coreboard.dir/USB_DEVICE/App/usbd_desc.c.obj
                0x0800188c                USBD_FS_ConfigStrDescriptor
 .text.USBD_FS_InterfaceStrDescriptor
                0x080018c8       0x3c CMakeFiles/c8t6coreboard.dir/USB_DEVICE/App/usbd_desc.c.obj
                0x080018c8                USBD_FS_InterfaceStrDescriptor
 .text.Get_SerialNum
                0x08001904       0x58 CMakeFiles/c8t6coreboard.dir/USB_DEVICE/App/usbd_desc.c.obj
 .text.IntToUnicode
                0x0800195c       0x7c CMakeFiles/c8t6coreboard.dir/USB_DEVICE/App/usbd_desc.c.obj
 .text.CDC_Init_FS
                0x080019d8       0x28 CMakeFiles/c8t6coreboard.dir/USB_DEVICE/App/usbd_cdc_if.c.obj
 .text.CDC_DeInit_FS
                0x08001a00        0xe CMakeFiles/c8t6coreboard.dir/USB_DEVICE/App/usbd_cdc_if.c.obj
 *fill*         0x08001a0e        0x2 
 .text.CDC_Control_FS
                0x08001a10       0xbc CMakeFiles/c8t6coreboard.dir/USB_DEVICE/App/usbd_cdc_if.c.obj
 .text.CDC_Receive_FS
                0x08001acc       0x28 CMakeFiles/c8t6coreboard.dir/USB_DEVICE/App/usbd_cdc_if.c.obj
 .text.CDC_Transmit_FS
                0x08001af4       0x4c CMakeFiles/c8t6coreboard.dir/USB_DEVICE/App/usbd_cdc_if.c.obj
                0x08001af4                CDC_Transmit_FS
 .text.HAL_PCD_MspInit
                0x08001b40       0x4c CMakeFiles/c8t6coreboard.dir/USB_DEVICE/Target/usbd_conf.c.obj
                0x08001b40                HAL_PCD_MspInit
 .text.HAL_PCD_SetupStageCallback
                0x08001b8c       0x24 CMakeFiles/c8t6coreboard.dir/USB_DEVICE/Target/usbd_conf.c.obj
                0x08001b8c                HAL_PCD_SetupStageCallback
 .text.HAL_PCD_DataOutStageCallback
                0x08001bb0       0x36 CMakeFiles/c8t6coreboard.dir/USB_DEVICE/Target/usbd_conf.c.obj
                0x08001bb0                HAL_PCD_DataOutStageCallback
 .text.HAL_PCD_DataInStageCallback
                0x08001be6       0x34 CMakeFiles/c8t6coreboard.dir/USB_DEVICE/Target/usbd_conf.c.obj
                0x08001be6                HAL_PCD_DataInStageCallback
 .text.HAL_PCD_SOFCallback
                0x08001c1a       0x1c CMakeFiles/c8t6coreboard.dir/USB_DEVICE/Target/usbd_conf.c.obj
                0x08001c1a                HAL_PCD_SOFCallback
 .text.HAL_PCD_ResetCallback
                0x08001c36       0x3c CMakeFiles/c8t6coreboard.dir/USB_DEVICE/Target/usbd_conf.c.obj
                0x08001c36                HAL_PCD_ResetCallback
 *fill*         0x08001c72        0x2 
 .text.HAL_PCD_SuspendCallback
                0x08001c74       0x34 CMakeFiles/c8t6coreboard.dir/USB_DEVICE/Target/usbd_conf.c.obj
                0x08001c74                HAL_PCD_SuspendCallback
 .text.HAL_PCD_ResumeCallback
                0x08001ca8       0x1c CMakeFiles/c8t6coreboard.dir/USB_DEVICE/Target/usbd_conf.c.obj
                0x08001ca8                HAL_PCD_ResumeCallback
 .text.USBD_LL_Init
                0x08001cc4       0xb4 CMakeFiles/c8t6coreboard.dir/USB_DEVICE/Target/usbd_conf.c.obj
                0x08001cc4                USBD_LL_Init
 .text.USBD_LL_Start
                0x08001d78       0x36 CMakeFiles/c8t6coreboard.dir/USB_DEVICE/Target/usbd_conf.c.obj
                0x08001d78                USBD_LL_Start
 .text.USBD_LL_OpenEP
                0x08001dae       0x4c CMakeFiles/c8t6coreboard.dir/USB_DEVICE/Target/usbd_conf.c.obj
                0x08001dae                USBD_LL_OpenEP
 .text.USBD_LL_CloseEP
                0x08001dfa       0x3e CMakeFiles/c8t6coreboard.dir/USB_DEVICE/Target/usbd_conf.c.obj
                0x08001dfa                USBD_LL_CloseEP
 .text.USBD_LL_StallEP
                0x08001e38       0x3e CMakeFiles/c8t6coreboard.dir/USB_DEVICE/Target/usbd_conf.c.obj
                0x08001e38                USBD_LL_StallEP
 .text.USBD_LL_ClearStallEP
                0x08001e76       0x3e CMakeFiles/c8t6coreboard.dir/USB_DEVICE/Target/usbd_conf.c.obj
                0x08001e76                USBD_LL_ClearStallEP
 .text.USBD_LL_IsStallEP
                0x08001eb4       0x56 CMakeFiles/c8t6coreboard.dir/USB_DEVICE/Target/usbd_conf.c.obj
                0x08001eb4                USBD_LL_IsStallEP
 .text.USBD_LL_SetUSBAddress
                0x08001f0a       0x3e CMakeFiles/c8t6coreboard.dir/USB_DEVICE/Target/usbd_conf.c.obj
                0x08001f0a                USBD_LL_SetUSBAddress
 .text.USBD_LL_Transmit
                0x08001f48       0x46 CMakeFiles/c8t6coreboard.dir/USB_DEVICE/Target/usbd_conf.c.obj
                0x08001f48                USBD_LL_Transmit
 .text.USBD_LL_PrepareReceive
                0x08001f8e       0x46 CMakeFiles/c8t6coreboard.dir/USB_DEVICE/Target/usbd_conf.c.obj
                0x08001f8e                USBD_LL_PrepareReceive
 .text.USBD_LL_GetRxDataSize
                0x08001fd4       0x26 CMakeFiles/c8t6coreboard.dir/USB_DEVICE/Target/usbd_conf.c.obj
                0x08001fd4                USBD_LL_GetRxDataSize
 *fill*         0x08001ffa        0x2 
 .text.USBD_static_malloc
                0x08001ffc       0x18 CMakeFiles/c8t6coreboard.dir/USB_DEVICE/Target/usbd_conf.c.obj
                0x08001ffc                USBD_static_malloc
 .text.USBD_static_free
                0x08002014       0x12 CMakeFiles/c8t6coreboard.dir/USB_DEVICE/Target/usbd_conf.c.obj
                0x08002014                USBD_static_free
 .text.HAL_PCDEx_SetConnectionState
                0x08002026       0x16 CMakeFiles/c8t6coreboard.dir/USB_DEVICE/Target/usbd_conf.c.obj
                0x08002026                HAL_PCDEx_SetConnectionState
 .text.USBD_Get_USB_Status
                0x0800203c       0x58 CMakeFiles/c8t6coreboard.dir/USB_DEVICE/Target/usbd_conf.c.obj
 .text.HAL_PCD_Init
                0x08002094      0x1ec CMakeFiles/c8t6coreboard.dir/Drivers/STM32F1xx_HAL_Driver/Src/stm32f1xx_hal_pcd.c.obj
                0x08002094                HAL_PCD_Init
 .text.HAL_PCD_Start
                0x08002280       0x4c CMakeFiles/c8t6coreboard.dir/Drivers/STM32F1xx_HAL_Driver/Src/stm32f1xx_hal_pcd.c.obj
                0x08002280                HAL_PCD_Start
 .text.HAL_PCD_IRQHandler
                0x080022cc      0x260 CMakeFiles/c8t6coreboard.dir/Drivers/STM32F1xx_HAL_Driver/Src/stm32f1xx_hal_pcd.c.obj
                0x080022cc                HAL_PCD_IRQHandler
 .text.HAL_PCD_SetAddress
                0x0800252c       0x48 CMakeFiles/c8t6coreboard.dir/Drivers/STM32F1xx_HAL_Driver/Src/stm32f1xx_hal_pcd.c.obj
                0x0800252c                HAL_PCD_SetAddress
 .text.HAL_PCD_EP_Open
                0x08002574       0xba CMakeFiles/c8t6coreboard.dir/Drivers/STM32F1xx_HAL_Driver/Src/stm32f1xx_hal_pcd.c.obj
                0x08002574                HAL_PCD_EP_Open
 .text.HAL_PCD_EP_Close
                0x0800262e       0x90 CMakeFiles/c8t6coreboard.dir/Drivers/STM32F1xx_HAL_Driver/Src/stm32f1xx_hal_pcd.c.obj
                0x0800262e                HAL_PCD_EP_Close
 .text.HAL_PCD_EP_Receive
                0x080026be       0x62 CMakeFiles/c8t6coreboard.dir/Drivers/STM32F1xx_HAL_Driver/Src/stm32f1xx_hal_pcd.c.obj
                0x080026be                HAL_PCD_EP_Receive
 .text.HAL_PCD_EP_GetRxCount
                0x08002720       0x2e CMakeFiles/c8t6coreboard.dir/Drivers/STM32F1xx_HAL_Driver/Src/stm32f1xx_hal_pcd.c.obj
                0x08002720                HAL_PCD_EP_GetRxCount
 .text.HAL_PCD_EP_Transmit
                0x0800274e       0x6e CMakeFiles/c8t6coreboard.dir/Drivers/STM32F1xx_HAL_Driver/Src/stm32f1xx_hal_pcd.c.obj
                0x0800274e                HAL_PCD_EP_Transmit
 .text.HAL_PCD_EP_SetStall
                0x080027bc       0xc0 CMakeFiles/c8t6coreboard.dir/Drivers/STM32F1xx_HAL_Driver/Src/stm32f1xx_hal_pcd.c.obj
                0x080027bc                HAL_PCD_EP_SetStall
 .text.HAL_PCD_EP_ClrStall
                0x0800287c       0xa8 CMakeFiles/c8t6coreboard.dir/Drivers/STM32F1xx_HAL_Driver/Src/stm32f1xx_hal_pcd.c.obj
                0x0800287c                HAL_PCD_EP_ClrStall
 .text.PCD_EP_ISR_Handler
                0x08002924      0x79e CMakeFiles/c8t6coreboard.dir/Drivers/STM32F1xx_HAL_Driver/Src/stm32f1xx_hal_pcd.c.obj
 .text.HAL_PCD_EP_DB_Receive
                0x080030c2      0x21a CMakeFiles/c8t6coreboard.dir/Drivers/STM32F1xx_HAL_Driver/Src/stm32f1xx_hal_pcd.c.obj
 .text.HAL_PCD_EP_DB_Transmit
                0x080032dc      0x7f4 CMakeFiles/c8t6coreboard.dir/Drivers/STM32F1xx_HAL_Driver/Src/stm32f1xx_hal_pcd.c.obj
 .text.HAL_PCDEx_PMAConfig
                0x08003ad0       0x84 CMakeFiles/c8t6coreboard.dir/Drivers/STM32F1xx_HAL_Driver/Src/stm32f1xx_hal_pcd_ex.c.obj
                0x08003ad0                HAL_PCDEx_PMAConfig
 .text.USB_CoreInit
                0x08003b54       0x1a CMakeFiles/c8t6coreboard.dir/Drivers/STM32F1xx_HAL_Driver/Src/stm32f1xx_ll_usb.c.obj
                0x08003b54                USB_CoreInit
 .text.USB_EnableGlobalInt
                0x08003b6e       0x2c CMakeFiles/c8t6coreboard.dir/Drivers/STM32F1xx_HAL_Driver/Src/stm32f1xx_ll_usb.c.obj
                0x08003b6e                USB_EnableGlobalInt
 .text.USB_DisableGlobalInt
                0x08003b9a       0x34 CMakeFiles/c8t6coreboard.dir/Drivers/STM32F1xx_HAL_Driver/Src/stm32f1xx_ll_usb.c.obj
                0x08003b9a                USB_DisableGlobalInt
 .text.USB_SetCurrentMode
                0x08003bce       0x18 CMakeFiles/c8t6coreboard.dir/Drivers/STM32F1xx_HAL_Driver/Src/stm32f1xx_ll_usb.c.obj
                0x08003bce                USB_SetCurrentMode
 .text.USB_DevInit
                0x08003be6       0x3a CMakeFiles/c8t6coreboard.dir/Drivers/STM32F1xx_HAL_Driver/Src/stm32f1xx_ll_usb.c.obj
                0x08003be6                USB_DevInit
 .text.USB_ActivateEndpoint
                0x08003c20      0x780 CMakeFiles/c8t6coreboard.dir/Drivers/STM32F1xx_HAL_Driver/Src/stm32f1xx_ll_usb.c.obj
                0x08003c20                USB_ActivateEndpoint
 .text.USB_DeactivateEndpoint
                0x080043a0      0x3d8 CMakeFiles/c8t6coreboard.dir/Drivers/STM32F1xx_HAL_Driver/Src/stm32f1xx_ll_usb.c.obj
                0x080043a0                USB_DeactivateEndpoint
 .text.USB_EPStartXfer
                0x08004778     0x1762 CMakeFiles/c8t6coreboard.dir/Drivers/STM32F1xx_HAL_Driver/Src/stm32f1xx_ll_usb.c.obj
                0x08004778                USB_EPStartXfer
 .text.USB_EPSetStall
                0x08005eda       0xa0 CMakeFiles/c8t6coreboard.dir/Drivers/STM32F1xx_HAL_Driver/Src/stm32f1xx_ll_usb.c.obj
                0x08005eda                USB_EPSetStall
 .text.USB_EPClearStall
                0x08005f7a      0x15a CMakeFiles/c8t6coreboard.dir/Drivers/STM32F1xx_HAL_Driver/Src/stm32f1xx_ll_usb.c.obj
                0x08005f7a                USB_EPClearStall
 .text.USB_SetDevAddress
                0x080060d4       0x26 CMakeFiles/c8t6coreboard.dir/Drivers/STM32F1xx_HAL_Driver/Src/stm32f1xx_ll_usb.c.obj
                0x080060d4                USB_SetDevAddress
 .text.USB_DevConnect
                0x080060fa       0x14 CMakeFiles/c8t6coreboard.dir/Drivers/STM32F1xx_HAL_Driver/Src/stm32f1xx_ll_usb.c.obj
                0x080060fa                USB_DevConnect
 .text.USB_DevDisconnect
                0x0800610e       0x14 CMakeFiles/c8t6coreboard.dir/Drivers/STM32F1xx_HAL_Driver/Src/stm32f1xx_ll_usb.c.obj
                0x0800610e                USB_DevDisconnect
 .text.USB_ReadInterrupts
                0x08006122       0x1e CMakeFiles/c8t6coreboard.dir/Drivers/STM32F1xx_HAL_Driver/Src/stm32f1xx_ll_usb.c.obj
                0x08006122                USB_ReadInterrupts
 .text.USB_EP0_OutStart
                0x08006140       0x16 CMakeFiles/c8t6coreboard.dir/Drivers/STM32F1xx_HAL_Driver/Src/stm32f1xx_ll_usb.c.obj
                0x08006140                USB_EP0_OutStart
 .text.USB_WritePMA
                0x08006156       0x8a CMakeFiles/c8t6coreboard.dir/Drivers/STM32F1xx_HAL_Driver/Src/stm32f1xx_ll_usb.c.obj
                0x08006156                USB_WritePMA
 .text.USB_ReadPMA
                0x080061e0       0x9e CMakeFiles/c8t6coreboard.dir/Drivers/STM32F1xx_HAL_Driver/Src/stm32f1xx_ll_usb.c.obj
                0x080061e0                USB_ReadPMA
 *fill*         0x0800627e        0x2 
 .text.HAL_Init
                0x08006280       0x2c CMakeFiles/c8t6coreboard.dir/Drivers/STM32F1xx_HAL_Driver/Src/stm32f1xx_hal.c.obj
                0x08006280                HAL_Init
 .text.HAL_InitTick
                0x080062ac       0x60 CMakeFiles/c8t6coreboard.dir/Drivers/STM32F1xx_HAL_Driver/Src/stm32f1xx_hal.c.obj
                0x080062ac                HAL_InitTick
 .text.HAL_IncTick
                0x0800630c       0x24 CMakeFiles/c8t6coreboard.dir/Drivers/STM32F1xx_HAL_Driver/Src/stm32f1xx_hal.c.obj
                0x0800630c                HAL_IncTick
 .text.HAL_GetTick
                0x08006330       0x14 CMakeFiles/c8t6coreboard.dir/Drivers/STM32F1xx_HAL_Driver/Src/stm32f1xx_hal.c.obj
                0x08006330                HAL_GetTick
 .text.HAL_Delay
                0x08006344       0x48 CMakeFiles/c8t6coreboard.dir/Drivers/STM32F1xx_HAL_Driver/Src/stm32f1xx_hal.c.obj
                0x08006344                HAL_Delay
 .text.HAL_RCC_OscConfig
                0x0800638c      0x504 CMakeFiles/c8t6coreboard.dir/Drivers/STM32F1xx_HAL_Driver/Src/stm32f1xx_hal_rcc.c.obj
                0x0800638c                HAL_RCC_OscConfig
 .text.HAL_RCC_ClockConfig
                0x08006890      0x1d4 CMakeFiles/c8t6coreboard.dir/Drivers/STM32F1xx_HAL_Driver/Src/stm32f1xx_hal_rcc.c.obj
                0x08006890                HAL_RCC_ClockConfig
 .text.HAL_RCC_GetSysClockFreq
                0x08006a64       0xa8 CMakeFiles/c8t6coreboard.dir/Drivers/STM32F1xx_HAL_Driver/Src/stm32f1xx_hal_rcc.c.obj
                0x08006a64                HAL_RCC_GetSysClockFreq
 .text.HAL_RCC_GetHCLKFreq
                0x08006b0c       0x14 CMakeFiles/c8t6coreboard.dir/Drivers/STM32F1xx_HAL_Driver/Src/stm32f1xx_hal_rcc.c.obj
                0x08006b0c                HAL_RCC_GetHCLKFreq
 .text.HAL_RCC_GetPCLK1Freq
                0x08006b20       0x28 CMakeFiles/c8t6coreboard.dir/Drivers/STM32F1xx_HAL_Driver/Src/stm32f1xx_hal_rcc.c.obj
                0x08006b20                HAL_RCC_GetPCLK1Freq
 .text.RCC_Delay
                0x08006b48       0x3c CMakeFiles/c8t6coreboard.dir/Drivers/STM32F1xx_HAL_Driver/Src/stm32f1xx_hal_rcc.c.obj
 .text.HAL_RCCEx_PeriphCLKConfig
                0x08006b84      0x16c CMakeFiles/c8t6coreboard.dir/Drivers/STM32F1xx_HAL_Driver/Src/stm32f1xx_hal_rcc_ex.c.obj
                0x08006b84                HAL_RCCEx_PeriphCLKConfig
 .text.HAL_GPIO_Init
                0x08006cf0      0x308 CMakeFiles/c8t6coreboard.dir/Drivers/STM32F1xx_HAL_Driver/Src/stm32f1xx_hal_gpio.c.obj
                0x08006cf0                HAL_GPIO_Init
 .text.HAL_GPIO_WritePin
                0x08006ff8       0x30 CMakeFiles/c8t6coreboard.dir/Drivers/STM32F1xx_HAL_Driver/Src/stm32f1xx_hal_gpio.c.obj
                0x08006ff8                HAL_GPIO_WritePin
 .text.__NVIC_SetPriorityGrouping
                0x08007028       0x48 CMakeFiles/c8t6coreboard.dir/Drivers/STM32F1xx_HAL_Driver/Src/stm32f1xx_hal_cortex.c.obj
 .text.__NVIC_GetPriorityGrouping
                0x08007070       0x1c CMakeFiles/c8t6coreboard.dir/Drivers/STM32F1xx_HAL_Driver/Src/stm32f1xx_hal_cortex.c.obj
 .text.__NVIC_EnableIRQ
                0x0800708c       0x38 CMakeFiles/c8t6coreboard.dir/Drivers/STM32F1xx_HAL_Driver/Src/stm32f1xx_hal_cortex.c.obj
 .text.__NVIC_SetPriority
                0x080070c4       0x54 CMakeFiles/c8t6coreboard.dir/Drivers/STM32F1xx_HAL_Driver/Src/stm32f1xx_hal_cortex.c.obj
 .text.NVIC_EncodePriority
                0x08007118       0x64 CMakeFiles/c8t6coreboard.dir/Drivers/STM32F1xx_HAL_Driver/Src/stm32f1xx_hal_cortex.c.obj
 .text.SysTick_Config
                0x0800717c       0x44 CMakeFiles/c8t6coreboard.dir/Drivers/STM32F1xx_HAL_Driver/Src/stm32f1xx_hal_cortex.c.obj
 .text.HAL_NVIC_SetPriorityGrouping
                0x080071c0       0x16 CMakeFiles/c8t6coreboard.dir/Drivers/STM32F1xx_HAL_Driver/Src/stm32f1xx_hal_cortex.c.obj
                0x080071c0                HAL_NVIC_SetPriorityGrouping
 .text.HAL_NVIC_SetPriority
                0x080071d6       0x38 CMakeFiles/c8t6coreboard.dir/Drivers/STM32F1xx_HAL_Driver/Src/stm32f1xx_hal_cortex.c.obj
                0x080071d6                HAL_NVIC_SetPriority
 .text.HAL_NVIC_EnableIRQ
                0x0800720e       0x1c CMakeFiles/c8t6coreboard.dir/Drivers/STM32F1xx_HAL_Driver/Src/stm32f1xx_hal_cortex.c.obj
                0x0800720e                HAL_NVIC_EnableIRQ
 .text.HAL_SYSTICK_Config
                0x0800722a       0x18 CMakeFiles/c8t6coreboard.dir/Drivers/STM32F1xx_HAL_Driver/Src/stm32f1xx_hal_cortex.c.obj
                0x0800722a                HAL_SYSTICK_Config
 *fill*         0x08007242        0x2 
 .text.HAL_I2C_Init
                0x08007244      0x288 CMakeFiles/c8t6coreboard.dir/Drivers/STM32F1xx_HAL_Driver/Src/stm32f1xx_hal_i2c.c.obj
                0x08007244                HAL_I2C_Init
 .text.HAL_I2C_Master_Transmit
                0x080074cc      0x1fc CMakeFiles/c8t6coreboard.dir/Drivers/STM32F1xx_HAL_Driver/Src/stm32f1xx_hal_i2c.c.obj
                0x080074cc                HAL_I2C_Master_Transmit
 .text.HAL_I2C_Master_Receive
                0x080076c8      0x4d8 CMakeFiles/c8t6coreboard.dir/Drivers/STM32F1xx_HAL_Driver/Src/stm32f1xx_hal_i2c.c.obj
                0x080076c8                HAL_I2C_Master_Receive
 .text.HAL_I2C_Mem_Read
                0x08007ba0      0x4e8 CMakeFiles/c8t6coreboard.dir/Drivers/STM32F1xx_HAL_Driver/Src/stm32f1xx_hal_i2c.c.obj
                0x08007ba0                HAL_I2C_Mem_Read
 .text.I2C_MasterRequestWrite
                0x08008088      0x104 CMakeFiles/c8t6coreboard.dir/Drivers/STM32F1xx_HAL_Driver/Src/stm32f1xx_hal_i2c.c.obj
 .text.I2C_MasterRequestRead
                0x0800818c      0x19c CMakeFiles/c8t6coreboard.dir/Drivers/STM32F1xx_HAL_Driver/Src/stm32f1xx_hal_i2c.c.obj
 .text.I2C_RequestMemoryRead
                0x08008328      0x1d0 CMakeFiles/c8t6coreboard.dir/Drivers/STM32F1xx_HAL_Driver/Src/stm32f1xx_hal_i2c.c.obj
 .text.I2C_WaitOnFlagUntilTimeout
                0x080084f8       0xf4 CMakeFiles/c8t6coreboard.dir/Drivers/STM32F1xx_HAL_Driver/Src/stm32f1xx_hal_i2c.c.obj
 .text.I2C_WaitOnMasterAddressFlagUntilTimeout
                0x080085ec      0x140 CMakeFiles/c8t6coreboard.dir/Drivers/STM32F1xx_HAL_Driver/Src/stm32f1xx_hal_i2c.c.obj
 .text.I2C_WaitOnTXEFlagUntilTimeout
                0x0800872c       0x90 CMakeFiles/c8t6coreboard.dir/Drivers/STM32F1xx_HAL_Driver/Src/stm32f1xx_hal_i2c.c.obj
 .text.I2C_WaitOnBTFFlagUntilTimeout
                0x080087bc       0x90 CMakeFiles/c8t6coreboard.dir/Drivers/STM32F1xx_HAL_Driver/Src/stm32f1xx_hal_i2c.c.obj
 .text.I2C_WaitOnRXNEFlagUntilTimeout
                0x0800884c       0xba CMakeFiles/c8t6coreboard.dir/Drivers/STM32F1xx_HAL_Driver/Src/stm32f1xx_hal_i2c.c.obj
 .text.I2C_IsAcknowledgeFailed
                0x08008906       0x5c CMakeFiles/c8t6coreboard.dir/Drivers/STM32F1xx_HAL_Driver/Src/stm32f1xx_hal_i2c.c.obj
 .text.SystemInit
                0x08008962        0xc CMakeFiles/c8t6coreboard.dir/Core/Src/system_stm32f1xx.c.obj
                0x08008962                SystemInit
 .text.USBD_Init
                0x0800896e       0x56 CMakeFiles/c8t6coreboard.dir/Middlewares/ST/STM32_USB_Device_Library/Core/Src/usbd_core.c.obj
                0x0800896e                USBD_Init
 .text.USBD_RegisterClass
                0x080089c4       0x32 CMakeFiles/c8t6coreboard.dir/Middlewares/ST/STM32_USB_Device_Library/Core/Src/usbd_core.c.obj
                0x080089c4                USBD_RegisterClass
 .text.USBD_Start
                0x080089f6       0x18 CMakeFiles/c8t6coreboard.dir/Middlewares/ST/STM32_USB_Device_Library/Core/Src/usbd_core.c.obj
                0x080089f6                USBD_Start
 .text.USBD_RunTestMode
                0x08008a0e       0x14 CMakeFiles/c8t6coreboard.dir/Middlewares/ST/STM32_USB_Device_Library/Core/Src/usbd_core.c.obj
                0x08008a0e                USBD_RunTestMode
 .text.USBD_SetClassConfig
                0x08008a22       0x3e CMakeFiles/c8t6coreboard.dir/Middlewares/ST/STM32_USB_Device_Library/Core/Src/usbd_core.c.obj
                0x08008a22                USBD_SetClassConfig
 .text.USBD_ClrClassConfig
                0x08008a60       0x26 CMakeFiles/c8t6coreboard.dir/Middlewares/ST/STM32_USB_Device_Library/Core/Src/usbd_core.c.obj
                0x08008a60                USBD_ClrClassConfig
 .text.USBD_LL_SetupStage
                0x08008a86       0x9a CMakeFiles/c8t6coreboard.dir/Middlewares/ST/STM32_USB_Device_Library/Core/Src/usbd_core.c.obj
                0x08008a86                USBD_LL_SetupStage
 .text.USBD_LL_DataOutStage
                0x08008b20       0xe2 CMakeFiles/c8t6coreboard.dir/Middlewares/ST/STM32_USB_Device_Library/Core/Src/usbd_core.c.obj
                0x08008b20                USBD_LL_DataOutStage
 .text.USBD_LL_DataInStage
                0x08008c02      0x14a CMakeFiles/c8t6coreboard.dir/Middlewares/ST/STM32_USB_Device_Library/Core/Src/usbd_core.c.obj
                0x08008c02                USBD_LL_DataInStage
 .text.USBD_LL_Reset
                0x08008d4c       0x82 CMakeFiles/c8t6coreboard.dir/Middlewares/ST/STM32_USB_Device_Library/Core/Src/usbd_core.c.obj
                0x08008d4c                USBD_LL_Reset
 .text.USBD_LL_SetSpeed
                0x08008dce       0x1e CMakeFiles/c8t6coreboard.dir/Middlewares/ST/STM32_USB_Device_Library/Core/Src/usbd_core.c.obj
                0x08008dce                USBD_LL_SetSpeed
 .text.USBD_LL_Suspend
                0x08008dec       0x28 CMakeFiles/c8t6coreboard.dir/Middlewares/ST/STM32_USB_Device_Library/Core/Src/usbd_core.c.obj
                0x08008dec                USBD_LL_Suspend
 .text.USBD_LL_Resume
                0x08008e14       0x2a CMakeFiles/c8t6coreboard.dir/Middlewares/ST/STM32_USB_Device_Library/Core/Src/usbd_core.c.obj
                0x08008e14                USBD_LL_Resume
 .text.USBD_LL_SOF
                0x08008e3e       0x34 CMakeFiles/c8t6coreboard.dir/Middlewares/ST/STM32_USB_Device_Library/Core/Src/usbd_core.c.obj
                0x08008e3e                USBD_LL_SOF
 *fill*         0x08008e72        0x2 
 .text.USBD_StdDevReq
                0x08008e74       0xd4 CMakeFiles/c8t6coreboard.dir/Middlewares/ST/STM32_USB_Device_Library/Core/Src/usbd_ctlreq.c.obj
                0x08008e74                USBD_StdDevReq
 .text.USBD_StdItfReq
                0x08008f48       0x90 CMakeFiles/c8t6coreboard.dir/Middlewares/ST/STM32_USB_Device_Library/Core/Src/usbd_ctlreq.c.obj
                0x08008f48                USBD_StdItfReq
 .text.USBD_StdEPReq
                0x08008fd8      0x2c6 CMakeFiles/c8t6coreboard.dir/Middlewares/ST/STM32_USB_Device_Library/Core/Src/usbd_ctlreq.c.obj
                0x08008fd8                USBD_StdEPReq
 *fill*         0x0800929e        0x2 
 .text.USBD_GetDescriptor
                0x080092a0      0x2d0 CMakeFiles/c8t6coreboard.dir/Middlewares/ST/STM32_USB_Device_Library/Core/Src/usbd_ctlreq.c.obj
 .text.USBD_SetAddress
                0x08009570       0x86 CMakeFiles/c8t6coreboard.dir/Middlewares/ST/STM32_USB_Device_Library/Core/Src/usbd_ctlreq.c.obj
 *fill*         0x080095f6        0x2 
 .text.USBD_SetConfig
                0x080095f8      0x11c CMakeFiles/c8t6coreboard.dir/Middlewares/ST/STM32_USB_Device_Library/Core/Src/usbd_ctlreq.c.obj
 .text.USBD_GetConfig
                0x08009714       0x6a CMakeFiles/c8t6coreboard.dir/Middlewares/ST/STM32_USB_Device_Library/Core/Src/usbd_ctlreq.c.obj
 .text.USBD_GetStatus
                0x0800977e       0x66 CMakeFiles/c8t6coreboard.dir/Middlewares/ST/STM32_USB_Device_Library/Core/Src/usbd_ctlreq.c.obj
 .text.USBD_SetFeature
                0x080097e4       0x28 CMakeFiles/c8t6coreboard.dir/Middlewares/ST/STM32_USB_Device_Library/Core/Src/usbd_ctlreq.c.obj
 .text.USBD_ClrFeature
                0x0800980c       0x42 CMakeFiles/c8t6coreboard.dir/Middlewares/ST/STM32_USB_Device_Library/Core/Src/usbd_ctlreq.c.obj
 .text.USBD_ParseSetupRequest
                0x0800984e       0x72 CMakeFiles/c8t6coreboard.dir/Middlewares/ST/STM32_USB_Device_Library/Core/Src/usbd_ctlreq.c.obj
                0x0800984e                USBD_ParseSetupRequest
 .text.USBD_CtlError
                0x080098c0       0x22 CMakeFiles/c8t6coreboard.dir/Middlewares/ST/STM32_USB_Device_Library/Core/Src/usbd_ctlreq.c.obj
                0x080098c0                USBD_CtlError
 .text.USBD_GetString
                0x080098e2       0x84 CMakeFiles/c8t6coreboard.dir/Middlewares/ST/STM32_USB_Device_Library/Core/Src/usbd_ctlreq.c.obj
                0x080098e2                USBD_GetString
 .text.USBD_GetLen
                0x08009966       0x2e CMakeFiles/c8t6coreboard.dir/Middlewares/ST/STM32_USB_Device_Library/Core/Src/usbd_ctlreq.c.obj
 .text.USBD_CtlSendData
                0x08009994       0x38 CMakeFiles/c8t6coreboard.dir/Middlewares/ST/STM32_USB_Device_Library/Core/Src/usbd_ioreq.c.obj
                0x08009994                USBD_CtlSendData
 .text.USBD_CtlContinueSendData
                0x080099cc       0x24 CMakeFiles/c8t6coreboard.dir/Middlewares/ST/STM32_USB_Device_Library/Core/Src/usbd_ioreq.c.obj
                0x080099cc                USBD_CtlContinueSendData
 .text.USBD_CtlPrepareRx
                0x080099f0       0x3c CMakeFiles/c8t6coreboard.dir/Middlewares/ST/STM32_USB_Device_Library/Core/Src/usbd_ioreq.c.obj
                0x080099f0                USBD_CtlPrepareRx
 .text.USBD_CtlContinueRx
                0x08009a2c       0x24 CMakeFiles/c8t6coreboard.dir/Middlewares/ST/STM32_USB_Device_Library/Core/Src/usbd_ioreq.c.obj
                0x08009a2c                USBD_CtlContinueRx
 .text.USBD_CtlSendStatus
                0x08009a50       0x26 CMakeFiles/c8t6coreboard.dir/Middlewares/ST/STM32_USB_Device_Library/Core/Src/usbd_ioreq.c.obj
                0x08009a50                USBD_CtlSendStatus
 .text.USBD_CtlReceiveStatus
                0x08009a76       0x26 CMakeFiles/c8t6coreboard.dir/Middlewares/ST/STM32_USB_Device_Library/Core/Src/usbd_ioreq.c.obj
                0x08009a76                USBD_CtlReceiveStatus
 .text.USBD_CDC_Init
                0x08009a9c       0xf4 CMakeFiles/c8t6coreboard.dir/Middlewares/ST/STM32_USB_Device_Library/Class/CDC/Src/usbd_cdc.c.obj
 .text.USBD_CDC_DeInit
                0x08009b90       0x6e CMakeFiles/c8t6coreboard.dir/Middlewares/ST/STM32_USB_Device_Library/Class/CDC/Src/usbd_cdc.c.obj
 .text.USBD_CDC_Setup
                0x08009bfe      0x146 CMakeFiles/c8t6coreboard.dir/Middlewares/ST/STM32_USB_Device_Library/Class/CDC/Src/usbd_cdc.c.obj
 .text.USBD_CDC_DataIn
                0x08009d44       0xa6 CMakeFiles/c8t6coreboard.dir/Middlewares/ST/STM32_USB_Device_Library/Class/CDC/Src/usbd_cdc.c.obj
 .text.USBD_CDC_DataOut
                0x08009dea       0x56 CMakeFiles/c8t6coreboard.dir/Middlewares/ST/STM32_USB_Device_Library/Class/CDC/Src/usbd_cdc.c.obj
 .text.USBD_CDC_EP0_RxReady
                0x08009e40       0x4e CMakeFiles/c8t6coreboard.dir/Middlewares/ST/STM32_USB_Device_Library/Class/CDC/Src/usbd_cdc.c.obj
 *fill*         0x08009e8e        0x2 
 .text.USBD_CDC_GetFSCfgDesc
                0x08009e90       0x20 CMakeFiles/c8t6coreboard.dir/Middlewares/ST/STM32_USB_Device_Library/Class/CDC/Src/usbd_cdc.c.obj
 .text.USBD_CDC_GetHSCfgDesc
                0x08009eb0       0x20 CMakeFiles/c8t6coreboard.dir/Middlewares/ST/STM32_USB_Device_Library/Class/CDC/Src/usbd_cdc.c.obj
 .text.USBD_CDC_GetOtherSpeedCfgDesc
                0x08009ed0       0x20 CMakeFiles/c8t6coreboard.dir/Middlewares/ST/STM32_USB_Device_Library/Class/CDC/Src/usbd_cdc.c.obj
 .text.USBD_CDC_GetDeviceQualifierDescriptor
                0x08009ef0       0x20 CMakeFiles/c8t6coreboard.dir/Middlewares/ST/STM32_USB_Device_Library/Class/CDC/Src/usbd_cdc.c.obj
                0x08009ef0                USBD_CDC_GetDeviceQualifierDescriptor
 .text.USBD_CDC_RegisterInterface
                0x08009f10       0x2c CMakeFiles/c8t6coreboard.dir/Middlewares/ST/STM32_USB_Device_Library/Class/CDC/Src/usbd_cdc.c.obj
                0x08009f10                USBD_CDC_RegisterInterface
 .text.USBD_CDC_SetTxBuffer
                0x08009f3c       0x32 CMakeFiles/c8t6coreboard.dir/Middlewares/ST/STM32_USB_Device_Library/Class/CDC/Src/usbd_cdc.c.obj
                0x08009f3c                USBD_CDC_SetTxBuffer
 .text.USBD_CDC_SetRxBuffer
                0x08009f6e       0x26 CMakeFiles/c8t6coreboard.dir/Middlewares/ST/STM32_USB_Device_Library/Class/CDC/Src/usbd_cdc.c.obj
                0x08009f6e                USBD_CDC_SetRxBuffer
 .text.USBD_CDC_TransmitPacket
                0x08009f94       0x5e CMakeFiles/c8t6coreboard.dir/Middlewares/ST/STM32_USB_Device_Library/Class/CDC/Src/usbd_cdc.c.obj
                0x08009f94                USBD_CDC_TransmitPacket
 .text.USBD_CDC_ReceivePacket
                0x08009ff2       0x54 CMakeFiles/c8t6coreboard.dir/Middlewares/ST/STM32_USB_Device_Library/Class/CDC/Src/usbd_cdc.c.obj
                0x08009ff2                USBD_CDC_ReceivePacket
 *fill*         0x0800a046        0x2 
 .text._sbrk    0x0800a048       0x6c CMakeFiles/c8t6coreboard.dir/Core/Src/sysmem.c.obj
                0x0800a048                _sbrk
 .text.Reset_Handler
                0x0800a0b4       0x48 CMakeFiles/c8t6coreboard.dir/startup_stm32f103xb.s.obj
                0x0800a0b4                Reset_Handler
 .text.Default_Handler
                0x0800a0fc        0x2 CMakeFiles/c8t6coreboard.dir/startup_stm32f103xb.s.obj
                0x0800a0fc                RTC_Alarm_IRQHandler
                0x0800a0fc                EXTI2_IRQHandler
                0x0800a0fc                TIM1_CC_IRQHandler
                0x0800a0fc                PVD_IRQHandler
                0x0800a0fc                EXTI3_IRQHandler
                0x0800a0fc                EXTI0_IRQHandler
                0x0800a0fc                I2C2_EV_IRQHandler
                0x0800a0fc                ADC1_2_IRQHandler
                0x0800a0fc                SPI1_IRQHandler
                0x0800a0fc                TAMPER_IRQHandler
                0x0800a0fc                DMA1_Channel4_IRQHandler
                0x0800a0fc                USART3_IRQHandler
                0x0800a0fc                RTC_IRQHandler
                0x0800a0fc                DMA1_Channel7_IRQHandler
                0x0800a0fc                CAN1_RX1_IRQHandler
                0x0800a0fc                TIM4_IRQHandler
                0x0800a0fc                I2C1_EV_IRQHandler
                0x0800a0fc                DMA1_Channel6_IRQHandler
                0x0800a0fc                TIM3_IRQHandler
                0x0800a0fc                RCC_IRQHandler
                0x0800a0fc                TIM1_TRG_COM_IRQHandler
                0x0800a0fc                DMA1_Channel1_IRQHandler
                0x0800a0fc                Default_Handler
                0x0800a0fc                EXTI15_10_IRQHandler
                0x0800a0fc                EXTI9_5_IRQHandler
                0x0800a0fc                SPI2_IRQHandler
                0x0800a0fc                DMA1_Channel5_IRQHandler
                0x0800a0fc                EXTI4_IRQHandler
                0x0800a0fc                USB_HP_CAN1_TX_IRQHandler
                0x0800a0fc                DMA1_Channel3_IRQHandler
                0x0800a0fc                TIM1_UP_IRQHandler
                0x0800a0fc                WWDG_IRQHandler
                0x0800a0fc                TIM2_IRQHandler
                0x0800a0fc                TIM1_BRK_IRQHandler
                0x0800a0fc                EXTI1_IRQHandler
                0x0800a0fc                USART2_IRQHandler
                0x0800a0fc                I2C2_ER_IRQHandler
                0x0800a0fc                DMA1_Channel2_IRQHandler
                0x0800a0fc                CAN1_SCE_IRQHandler
                0x0800a0fc                FLASH_IRQHandler
                0x0800a0fc                USART1_IRQHandler
                0x0800a0fc                I2C1_ER_IRQHandler
                0x0800a0fc                USBWakeUp_IRQHandler
 *fill*         0x0800a0fe        0x2 
 .text.sprintf  0x0800a100       0x40 /opt/st/stm32cubeide_1.17.0/plugins/com.st.stm32cube.ide.mcu.externaltools.gnu-tools-for-stm32.12.3.rel1.linux64_1.1.0.202410170702/tools/bin/../lib/gcc/arm-none-eabi/12.3.1/../../../../arm-none-eabi/lib/thumb/v7-m/nofp/libg_nano.a(libc_a-sprintf.o)
                0x0800a100                sprintf
                0x0800a100                siprintf
 .text.__errno  0x0800a140        0xc /opt/st/stm32cubeide_1.17.0/plugins/com.st.stm32cube.ide.mcu.externaltools.gnu-tools-for-stm32.12.3.rel1.linux64_1.1.0.202410170702/tools/bin/../lib/gcc/arm-none-eabi/12.3.1/../../../../arm-none-eabi/lib/thumb/v7-m/nofp/libg_nano.a(libc_a-errno.o)
                0x0800a140                __errno
 .text.__ssputs_r
                0x0800a14c       0xb6 /opt/st/stm32cubeide_1.17.0/plugins/com.st.stm32cube.ide.mcu.externaltools.gnu-tools-for-stm32.12.3.rel1.linux64_1.1.0.202410170702/tools/bin/../lib/gcc/arm-none-eabi/12.3.1/../../../../arm-none-eabi/lib/thumb/v7-m/nofp/libg_nano.a(libc_a-nano-svfprintf.o)
                0x0800a14c                __ssputs_r
 *fill*         0x0800a202        0x2 
 .text._svfprintf_r
                0x0800a204      0x1f8 /opt/st/stm32cubeide_1.17.0/plugins/com.st.stm32cube.ide.mcu.externaltools.gnu-tools-for-stm32.12.3.rel1.linux64_1.1.0.202410170702/tools/bin/../lib/gcc/arm-none-eabi/12.3.1/../../../../arm-none-eabi/lib/thumb/v7-m/nofp/libg_nano.a(libc_a-nano-svfprintf.o)
                0x0800a204                _svfprintf_r
                0x0800a204                _svfiprintf_r
 .text._printf_common
                0x0800a3fc       0xe4 /opt/st/stm32cubeide_1.17.0/plugins/com.st.stm32cube.ide.mcu.externaltools.gnu-tools-for-stm32.12.3.rel1.linux64_1.1.0.202410170702/tools/bin/../lib/gcc/arm-none-eabi/12.3.1/../../../../arm-none-eabi/lib/thumb/v7-m/nofp/libg_nano.a(libc_a-nano-vfprintf_i.o)
                0x0800a3fc                _printf_common
 .text._printf_i
                0x0800a4e0      0x240 /opt/st/stm32cubeide_1.17.0/plugins/com.st.stm32cube.ide.mcu.externaltools.gnu-tools-for-stm32.12.3.rel1.linux64_1.1.0.202410170702/tools/bin/../lib/gcc/arm-none-eabi/12.3.1/../../../../arm-none-eabi/lib/thumb/v7-m/nofp/libg_nano.a(libc_a-nano-vfprintf_i.o)
                0x0800a4e0                _printf_i
 .text.memmove  0x0800a720       0x34 /opt/st/stm32cubeide_1.17.0/plugins/com.st.stm32cube.ide.mcu.externaltools.gnu-tools-for-stm32.12.3.rel1.linux64_1.1.0.202410170702/tools/bin/../lib/gcc/arm-none-eabi/12.3.1/../../../../arm-none-eabi/lib/thumb/v7-m/nofp/libg_nano.a(libc_a-memmove.o)
                0x0800a720                memmove
 .text.memchr   0x0800a754       0x1c /opt/st/stm32cubeide_1.17.0/plugins/com.st.stm32cube.ide.mcu.externaltools.gnu-tools-for-stm32.12.3.rel1.linux64_1.1.0.202410170702/tools/bin/../lib/gcc/arm-none-eabi/12.3.1/../../../../arm-none-eabi/lib/thumb/v7-m/nofp/libg_nano.a(libc_a-memchr-stub.o)
                0x0800a754                memchr
 .text.memcpy   0x0800a770       0x1c /opt/st/stm32cubeide_1.17.0/plugins/com.st.stm32cube.ide.mcu.externaltools.gnu-tools-for-stm32.12.3.rel1.linux64_1.1.0.202410170702/tools/bin/../lib/gcc/arm-none-eabi/12.3.1/../../../../arm-none-eabi/lib/thumb/v7-m/nofp/libg_nano.a(libc_a-memcpy-stub.o)
                0x0800a770                memcpy
 .text._realloc_r
                0x0800a78c       0x5c /opt/st/stm32cubeide_1.17.0/plugins/com.st.stm32cube.ide.mcu.externaltools.gnu-tools-for-stm32.12.3.rel1.linux64_1.1.0.202410170702/tools/bin/../lib/gcc/arm-none-eabi/12.3.1/../../../../arm-none-eabi/lib/thumb/v7-m/nofp/libg_nano.a(libc_a-reallocr.o)
                0x0800a78c                _realloc_r
 .text._malloc_usable_size_r
                0x0800a7e8       0x10 /opt/st/stm32cubeide_1.17.0/plugins/com.st.stm32cube.ide.mcu.externaltools.gnu-tools-for-stm32.12.3.rel1.linux64_1.1.0.202410170702/tools/bin/../lib/gcc/arm-none-eabi/12.3.1/../../../../arm-none-eabi/lib/thumb/v7-m/nofp/libg_nano.a(libc_a-msizer.o)
                0x0800a7e8                _malloc_usable_size_r
 *(.glue_7)
 .glue_7        0x0800a7f8        0x0 linker stubs
 *(.glue_7t)
 .glue_7t       0x0800a7f8        0x0 linker stubs
 *(.eh_frame)
 .eh_frame      0x0800a7f8        0x0 /opt/st/stm32cubeide_1.17.0/plugins/com.st.stm32cube.ide.mcu.externaltools.gnu-tools-for-stm32.12.3.rel1.linux64_1.1.0.202410170702/tools/bin/../lib/gcc/arm-none-eabi/12.3.1/thumb/v7-m/nofp/crtbegin.o
 *(.init)
 .init          0x0800a7f8        0x4 /opt/st/stm32cubeide_1.17.0/plugins/com.st.stm32cube.ide.mcu.externaltools.gnu-tools-for-stm32.12.3.rel1.linux64_1.1.0.202410170702/tools/bin/../lib/gcc/arm-none-eabi/12.3.1/thumb/v7-m/nofp/crti.o
                0x0800a7f8                _init
 .init          0x0800a7fc        0x8 /opt/st/stm32cubeide_1.17.0/plugins/com.st.stm32cube.ide.mcu.externaltools.gnu-tools-for-stm32.12.3.rel1.linux64_1.1.0.202410170702/tools/bin/../lib/gcc/arm-none-eabi/12.3.1/thumb/v7-m/nofp/crtn.o
 *(.fini)
 .fini          0x0800a804        0x4 /opt/st/stm32cubeide_1.17.0/plugins/com.st.stm32cube.ide.mcu.externaltools.gnu-tools-for-stm32.12.3.rel1.linux64_1.1.0.202410170702/tools/bin/../lib/gcc/arm-none-eabi/12.3.1/thumb/v7-m/nofp/crti.o
                0x0800a804                _fini
 .fini          0x0800a808        0x8 /opt/st/stm32cubeide_1.17.0/plugins/com.st.stm32cube.ide.mcu.externaltools.gnu-tools-for-stm32.12.3.rel1.linux64_1.1.0.202410170702/tools/bin/../lib/gcc/arm-none-eabi/12.3.1/thumb/v7-m/nofp/crtn.o
                0x0800a810                        . = ALIGN (0x4)
                0x0800a810                        _etext = .

.vfp11_veneer   0x0800a810        0x0
 .vfp11_veneer  0x0800a810        0x0 linker stubs

.v4_bx          0x0800a810        0x0
 .v4_bx         0x0800a810        0x0 linker stubs

.iplt           0x0800a810        0x0
 .iplt          0x0800a810        0x0 /opt/st/stm32cubeide_1.17.0/plugins/com.st.stm32cube.ide.mcu.externaltools.gnu-tools-for-stm32.12.3.rel1.linux64_1.1.0.202410170702/tools/bin/../lib/gcc/arm-none-eabi/12.3.1/thumb/v7-m/nofp/crtbegin.o

.rodata         0x0800a810       0xe8
                0x0800a810                        . = ALIGN (0x4)
 *(.rodata)
 .rodata        0x0800a810       0x3e CMakeFiles/c8t6coreboard.dir/Core/Src/main.c.obj
 *fill*         0x0800a84e        0x2 
 .rodata        0x0800a850       0x46 CMakeFiles/c8t6coreboard.dir/USB_DEVICE/App/usbd_desc.c.obj
 *(.rodata*)
 *fill*         0x0800a896        0x2 
 .rodata.aPLLMULFactorTable.1
                0x0800a898       0x10 CMakeFiles/c8t6coreboard.dir/Drivers/STM32F1xx_HAL_Driver/Src/stm32f1xx_hal_rcc.c.obj
 .rodata.aPredivFactorTable.0
                0x0800a8a8        0x2 CMakeFiles/c8t6coreboard.dir/Drivers/STM32F1xx_HAL_Driver/Src/stm32f1xx_hal_rcc.c.obj
 *fill*         0x0800a8aa        0x2 
 .rodata.AHBPrescTable
                0x0800a8ac       0x10 CMakeFiles/c8t6coreboard.dir/Core/Src/system_stm32f1xx.c.obj
                0x0800a8ac                AHBPrescTable
 .rodata.APBPrescTable
                0x0800a8bc        0x8 CMakeFiles/c8t6coreboard.dir/Core/Src/system_stm32f1xx.c.obj
                0x0800a8bc                APBPrescTable
 .rodata._svfprintf_r.str1.1
                0x0800a8c4       0x11 /opt/st/stm32cubeide_1.17.0/plugins/com.st.stm32cube.ide.mcu.externaltools.gnu-tools-for-stm32.12.3.rel1.linux64_1.1.0.202410170702/tools/bin/../lib/gcc/arm-none-eabi/12.3.1/../../../../arm-none-eabi/lib/thumb/v7-m/nofp/libg_nano.a(libc_a-nano-svfprintf.o)
 .rodata._printf_i.str1.1
                0x0800a8d5       0x22 /opt/st/stm32cubeide_1.17.0/plugins/com.st.stm32cube.ide.mcu.externaltools.gnu-tools-for-stm32.12.3.rel1.linux64_1.1.0.202410170702/tools/bin/../lib/gcc/arm-none-eabi/12.3.1/../../../../arm-none-eabi/lib/thumb/v7-m/nofp/libg_nano.a(libc_a-nano-vfprintf_i.o)
                0x0800a8f8                        . = ALIGN (0x4)
 *fill*         0x0800a8f7        0x1 

.rel.dyn        0x0800a8f8        0x0
 .rel.iplt      0x0800a8f8        0x0 /opt/st/stm32cubeide_1.17.0/plugins/com.st.stm32cube.ide.mcu.externaltools.gnu-tools-for-stm32.12.3.rel1.linux64_1.1.0.202410170702/tools/bin/../lib/gcc/arm-none-eabi/12.3.1/thumb/v7-m/nofp/crtbegin.o

.ARM.extab
 *(.ARM.extab* .gnu.linkonce.armextab.*)

.ARM            0x0800a8f8        0x0
                0x0800a8f8                        __exidx_start = .
 *(.ARM.exidx*)
                0x0800a8f8                        __exidx_end = .

.preinit_array  0x0800a8f8        0x0
                0x0800a8f8                        PROVIDE (__preinit_array_start = .)
 *(.preinit_array*)
                0x0800a8f8                        PROVIDE (__preinit_array_end = .)

.init_array     0x0800a8f8        0x4
                0x0800a8f8                        PROVIDE (__init_array_start = .)
 *(SORT_BY_NAME(.init_array.*))
 *(.init_array*)
 .init_array    0x0800a8f8        0x4 /opt/st/stm32cubeide_1.17.0/plugins/com.st.stm32cube.ide.mcu.externaltools.gnu-tools-for-stm32.12.3.rel1.linux64_1.1.0.202410170702/tools/bin/../lib/gcc/arm-none-eabi/12.3.1/thumb/v7-m/nofp/crtbegin.o
                0x0800a8fc                        PROVIDE (__init_array_end = .)

.fini_array     0x0800a8fc        0x4
                [!provide]                        PROVIDE (__fini_array_start = .)
 *(SORT_BY_NAME(.fini_array.*))
 *(.fini_array*)
 .fini_array    0x0800a8fc        0x4 /opt/st/stm32cubeide_1.17.0/plugins/com.st.stm32cube.ide.mcu.externaltools.gnu-tools-for-stm32.12.3.rel1.linux64_1.1.0.202410170702/tools/bin/../lib/gcc/arm-none-eabi/12.3.1/thumb/v7-m/nofp/crtbegin.o
                [!provide]                        PROVIDE (__fini_array_end = .)
                0x0800a900                        _sidata = LOADADDR (.data)

.data           0x20000000      0x1d0 load address 0x0800a900
                0x20000000                        . = ALIGN (0x4)
                0x20000000                        _sdata = .
 *(.data)
 *(.data*)
 .data._impure_ptr
                0x20000000        0x4 /opt/st/stm32cubeide_1.17.0/plugins/com.st.stm32cube.ide.mcu.externaltools.gnu-tools-for-stm32.12.3.rel1.linux64_1.1.0.202410170702/tools/bin/../lib/gcc/arm-none-eabi/12.3.1/../../../../arm-none-eabi/lib/thumb/v7-m/nofp/libc_nano.a(libc_a-impure.o)
                0x20000000                _impure_ptr
 .data._impure_data
                0x20000004       0x4c /opt/st/stm32cubeide_1.17.0/plugins/com.st.stm32cube.ide.mcu.externaltools.gnu-tools-for-stm32.12.3.rel1.linux64_1.1.0.202410170702/tools/bin/../lib/gcc/arm-none-eabi/12.3.1/../../../../arm-none-eabi/lib/thumb/v7-m/nofp/libc_nano.a(libc_a-impure.o)
                0x20000004                _impure_data
 .data.tvoc     0x20000050        0x4 CMakeFiles/c8t6coreboard.dir/Core/Src/main.c.obj
                0x20000050                tvoc
 .data.FS_Desc  0x20000054       0x1c CMakeFiles/c8t6coreboard.dir/USB_DEVICE/App/usbd_desc.c.obj
                0x20000054                FS_Desc
 .data.USBD_FS_DeviceDesc
                0x20000070       0x12 CMakeFiles/c8t6coreboard.dir/USB_DEVICE/App/usbd_desc.c.obj
                0x20000070                USBD_FS_DeviceDesc
 *fill*         0x20000082        0x2 
 .data.USBD_LangIDDesc
                0x20000084        0x4 CMakeFiles/c8t6coreboard.dir/USB_DEVICE/App/usbd_desc.c.obj
                0x20000084                USBD_LangIDDesc
 .data.USBD_StringSerial
                0x20000088       0x1a CMakeFiles/c8t6coreboard.dir/USB_DEVICE/App/usbd_desc.c.obj
                0x20000088                USBD_StringSerial
 *fill*         0x200000a2        0x2 
 .data.USBD_Interface_fops_FS
                0x200000a4       0x10 CMakeFiles/c8t6coreboard.dir/USB_DEVICE/App/usbd_cdc_if.c.obj
                0x200000a4                USBD_Interface_fops_FS
 .data.uwTickPrio
                0x200000b4        0x4 CMakeFiles/c8t6coreboard.dir/Drivers/STM32F1xx_HAL_Driver/Src/stm32f1xx_hal.c.obj
                0x200000b4                uwTickPrio
 .data.uwTickFreq
                0x200000b8        0x1 CMakeFiles/c8t6coreboard.dir/Drivers/STM32F1xx_HAL_Driver/Src/stm32f1xx_hal.c.obj
                0x200000b8                uwTickFreq
 *fill*         0x200000b9        0x3 
 .data.SystemCoreClock
                0x200000bc        0x4 CMakeFiles/c8t6coreboard.dir/Core/Src/system_stm32f1xx.c.obj
                0x200000bc                SystemCoreClock
 .data.USBD_CDC_DeviceQualifierDesc
                0x200000c0        0xa CMakeFiles/c8t6coreboard.dir/Middlewares/ST/STM32_USB_Device_Library/Class/CDC/Src/usbd_cdc.c.obj
 *fill*         0x200000ca        0x2 
 .data.USBD_CDC
                0x200000cc       0x38 CMakeFiles/c8t6coreboard.dir/Middlewares/ST/STM32_USB_Device_Library/Class/CDC/Src/usbd_cdc.c.obj
                0x200000cc                USBD_CDC
 .data.USBD_CDC_CfgHSDesc
                0x20000104       0x43 CMakeFiles/c8t6coreboard.dir/Middlewares/ST/STM32_USB_Device_Library/Class/CDC/Src/usbd_cdc.c.obj
                0x20000104                USBD_CDC_CfgHSDesc
 *fill*         0x20000147        0x1 
 .data.USBD_CDC_CfgFSDesc
                0x20000148       0x43 CMakeFiles/c8t6coreboard.dir/Middlewares/ST/STM32_USB_Device_Library/Class/CDC/Src/usbd_cdc.c.obj
                0x20000148                USBD_CDC_CfgFSDesc
 *fill*         0x2000018b        0x1 
 .data.USBD_CDC_OtherSpeedCfgDesc
                0x2000018c       0x43 CMakeFiles/c8t6coreboard.dir/Middlewares/ST/STM32_USB_Device_Library/Class/CDC/Src/usbd_cdc.c.obj
                0x2000018c                USBD_CDC_OtherSpeedCfgDesc
                0x200001d0                        . = ALIGN (0x4)
 *fill*         0x200001cf        0x1 
                0x200001d0                        _edata = .

.igot.plt       0x200001d0        0x0 load address 0x0800aad0
 .igot.plt      0x200001d0        0x0 /opt/st/stm32cubeide_1.17.0/plugins/com.st.stm32cube.ide.mcu.externaltools.gnu-tools-for-stm32.12.3.rel1.linux64_1.1.0.202410170702/tools/bin/../lib/gcc/arm-none-eabi/12.3.1/thumb/v7-m/nofp/crtbegin.o
                0x200001d0                        . = ALIGN (0x4)

.bss            0x200001d0     0x138c load address 0x0800aad0
                0x200001d0                        _sbss = .
                0x200001d0                        __bss_start__ = _sbss
 *(.bss)
 .bss           0x200001d0       0x1c /opt/st/stm32cubeide_1.17.0/plugins/com.st.stm32cube.ide.mcu.externaltools.gnu-tools-for-stm32.12.3.rel1.linux64_1.1.0.202410170702/tools/bin/../lib/gcc/arm-none-eabi/12.3.1/thumb/v7-m/nofp/crtbegin.o
 *(.bss*)
 .bss.__sf      0x200001ec      0x138 /opt/st/stm32cubeide_1.17.0/plugins/com.st.stm32cube.ide.mcu.externaltools.gnu-tools-for-stm32.12.3.rel1.linux64_1.1.0.202410170702/tools/bin/../lib/gcc/arm-none-eabi/12.3.1/../../../../arm-none-eabi/lib/thumb/v7-m/nofp/libc_nano.a(libc_a-findfp.o)
                0x200001ec                __sf
 .bss.errno     0x20000324        0x4 /opt/st/stm32cubeide_1.17.0/plugins/com.st.stm32cube.ide.mcu.externaltools.gnu-tools-for-stm32.12.3.rel1.linux64_1.1.0.202410170702/tools/bin/../lib/gcc/arm-none-eabi/12.3.1/../../../../arm-none-eabi/lib/thumb/v7-m/nofp/libc_nano.a(libc_a-reent.o)
                0x20000324                errno
 .bss.__lock___malloc_recursive_mutex
                0x20000328        0x1 /opt/st/stm32cubeide_1.17.0/plugins/com.st.stm32cube.ide.mcu.externaltools.gnu-tools-for-stm32.12.3.rel1.linux64_1.1.0.202410170702/tools/bin/../lib/gcc/arm-none-eabi/12.3.1/../../../../arm-none-eabi/lib/thumb/v7-m/nofp/libc_nano.a(libc_a-lock.o)
                0x20000328                __lock___malloc_recursive_mutex
 *fill*         0x20000329        0x3 
 .bss.__malloc_sbrk_start
                0x2000032c        0x4 /opt/st/stm32cubeide_1.17.0/plugins/com.st.stm32cube.ide.mcu.externaltools.gnu-tools-for-stm32.12.3.rel1.linux64_1.1.0.202410170702/tools/bin/../lib/gcc/arm-none-eabi/12.3.1/../../../../arm-none-eabi/lib/thumb/v7-m/nofp/libc_nano.a(libc_a-mallocr.o)
                0x2000032c                __malloc_sbrk_start
 .bss.__malloc_free_list
                0x20000330        0x4 /opt/st/stm32cubeide_1.17.0/plugins/com.st.stm32cube.ide.mcu.externaltools.gnu-tools-for-stm32.12.3.rel1.linux64_1.1.0.202410170702/tools/bin/../lib/gcc/arm-none-eabi/12.3.1/../../../../arm-none-eabi/lib/thumb/v7-m/nofp/libc_nano.a(libc_a-mallocr.o)
                0x20000330                __malloc_free_list
 .bss.hi2c1     0x20000334       0x54 CMakeFiles/c8t6coreboard.dir/Core/Src/main.c.obj
                0x20000334                hi2c1
 .bss.co2       0x20000388        0x4 CMakeFiles/c8t6coreboard.dir/Core/Src/main.c.obj
                0x20000388                co2
 .bss.temp      0x2000038c        0x4 CMakeFiles/c8t6coreboard.dir/Core/Src/main.c.obj
                0x2000038c                temp
 .bss.humid     0x20000390        0x4 CMakeFiles/c8t6coreboard.dir/Core/Src/main.c.obj
                0x20000390                humid
 .bss.hUsbDeviceFS
                0x20000394      0x2c4 CMakeFiles/c8t6coreboard.dir/USB_DEVICE/App/usb_device.c.obj
                0x20000394                hUsbDeviceFS
 .bss.USBD_StrDesc
                0x20000658      0x200 CMakeFiles/c8t6coreboard.dir/USB_DEVICE/App/usbd_desc.c.obj
                0x20000658                USBD_StrDesc
 .bss.UserRxBufferFS
                0x20000858      0x400 CMakeFiles/c8t6coreboard.dir/USB_DEVICE/App/usbd_cdc_if.c.obj
                0x20000858                UserRxBufferFS
 .bss.UserTxBufferFS
                0x20000c58      0x400 CMakeFiles/c8t6coreboard.dir/USB_DEVICE/App/usbd_cdc_if.c.obj
                0x20000c58                UserTxBufferFS
 .bss.hpcd_USB_FS
                0x20001058      0x2d8 CMakeFiles/c8t6coreboard.dir/USB_DEVICE/Target/usbd_conf.c.obj
                0x20001058                hpcd_USB_FS
 .bss.mem.0     0x20001330      0x220 CMakeFiles/c8t6coreboard.dir/USB_DEVICE/Target/usbd_conf.c.obj
 .bss.uwTick    0x20001550        0x4 CMakeFiles/c8t6coreboard.dir/Drivers/STM32F1xx_HAL_Driver/Src/stm32f1xx_hal.c.obj
                0x20001550                uwTick
 .bss.cfgidx.0  0x20001554        0x1 CMakeFiles/c8t6coreboard.dir/Middlewares/ST/STM32_USB_Device_Library/Core/Src/usbd_ctlreq.c.obj
 *fill*         0x20001555        0x3 
 .bss.__sbrk_heap_end
                0x20001558        0x4 CMakeFiles/c8t6coreboard.dir/Core/Src/sysmem.c.obj
 *(COMMON)
                0x2000155c                        . = ALIGN (0x4)
                0x2000155c                        _ebss = .
                0x2000155c                        __bss_end__ = _ebss

._user_heap_stack
                0x2000155c      0x604 load address 0x0800aad0
                0x20001560                        . = ALIGN (0x8)
 *fill*         0x2000155c        0x4 
                [!provide]                        PROVIDE (end = .)
                0x20001560                        PROVIDE (_end = .)
                0x20001760                        . = (. + _Min_Heap_Size)
 *fill*         0x20001560      0x200 
                0x20001b60                        . = (. + _Min_Stack_Size)
 *fill*         0x20001760      0x400 
                0x20001b60                        . = ALIGN (0x8)

/DISCARD/
 libc.a(*)
 libm.a(*)
 libgcc.a(*)
OUTPUT(c8t6coreboard.elf elf32-littlearm)
LOAD linker stubs
LOAD /opt/st/stm32cubeide_1.17.0/plugins/com.st.stm32cube.ide.mcu.externaltools.gnu-tools-for-stm32.12.3.rel1.linux64_1.1.0.202410170702/tools/bin/../lib/gcc/arm-none-eabi/12.3.1/../../../../arm-none-eabi/lib/thumb/v7-m/nofp/libc.a
LOAD /opt/st/stm32cubeide_1.17.0/plugins/com.st.stm32cube.ide.mcu.externaltools.gnu-tools-for-stm32.12.3.rel1.linux64_1.1.0.202410170702/tools/bin/../lib/gcc/arm-none-eabi/12.3.1/../../../../arm-none-eabi/lib/thumb/v7-m/nofp/libm.a
LOAD /opt/st/stm32cubeide_1.17.0/plugins/com.st.stm32cube.ide.mcu.externaltools.gnu-tools-for-stm32.12.3.rel1.linux64_1.1.0.202410170702/tools/bin/../lib/gcc/arm-none-eabi/12.3.1/thumb/v7-m/nofp/libgcc.a

.ARM.attributes
                0x00000000       0x29
 .ARM.attributes
                0x00000000       0x1d /opt/st/stm32cubeide_1.17.0/plugins/com.st.stm32cube.ide.mcu.externaltools.gnu-tools-for-stm32.12.3.rel1.linux64_1.1.0.202410170702/tools/bin/../lib/gcc/arm-none-eabi/12.3.1/thumb/v7-m/nofp/crti.o
 .ARM.attributes
                0x0000001d       0x2d /opt/st/stm32cubeide_1.17.0/plugins/com.st.stm32cube.ide.mcu.externaltools.gnu-tools-for-stm32.12.3.rel1.linux64_1.1.0.202410170702/tools/bin/../lib/gcc/arm-none-eabi/12.3.1/thumb/v7-m/nofp/crtbegin.o
 .ARM.attributes
                0x0000004a       0x2d /opt/st/stm32cubeide_1.17.0/plugins/com.st.stm32cube.ide.mcu.externaltools.gnu-tools-for-stm32.12.3.rel1.linux64_1.1.0.202410170702/tools/bin/../lib/gcc/arm-none-eabi/12.3.1/../../../../arm-none-eabi/lib/thumb/v7-m/nofp/libc_nano.a(libc_a-findfp.o)
 .ARM.attributes
                0x00000077       0x2d /opt/st/stm32cubeide_1.17.0/plugins/com.st.stm32cube.ide.mcu.externaltools.gnu-tools-for-stm32.12.3.rel1.linux64_1.1.0.202410170702/tools/bin/../lib/gcc/arm-none-eabi/12.3.1/../../../../arm-none-eabi/lib/thumb/v7-m/nofp/libc_nano.a(libc_a-memset.o)
 .ARM.attributes
                0x000000a4       0x2d /opt/st/stm32cubeide_1.17.0/plugins/com.st.stm32cube.ide.mcu.externaltools.gnu-tools-for-stm32.12.3.rel1.linux64_1.1.0.202410170702/tools/bin/../lib/gcc/arm-none-eabi/12.3.1/../../../../arm-none-eabi/lib/thumb/v7-m/nofp/libc_nano.a(libc_a-reent.o)
 .ARM.attributes
                0x000000d1       0x2d /opt/st/stm32cubeide_1.17.0/plugins/com.st.stm32cube.ide.mcu.externaltools.gnu-tools-for-stm32.12.3.rel1.linux64_1.1.0.202410170702/tools/bin/../lib/gcc/arm-none-eabi/12.3.1/../../../../arm-none-eabi/lib/thumb/v7-m/nofp/libc_nano.a(libc_a-impure.o)
 .ARM.attributes
                0x000000fe       0x2d /opt/st/stm32cubeide_1.17.0/plugins/com.st.stm32cube.ide.mcu.externaltools.gnu-tools-for-stm32.12.3.rel1.linux64_1.1.0.202410170702/tools/bin/../lib/gcc/arm-none-eabi/12.3.1/../../../../arm-none-eabi/lib/thumb/v7-m/nofp/libc_nano.a(libc_a-init.o)
 .ARM.attributes
                0x0000012b       0x2d /opt/st/stm32cubeide_1.17.0/plugins/com.st.stm32cube.ide.mcu.externaltools.gnu-tools-for-stm32.12.3.rel1.linux64_1.1.0.202410170702/tools/bin/../lib/gcc/arm-none-eabi/12.3.1/../../../../arm-none-eabi/lib/thumb/v7-m/nofp/libc_nano.a(libc_a-lock.o)
 .ARM.attributes
                0x00000158       0x2d /opt/st/stm32cubeide_1.17.0/plugins/com.st.stm32cube.ide.mcu.externaltools.gnu-tools-for-stm32.12.3.rel1.linux64_1.1.0.202410170702/tools/bin/../lib/gcc/arm-none-eabi/12.3.1/../../../../arm-none-eabi/lib/thumb/v7-m/nofp/libc_nano.a(libc_a-freer.o)
 .ARM.attributes
                0x00000185       0x2d /opt/st/stm32cubeide_1.17.0/plugins/com.st.stm32cube.ide.mcu.externaltools.gnu-tools-for-stm32.12.3.rel1.linux64_1.1.0.202410170702/tools/bin/../lib/gcc/arm-none-eabi/12.3.1/../../../../arm-none-eabi/lib/thumb/v7-m/nofp/libc_nano.a(libc_a-mallocr.o)
 .ARM.attributes
                0x000001b2       0x2d /opt/st/stm32cubeide_1.17.0/plugins/com.st.stm32cube.ide.mcu.externaltools.gnu-tools-for-stm32.12.3.rel1.linux64_1.1.0.202410170702/tools/bin/../lib/gcc/arm-none-eabi/12.3.1/../../../../arm-none-eabi/lib/thumb/v7-m/nofp/libc_nano.a(libc_a-mlock.o)
 .ARM.attributes
                0x000001df       0x2d /opt/st/stm32cubeide_1.17.0/plugins/com.st.stm32cube.ide.mcu.externaltools.gnu-tools-for-stm32.12.3.rel1.linux64_1.1.0.202410170702/tools/bin/../lib/gcc/arm-none-eabi/12.3.1/../../../../arm-none-eabi/lib/thumb/v7-m/nofp/libc_nano.a(libc_a-sbrkr.o)
 .ARM.attributes
                0x0000020c       0x2d CMakeFiles/c8t6coreboard.dir/Core/Src/main.c.obj
 .ARM.attributes
                0x00000239       0x2d CMakeFiles/c8t6coreboard.dir/Core/Src/stm32f1xx_it.c.obj
 .ARM.attributes
                0x00000266       0x2d CMakeFiles/c8t6coreboard.dir/Core/Src/stm32f1xx_hal_msp.c.obj
 .ARM.attributes
                0x00000293       0x2d CMakeFiles/c8t6coreboard.dir/USB_DEVICE/App/usb_device.c.obj
 .ARM.attributes
                0x000002c0       0x2d CMakeFiles/c8t6coreboard.dir/USB_DEVICE/App/usbd_desc.c.obj
 .ARM.attributes
                0x000002ed       0x2d CMakeFiles/c8t6coreboard.dir/USB_DEVICE/App/usbd_cdc_if.c.obj
 .ARM.attributes
                0x0000031a       0x2d CMakeFiles/c8t6coreboard.dir/USB_DEVICE/Target/usbd_conf.c.obj
 .ARM.attributes
                0x00000347       0x2d CMakeFiles/c8t6coreboard.dir/Drivers/STM32F1xx_HAL_Driver/Src/stm32f1xx_hal_pcd.c.obj
 .ARM.attributes
                0x00000374       0x2d CMakeFiles/c8t6coreboard.dir/Drivers/STM32F1xx_HAL_Driver/Src/stm32f1xx_hal_pcd_ex.c.obj
 .ARM.attributes
                0x000003a1       0x2d CMakeFiles/c8t6coreboard.dir/Drivers/STM32F1xx_HAL_Driver/Src/stm32f1xx_ll_usb.c.obj
 .ARM.attributes
                0x000003ce       0x2d CMakeFiles/c8t6coreboard.dir/Drivers/STM32F1xx_HAL_Driver/Src/stm32f1xx_hal.c.obj
 .ARM.attributes
                0x000003fb       0x2d CMakeFiles/c8t6coreboard.dir/Drivers/STM32F1xx_HAL_Driver/Src/stm32f1xx_hal_rcc.c.obj
 .ARM.attributes
                0x00000428       0x2d CMakeFiles/c8t6coreboard.dir/Drivers/STM32F1xx_HAL_Driver/Src/stm32f1xx_hal_rcc_ex.c.obj
 .ARM.attributes
                0x00000455       0x2d CMakeFiles/c8t6coreboard.dir/Drivers/STM32F1xx_HAL_Driver/Src/stm32f1xx_hal_gpio.c.obj
 .ARM.attributes
                0x00000482       0x2d CMakeFiles/c8t6coreboard.dir/Drivers/STM32F1xx_HAL_Driver/Src/stm32f1xx_hal_cortex.c.obj
 .ARM.attributes
                0x000004af       0x2d CMakeFiles/c8t6coreboard.dir/Drivers/STM32F1xx_HAL_Driver/Src/stm32f1xx_hal_i2c.c.obj
 .ARM.attributes
                0x000004dc       0x2d CMakeFiles/c8t6coreboard.dir/Core/Src/system_stm32f1xx.c.obj
 .ARM.attributes
                0x00000509       0x2d CMakeFiles/c8t6coreboard.dir/Middlewares/ST/STM32_USB_Device_Library/Core/Src/usbd_core.c.obj
 .ARM.attributes
                0x00000536       0x2d CMakeFiles/c8t6coreboard.dir/Middlewares/ST/STM32_USB_Device_Library/Core/Src/usbd_ctlreq.c.obj
 .ARM.attributes
                0x00000563       0x2d CMakeFiles/c8t6coreboard.dir/Middlewares/ST/STM32_USB_Device_Library/Core/Src/usbd_ioreq.c.obj
 .ARM.attributes
                0x00000590       0x2d CMakeFiles/c8t6coreboard.dir/Middlewares/ST/STM32_USB_Device_Library/Class/CDC/Src/usbd_cdc.c.obj
 .ARM.attributes
                0x000005bd       0x2d CMakeFiles/c8t6coreboard.dir/Core/Src/sysmem.c.obj
 .ARM.attributes
                0x000005ea       0x21 CMakeFiles/c8t6coreboard.dir/startup_stm32f103xb.s.obj
 .ARM.attributes
                0x0000060b       0x1d /opt/st/stm32cubeide_1.17.0/plugins/com.st.stm32cube.ide.mcu.externaltools.gnu-tools-for-stm32.12.3.rel1.linux64_1.1.0.202410170702/tools/bin/../lib/gcc/arm-none-eabi/12.3.1/thumb/v7-m/nofp/libgcc.a(_arm_mulsf3.o)
 .ARM.attributes
                0x00000628       0x1d /opt/st/stm32cubeide_1.17.0/plugins/com.st.stm32cube.ide.mcu.externaltools.gnu-tools-for-stm32.12.3.rel1.linux64_1.1.0.202410170702/tools/bin/../lib/gcc/arm-none-eabi/12.3.1/thumb/v7-m/nofp/libgcc.a(_arm_addsubdf3.o)
 .ARM.attributes
                0x00000645       0x1d /opt/st/stm32cubeide_1.17.0/plugins/com.st.stm32cube.ide.mcu.externaltools.gnu-tools-for-stm32.12.3.rel1.linux64_1.1.0.202410170702/tools/bin/../lib/gcc/arm-none-eabi/12.3.1/thumb/v7-m/nofp/libgcc.a(_arm_muldivdf3.o)
 .ARM.attributes
                0x00000662       0x1d /opt/st/stm32cubeide_1.17.0/plugins/com.st.stm32cube.ide.mcu.externaltools.gnu-tools-for-stm32.12.3.rel1.linux64_1.1.0.202410170702/tools/bin/../lib/gcc/arm-none-eabi/12.3.1/thumb/v7-m/nofp/libgcc.a(_arm_fixunsdfsi.o)
 .ARM.attributes
                0x0000067f       0x1d /opt/st/stm32cubeide_1.17.0/plugins/com.st.stm32cube.ide.mcu.externaltools.gnu-tools-for-stm32.12.3.rel1.linux64_1.1.0.202410170702/tools/bin/../lib/gcc/arm-none-eabi/12.3.1/thumb/v7-m/nofp/libgcc.a(_arm_truncdfsf2.o)
 .ARM.attributes
                0x0000069c       0x1d /opt/st/stm32cubeide_1.17.0/plugins/com.st.stm32cube.ide.mcu.externaltools.gnu-tools-for-stm32.12.3.rel1.linux64_1.1.0.202410170702/tools/bin/../lib/gcc/arm-none-eabi/12.3.1/thumb/v7-m/nofp/libgcc.a(_arm_addsubsf3.o)
 .ARM.attributes
                0x000006b9       0x1d /opt/st/stm32cubeide_1.17.0/plugins/com.st.stm32cube.ide.mcu.externaltools.gnu-tools-for-stm32.12.3.rel1.linux64_1.1.0.202410170702/tools/bin/../lib/gcc/arm-none-eabi/12.3.1/thumb/v7-m/nofp/libgcc.a(_arm_fixsfsi.o)
 .ARM.attributes
                0x000006d6       0x2d /opt/st/stm32cubeide_1.17.0/plugins/com.st.stm32cube.ide.mcu.externaltools.gnu-tools-for-stm32.12.3.rel1.linux64_1.1.0.202410170702/tools/bin/../lib/gcc/arm-none-eabi/12.3.1/../../../../arm-none-eabi/lib/thumb/v7-m/nofp/libg_nano.a(libc_a-sprintf.o)
 .ARM.attributes
                0x00000703       0x2d /opt/st/stm32cubeide_1.17.0/plugins/com.st.stm32cube.ide.mcu.externaltools.gnu-tools-for-stm32.12.3.rel1.linux64_1.1.0.202410170702/tools/bin/../lib/gcc/arm-none-eabi/12.3.1/../../../../arm-none-eabi/lib/thumb/v7-m/nofp/libg_nano.a(libc_a-errno.o)
 .ARM.attributes
                0x00000730       0x2d /opt/st/stm32cubeide_1.17.0/plugins/com.st.stm32cube.ide.mcu.externaltools.gnu-tools-for-stm32.12.3.rel1.linux64_1.1.0.202410170702/tools/bin/../lib/gcc/arm-none-eabi/12.3.1/../../../../arm-none-eabi/lib/thumb/v7-m/nofp/libg_nano.a(libc_a-nano-svfprintf.o)
 .ARM.attributes
                0x0000075d       0x2d /opt/st/stm32cubeide_1.17.0/plugins/com.st.stm32cube.ide.mcu.externaltools.gnu-tools-for-stm32.12.3.rel1.linux64_1.1.0.202410170702/tools/bin/../lib/gcc/arm-none-eabi/12.3.1/../../../../arm-none-eabi/lib/thumb/v7-m/nofp/libg_nano.a(libc_a-nano-vfprintf_i.o)
 .ARM.attributes
                0x0000078a       0x2d /opt/st/stm32cubeide_1.17.0/plugins/com.st.stm32cube.ide.mcu.externaltools.gnu-tools-for-stm32.12.3.rel1.linux64_1.1.0.202410170702/tools/bin/../lib/gcc/arm-none-eabi/12.3.1/../../../../arm-none-eabi/lib/thumb/v7-m/nofp/libg_nano.a(libc_a-memmove.o)
 .ARM.attributes
                0x000007b7       0x2d /opt/st/stm32cubeide_1.17.0/plugins/com.st.stm32cube.ide.mcu.externaltools.gnu-tools-for-stm32.12.3.rel1.linux64_1.1.0.202410170702/tools/bin/../lib/gcc/arm-none-eabi/12.3.1/../../../../arm-none-eabi/lib/thumb/v7-m/nofp/libg_nano.a(libc_a-memchr-stub.o)
 .ARM.attributes
                0x000007e4       0x2d /opt/st/stm32cubeide_1.17.0/plugins/com.st.stm32cube.ide.mcu.externaltools.gnu-tools-for-stm32.12.3.rel1.linux64_1.1.0.202410170702/tools/bin/../lib/gcc/arm-none-eabi/12.3.1/../../../../arm-none-eabi/lib/thumb/v7-m/nofp/libg_nano.a(libc_a-memcpy-stub.o)
 .ARM.attributes
                0x00000811       0x2d /opt/st/stm32cubeide_1.17.0/plugins/com.st.stm32cube.ide.mcu.externaltools.gnu-tools-for-stm32.12.3.rel1.linux64_1.1.0.202410170702/tools/bin/../lib/gcc/arm-none-eabi/12.3.1/../../../../arm-none-eabi/lib/thumb/v7-m/nofp/libg_nano.a(libc_a-reallocr.o)
 .ARM.attributes
                0x0000083e       0x2d /opt/st/stm32cubeide_1.17.0/plugins/com.st.stm32cube.ide.mcu.externaltools.gnu-tools-for-stm32.12.3.rel1.linux64_1.1.0.202410170702/tools/bin/../lib/gcc/arm-none-eabi/12.3.1/../../../../arm-none-eabi/lib/thumb/v7-m/nofp/libg_nano.a(libc_a-msizer.o)
 .ARM.attributes
                0x0000086b       0x1d /opt/st/stm32cubeide_1.17.0/plugins/com.st.stm32cube.ide.mcu.externaltools.gnu-tools-for-stm32.12.3.rel1.linux64_1.1.0.202410170702/tools/bin/../lib/gcc/arm-none-eabi/12.3.1/thumb/v7-m/nofp/crtn.o

.comment        0x00000000       0x43
 .comment       0x00000000       0x43 CMakeFiles/c8t6coreboard.dir/Core/Src/main.c.obj
                                 0x44 (size before relaxing)
 .comment       0x00000043       0x44 CMakeFiles/c8t6coreboard.dir/Core/Src/stm32f1xx_it.c.obj
 .comment       0x00000043       0x44 CMakeFiles/c8t6coreboard.dir/Core/Src/stm32f1xx_hal_msp.c.obj
 .comment       0x00000043       0x44 CMakeFiles/c8t6coreboard.dir/USB_DEVICE/App/usb_device.c.obj
 .comment       0x00000043       0x44 CMakeFiles/c8t6coreboard.dir/USB_DEVICE/App/usbd_desc.c.obj
 .comment       0x00000043       0x44 CMakeFiles/c8t6coreboard.dir/USB_DEVICE/App/usbd_cdc_if.c.obj
 .comment       0x00000043       0x44 CMakeFiles/c8t6coreboard.dir/USB_DEVICE/Target/usbd_conf.c.obj
 .comment       0x00000043       0x44 CMakeFiles/c8t6coreboard.dir/Drivers/STM32F1xx_HAL_Driver/Src/stm32f1xx_hal_pcd.c.obj
 .comment       0x00000043       0x44 CMakeFiles/c8t6coreboard.dir/Drivers/STM32F1xx_HAL_Driver/Src/stm32f1xx_hal_pcd_ex.c.obj
 .comment       0x00000043       0x44 CMakeFiles/c8t6coreboard.dir/Drivers/STM32F1xx_HAL_Driver/Src/stm32f1xx_ll_usb.c.obj
 .comment       0x00000043       0x44 CMakeFiles/c8t6coreboard.dir/Drivers/STM32F1xx_HAL_Driver/Src/stm32f1xx_hal.c.obj
 .comment       0x00000043       0x44 CMakeFiles/c8t6coreboard.dir/Drivers/STM32F1xx_HAL_Driver/Src/stm32f1xx_hal_rcc.c.obj
 .comment       0x00000043       0x44 CMakeFiles/c8t6coreboard.dir/Drivers/STM32F1xx_HAL_Driver/Src/stm32f1xx_hal_rcc_ex.c.obj
 .comment       0x00000043       0x44 CMakeFiles/c8t6coreboard.dir/Drivers/STM32F1xx_HAL_Driver/Src/stm32f1xx_hal_gpio.c.obj
 .comment       0x00000043       0x44 CMakeFiles/c8t6coreboard.dir/Drivers/STM32F1xx_HAL_Driver/Src/stm32f1xx_hal_cortex.c.obj
 .comment       0x00000043       0x44 CMakeFiles/c8t6coreboard.dir/Drivers/STM32F1xx_HAL_Driver/Src/stm32f1xx_hal_i2c.c.obj
 .comment       0x00000043       0x44 CMakeFiles/c8t6coreboard.dir/Core/Src/system_stm32f1xx.c.obj
 .comment       0x00000043       0x44 CMakeFiles/c8t6coreboard.dir/Middlewares/ST/STM32_USB_Device_Library/Core/Src/usbd_core.c.obj
 .comment       0x00000043       0x44 CMakeFiles/c8t6coreboard.dir/Middlewares/ST/STM32_USB_Device_Library/Core/Src/usbd_ctlreq.c.obj
 .comment       0x00000043       0x44 CMakeFiles/c8t6coreboard.dir/Middlewares/ST/STM32_USB_Device_Library/Core/Src/usbd_ioreq.c.obj
 .comment       0x00000043       0x44 CMakeFiles/c8t6coreboard.dir/Middlewares/ST/STM32_USB_Device_Library/Class/CDC/Src/usbd_cdc.c.obj
 .comment       0x00000043       0x44 CMakeFiles/c8t6coreboard.dir/Core/Src/sysmem.c.obj
 .comment       0x00000043       0x44 /opt/st/stm32cubeide_1.17.0/plugins/com.st.stm32cube.ide.mcu.externaltools.gnu-tools-for-stm32.12.3.rel1.linux64_1.1.0.202410170702/tools/bin/../lib/gcc/arm-none-eabi/12.3.1/../../../../arm-none-eabi/lib/thumb/v7-m/nofp/libg_nano.a(libc_a-sprintf.o)
 .comment       0x00000043       0x44 /opt/st/stm32cubeide_1.17.0/plugins/com.st.stm32cube.ide.mcu.externaltools.gnu-tools-for-stm32.12.3.rel1.linux64_1.1.0.202410170702/tools/bin/../lib/gcc/arm-none-eabi/12.3.1/../../../../arm-none-eabi/lib/thumb/v7-m/nofp/libg_nano.a(libc_a-errno.o)
 .comment       0x00000043       0x44 /opt/st/stm32cubeide_1.17.0/plugins/com.st.stm32cube.ide.mcu.externaltools.gnu-tools-for-stm32.12.3.rel1.linux64_1.1.0.202410170702/tools/bin/../lib/gcc/arm-none-eabi/12.3.1/../../../../arm-none-eabi/lib/thumb/v7-m/nofp/libg_nano.a(libc_a-nano-svfprintf.o)
 .comment       0x00000043       0x44 /opt/st/stm32cubeide_1.17.0/plugins/com.st.stm32cube.ide.mcu.externaltools.gnu-tools-for-stm32.12.3.rel1.linux64_1.1.0.202410170702/tools/bin/../lib/gcc/arm-none-eabi/12.3.1/../../../../arm-none-eabi/lib/thumb/v7-m/nofp/libg_nano.a(libc_a-nano-vfprintf_i.o)
 .comment       0x00000043       0x44 /opt/st/stm32cubeide_1.17.0/plugins/com.st.stm32cube.ide.mcu.externaltools.gnu-tools-for-stm32.12.3.rel1.linux64_1.1.0.202410170702/tools/bin/../lib/gcc/arm-none-eabi/12.3.1/../../../../arm-none-eabi/lib/thumb/v7-m/nofp/libg_nano.a(libc_a-memmove.o)
 .comment       0x00000043       0x44 /opt/st/stm32cubeide_1.17.0/plugins/com.st.stm32cube.ide.mcu.externaltools.gnu-tools-for-stm32.12.3.rel1.linux64_1.1.0.202410170702/tools/bin/../lib/gcc/arm-none-eabi/12.3.1/../../../../arm-none-eabi/lib/thumb/v7-m/nofp/libg_nano.a(libc_a-memchr-stub.o)
 .comment       0x00000043       0x44 /opt/st/stm32cubeide_1.17.0/plugins/com.st.stm32cube.ide.mcu.externaltools.gnu-tools-for-stm32.12.3.rel1.linux64_1.1.0.202410170702/tools/bin/../lib/gcc/arm-none-eabi/12.3.1/../../../../arm-none-eabi/lib/thumb/v7-m/nofp/libg_nano.a(libc_a-memcpy-stub.o)
 .comment       0x00000043       0x44 /opt/st/stm32cubeide_1.17.0/plugins/com.st.stm32cube.ide.mcu.externaltools.gnu-tools-for-stm32.12.3.rel1.linux64_1.1.0.202410170702/tools/bin/../lib/gcc/arm-none-eabi/12.3.1/../../../../arm-none-eabi/lib/thumb/v7-m/nofp/libg_nano.a(libc_a-reallocr.o)
 .comment       0x00000043       0x44 /opt/st/stm32cubeide_1.17.0/plugins/com.st.stm32cube.ide.mcu.externaltools.gnu-tools-for-stm32.12.3.rel1.linux64_1.1.0.202410170702/tools/bin/../lib/gcc/arm-none-eabi/12.3.1/../../../../arm-none-eabi/lib/thumb/v7-m/nofp/libg_nano.a(libc_a-msizer.o)

.debug_frame    0x00000000     0x3c58
 .debug_frame   0x00000000      0x144 /opt/st/stm32cubeide_1.17.0/plugins/com.st.stm32cube.ide.mcu.externaltools.gnu-tools-for-stm32.12.3.rel1.linux64_1.1.0.202410170702/tools/bin/../lib/gcc/arm-none-eabi/12.3.1/../../../../arm-none-eabi/lib/thumb/v7-m/nofp/libc_nano.a(libc_a-findfp.o)
 .debug_frame   0x00000144       0x20 /opt/st/stm32cubeide_1.17.0/plugins/com.st.stm32cube.ide.mcu.externaltools.gnu-tools-for-stm32.12.3.rel1.linux64_1.1.0.202410170702/tools/bin/../lib/gcc/arm-none-eabi/12.3.1/../../../../arm-none-eabi/lib/thumb/v7-m/nofp/libc_nano.a(libc_a-memset.o)
 .debug_frame   0x00000164       0x38 /opt/st/stm32cubeide_1.17.0/plugins/com.st.stm32cube.ide.mcu.externaltools.gnu-tools-for-stm32.12.3.rel1.linux64_1.1.0.202410170702/tools/bin/../lib/gcc/arm-none-eabi/12.3.1/../../../../arm-none-eabi/lib/thumb/v7-m/nofp/libc_nano.a(libc_a-reent.o)
 .debug_frame   0x0000019c       0x2c /opt/st/stm32cubeide_1.17.0/plugins/com.st.stm32cube.ide.mcu.externaltools.gnu-tools-for-stm32.12.3.rel1.linux64_1.1.0.202410170702/tools/bin/../lib/gcc/arm-none-eabi/12.3.1/../../../../arm-none-eabi/lib/thumb/v7-m/nofp/libc_nano.a(libc_a-init.o)
 .debug_frame   0x000001c8       0xb0 /opt/st/stm32cubeide_1.17.0/plugins/com.st.stm32cube.ide.mcu.externaltools.gnu-tools-for-stm32.12.3.rel1.linux64_1.1.0.202410170702/tools/bin/../lib/gcc/arm-none-eabi/12.3.1/../../../../arm-none-eabi/lib/thumb/v7-m/nofp/libc_nano.a(libc_a-lock.o)
 .debug_frame   0x00000278       0x38 /opt/st/stm32cubeide_1.17.0/plugins/com.st.stm32cube.ide.mcu.externaltools.gnu-tools-for-stm32.12.3.rel1.linux64_1.1.0.202410170702/tools/bin/../lib/gcc/arm-none-eabi/12.3.1/../../../../arm-none-eabi/lib/thumb/v7-m/nofp/libc_nano.a(libc_a-freer.o)
 .debug_frame   0x000002b0       0x50 /opt/st/stm32cubeide_1.17.0/plugins/com.st.stm32cube.ide.mcu.externaltools.gnu-tools-for-stm32.12.3.rel1.linux64_1.1.0.202410170702/tools/bin/../lib/gcc/arm-none-eabi/12.3.1/../../../../arm-none-eabi/lib/thumb/v7-m/nofp/libc_nano.a(libc_a-mallocr.o)
 .debug_frame   0x00000300       0x30 /opt/st/stm32cubeide_1.17.0/plugins/com.st.stm32cube.ide.mcu.externaltools.gnu-tools-for-stm32.12.3.rel1.linux64_1.1.0.202410170702/tools/bin/../lib/gcc/arm-none-eabi/12.3.1/../../../../arm-none-eabi/lib/thumb/v7-m/nofp/libc_nano.a(libc_a-mlock.o)
 .debug_frame   0x00000330       0x2c /opt/st/stm32cubeide_1.17.0/plugins/com.st.stm32cube.ide.mcu.externaltools.gnu-tools-for-stm32.12.3.rel1.linux64_1.1.0.202410170702/tools/bin/../lib/gcc/arm-none-eabi/12.3.1/../../../../arm-none-eabi/lib/thumb/v7-m/nofp/libc_nano.a(libc_a-sbrkr.o)
 .debug_frame   0x0000035c       0xd8 CMakeFiles/c8t6coreboard.dir/Core/Src/main.c.obj
 .debug_frame   0x00000434      0x120 CMakeFiles/c8t6coreboard.dir/Core/Src/stm32f1xx_it.c.obj
 .debug_frame   0x00000554       0x80 CMakeFiles/c8t6coreboard.dir/Core/Src/stm32f1xx_hal_msp.c.obj
 .debug_frame   0x000005d4       0x2c CMakeFiles/c8t6coreboard.dir/USB_DEVICE/App/usb_device.c.obj
 .debug_frame   0x00000600      0x160 CMakeFiles/c8t6coreboard.dir/USB_DEVICE/App/usbd_desc.c.obj
 .debug_frame   0x00000760       0xbc CMakeFiles/c8t6coreboard.dir/USB_DEVICE/App/usbd_cdc_if.c.obj
 .debug_frame   0x0000081c      0x4a4 CMakeFiles/c8t6coreboard.dir/USB_DEVICE/Target/usbd_conf.c.obj
 .debug_frame   0x00000cc0      0x594 CMakeFiles/c8t6coreboard.dir/Drivers/STM32F1xx_HAL_Driver/Src/stm32f1xx_hal_pcd.c.obj
 .debug_frame   0x00001254       0xb0 CMakeFiles/c8t6coreboard.dir/Drivers/STM32F1xx_HAL_Driver/Src/stm32f1xx_hal_pcd_ex.c.obj
 .debug_frame   0x00001304      0x470 CMakeFiles/c8t6coreboard.dir/Drivers/STM32F1xx_HAL_Driver/Src/stm32f1xx_ll_usb.c.obj
 .debug_frame   0x00001774      0x334 CMakeFiles/c8t6coreboard.dir/Drivers/STM32F1xx_HAL_Driver/Src/stm32f1xx_hal.c.obj
 .debug_frame   0x00001aa8      0x218 CMakeFiles/c8t6coreboard.dir/Drivers/STM32F1xx_HAL_Driver/Src/stm32f1xx_hal_rcc.c.obj
 .debug_frame   0x00001cc0       0x80 CMakeFiles/c8t6coreboard.dir/Drivers/STM32F1xx_HAL_Driver/Src/stm32f1xx_hal_rcc_ex.c.obj
 .debug_frame   0x00001d40      0x14c CMakeFiles/c8t6coreboard.dir/Drivers/STM32F1xx_HAL_Driver/Src/stm32f1xx_hal_gpio.c.obj
 .debug_frame   0x00001e8c      0x428 CMakeFiles/c8t6coreboard.dir/Drivers/STM32F1xx_HAL_Driver/Src/stm32f1xx_hal_cortex.c.obj
 .debug_frame   0x000022b4      0xc84 CMakeFiles/c8t6coreboard.dir/Drivers/STM32F1xx_HAL_Driver/Src/stm32f1xx_hal_i2c.c.obj
 .debug_frame   0x00002f38       0x58 CMakeFiles/c8t6coreboard.dir/Core/Src/system_stm32f1xx.c.obj
 .debug_frame   0x00002f90      0x300 CMakeFiles/c8t6coreboard.dir/Middlewares/ST/STM32_USB_Device_Library/Core/Src/usbd_core.c.obj
 .debug_frame   0x00003290      0x218 CMakeFiles/c8t6coreboard.dir/Middlewares/ST/STM32_USB_Device_Library/Core/Src/usbd_ctlreq.c.obj
 .debug_frame   0x000034a8      0x10c CMakeFiles/c8t6coreboard.dir/Middlewares/ST/STM32_USB_Device_Library/Core/Src/usbd_ioreq.c.obj
 .debug_frame   0x000035b4      0x248 CMakeFiles/c8t6coreboard.dir/Middlewares/ST/STM32_USB_Device_Library/Class/CDC/Src/usbd_cdc.c.obj
 .debug_frame   0x000037fc       0x34 CMakeFiles/c8t6coreboard.dir/Core/Src/sysmem.c.obj
 .debug_frame   0x00003830       0x24 /opt/st/stm32cubeide_1.17.0/plugins/com.st.stm32cube.ide.mcu.externaltools.gnu-tools-for-stm32.12.3.rel1.linux64_1.1.0.202410170702/tools/bin/../lib/gcc/arm-none-eabi/12.3.1/thumb/v7-m/nofp/libgcc.a(_arm_mulsf3.o)
 .debug_frame   0x00003854       0xac /opt/st/stm32cubeide_1.17.0/plugins/com.st.stm32cube.ide.mcu.externaltools.gnu-tools-for-stm32.12.3.rel1.linux64_1.1.0.202410170702/tools/bin/../lib/gcc/arm-none-eabi/12.3.1/thumb/v7-m/nofp/libgcc.a(_arm_addsubdf3.o)
 .debug_frame   0x00003900       0x50 /opt/st/stm32cubeide_1.17.0/plugins/com.st.stm32cube.ide.mcu.externaltools.gnu-tools-for-stm32.12.3.rel1.linux64_1.1.0.202410170702/tools/bin/../lib/gcc/arm-none-eabi/12.3.1/thumb/v7-m/nofp/libgcc.a(_arm_muldivdf3.o)
 .debug_frame   0x00003950       0x24 /opt/st/stm32cubeide_1.17.0/plugins/com.st.stm32cube.ide.mcu.externaltools.gnu-tools-for-stm32.12.3.rel1.linux64_1.1.0.202410170702/tools/bin/../lib/gcc/arm-none-eabi/12.3.1/thumb/v7-m/nofp/libgcc.a(_arm_fixunsdfsi.o)
 .debug_frame   0x00003974       0x24 /opt/st/stm32cubeide_1.17.0/plugins/com.st.stm32cube.ide.mcu.externaltools.gnu-tools-for-stm32.12.3.rel1.linux64_1.1.0.202410170702/tools/bin/../lib/gcc/arm-none-eabi/12.3.1/thumb/v7-m/nofp/libgcc.a(_arm_truncdfsf2.o)
 .debug_frame   0x00003998       0x4c /opt/st/stm32cubeide_1.17.0/plugins/com.st.stm32cube.ide.mcu.externaltools.gnu-tools-for-stm32.12.3.rel1.linux64_1.1.0.202410170702/tools/bin/../lib/gcc/arm-none-eabi/12.3.1/thumb/v7-m/nofp/libgcc.a(_arm_addsubsf3.o)
 .debug_frame   0x000039e4       0x24 /opt/st/stm32cubeide_1.17.0/plugins/com.st.stm32cube.ide.mcu.externaltools.gnu-tools-for-stm32.12.3.rel1.linux64_1.1.0.202410170702/tools/bin/../lib/gcc/arm-none-eabi/12.3.1/thumb/v7-m/nofp/libgcc.a(_arm_fixsfsi.o)
 .debug_frame   0x00003a08       0x6c /opt/st/stm32cubeide_1.17.0/plugins/com.st.stm32cube.ide.mcu.externaltools.gnu-tools-for-stm32.12.3.rel1.linux64_1.1.0.202410170702/tools/bin/../lib/gcc/arm-none-eabi/12.3.1/../../../../arm-none-eabi/lib/thumb/v7-m/nofp/libg_nano.a(libc_a-sprintf.o)
 .debug_frame   0x00003a74       0x20 /opt/st/stm32cubeide_1.17.0/plugins/com.st.stm32cube.ide.mcu.externaltools.gnu-tools-for-stm32.12.3.rel1.linux64_1.1.0.202410170702/tools/bin/../lib/gcc/arm-none-eabi/12.3.1/../../../../arm-none-eabi/lib/thumb/v7-m/nofp/libg_nano.a(libc_a-errno.o)