Archive member included to satisfy reference by file (symbol)

/opt/st/stm32cubeide_1.17.0/plugins/com.st.stm32cube.ide.mcu.externaltools.gnu-tools-for-stm32.12.3.rel1.linux64_1.1.0.202410170702/tools/bin/../lib/gcc/arm-none-eabi/12.3.1/../../../../arm-none-eabi/lib/thumb/v7-m/nofp/libc_nano.a(libc_a-exit.o)
                              /opt/st/stm32cubeide_1.17.0/plugins/com.st.stm32cube.ide.mcu.externaltools.gnu-tools-for-stm32.12.3.rel1.linux64_1.1.0.202410170702/tools/bin/../lib/gcc/arm-none-eabi/12.3.1/../../../../arm-none-eabi/lib/thumb/v7-m/nofp/crt0.o (exit)
/opt/st/stm32cubeide_1.17.0/plugins/com.st.stm32cube.ide.mcu.externaltools.gnu-tools-for-stm32.12.3.rel1.linux64_1.1.0.202410170702/tools/bin/../lib/gcc/arm-none-eabi/12.3.1/../../../../arm-none-eabi/lib/thumb/v7-m/nofp/libc_nano.a(libc_a-findfp.o)
                              /opt/st/stm32cubeide_1.17.0/plugins/com.st.stm32cube.ide.mcu.externaltools.gnu-tools-for-stm32.12.3.rel1.linux64_1.1.0.202410170702/tools/bin/../lib/gcc/arm-none-eabi/12.3.1/../../../../arm-none-eabi/lib/thumb/v7-m/nofp/libc_nano.a(libc_a-exit.o) (__stdio_exit_handler)
/opt/st/stm32cubeide_1.17.0/plugins/com.st.stm32cube.ide.mcu.externaltools.gnu-tools-for-stm32.12.3.rel1.linux64_1.1.0.202410170702/tools/bin/../lib/gcc/arm-none-eabi/12.3.1/../../../../arm-none-eabi/lib/thumb/v7-m/nofp/libc_nano.a(libc_a-fwalk.o)
                              /opt/st/stm32cubeide_1.17.0/plugins/com.st.stm32cube.ide.mcu.externaltools.gnu-tools-for-stm32.12.3.rel1.linux64_1.1.0.202410170702/tools/bin/../lib/gcc/arm-none-eabi/12.3.1/../../../../arm-none-eabi/lib/thumb/v7-m/nofp/libc_nano.a(libc_a-findfp.o) (_fwalk_sglue)
/opt/st/stm32cubeide_1.17.0/plugins/com.st.stm32cube.ide.mcu.externaltools.gnu-tools-for-stm32.12.3.rel1.linux64_1.1.0.202410170702/tools/bin/../lib/gcc/arm-none-eabi/12.3.1/../../../../arm-none-eabi/lib/thumb/v7-m/nofp/libc_nano.a(libc_a-sprintf.o)
                              CMakeFiles/c8t6coreboard.dir/Core/Src/main.cpp.obj (sprintf)
/opt/st/stm32cubeide_1.17.0/plugins/com.st.stm32cube.ide.mcu.externaltools.gnu-tools-for-stm32.12.3.rel1.linux64_1.1.0.202410170702/tools/bin/../lib/gcc/arm-none-eabi/12.3.1/../../../../arm-none-eabi/lib/thumb/v7-m/nofp/libc_nano.a(libc_a-stdio.o)
                              /opt/st/stm32cubeide_1.17.0/plugins/com.st.stm32cube.ide.mcu.externaltools.gnu-tools-for-stm32.12.3.rel1.linux64_1.1.0.202410170702/tools/bin/../lib/gcc/arm-none-eabi/12.3.1/../../../../arm-none-eabi/lib/thumb/v7-m/nofp/libc_nano.a(libc_a-findfp.o) (__sread)
/opt/st/stm32cubeide_1.17.0/plugins/com.st.stm32cube.ide.mcu.externaltools.gnu-tools-for-stm32.12.3.rel1.linux64_1.1.0.202410170702/tools/bin/../lib/gcc/arm-none-eabi/12.3.1/../../../../arm-none-eabi/lib/thumb/v7-m/nofp/libc_nano.a(libc_a-memset.o)
                              /opt/st/stm32cubeide_1.17.0/plugins/com.st.stm32cube.ide.mcu.externaltools.gnu-tools-for-stm32.12.3.rel1.linux64_1.1.0.202410170702/tools/bin/../lib/gcc/arm-none-eabi/12.3.1/../../../../arm-none-eabi/lib/thumb/v7-m/nofp/crt0.o (memset)
/opt/st/stm32cubeide_1.17.0/plugins/com.st.stm32cube.ide.mcu.externaltools.gnu-tools-for-stm32.12.3.rel1.linux64_1.1.0.202410170702/tools/bin/../lib/gcc/arm-none-eabi/12.3.1/../../../../arm-none-eabi/lib/thumb/v7-m/nofp/libc_nano.a(libc_a-closer.o)
                              /opt/st/stm32cubeide_1.17.0/plugins/com.st.stm32cube.ide.mcu.externaltools.gnu-tools-for-stm32.12.3.rel1.linux64_1.1.0.202410170702/tools/bin/../lib/gcc/arm-none-eabi/12.3.1/../../../../arm-none-eabi/lib/thumb/v7-m/nofp/libc_nano.a(libc_a-stdio.o) (_close_r)
/opt/st/stm32cubeide_1.17.0/plugins/com.st.stm32cube.ide.mcu.externaltools.gnu-tools-for-stm32.12.3.rel1.linux64_1.1.0.202410170702/tools/bin/../lib/gcc/arm-none-eabi/12.3.1/../../../../arm-none-eabi/lib/thumb/v7-m/nofp/libc_nano.a(libc_a-reent.o)
                              /opt/st/stm32cubeide_1.17.0/plugins/com.st.stm32cube.ide.mcu.externaltools.gnu-tools-for-stm32.12.3.rel1.linux64_1.1.0.202410170702/tools/bin/../lib/gcc/arm-none-eabi/12.3.1/../../../../arm-none-eabi/lib/thumb/v7-m/nofp/libc_nano.a(libc_a-closer.o) (errno)
/opt/st/stm32cubeide_1.17.0/plugins/com.st.stm32cube.ide.mcu.externaltools.gnu-tools-for-stm32.12.3.rel1.linux64_1.1.0.202410170702/tools/bin/../lib/gcc/arm-none-eabi/12.3.1/../../../../arm-none-eabi/lib/thumb/v7-m/nofp/libc_nano.a(libc_a-impure.o)
                              /opt/st/stm32cubeide_1.17.0/plugins/com.st.stm32cube.ide.mcu.externaltools.gnu-tools-for-stm32.12.3.rel1.linux64_1.1.0.202410170702/tools/bin/../lib/gcc/arm-none-eabi/12.3.1/../../../../arm-none-eabi/lib/thumb/v7-m/nofp/libc_nano.a(libc_a-sprintf.o) (_impure_ptr)
/opt/st/stm32cubeide_1.17.0/plugins/com.st.stm32cube.ide.mcu.externaltools.gnu-tools-for-stm32.12.3.rel1.linux64_1.1.0.202410170702/tools/bin/../lib/gcc/arm-none-eabi/12.3.1/../../../../arm-none-eabi/lib/thumb/v7-m/nofp/libc_nano.a(libc_a-lseekr.o)
[...]
Memory Configuration

Name             Origin             Length             Attributes
RAM              0x20000000         0x00005000         xrw
FLASH            0x08000000         0x00010000         xr
*default*        0x00000000         0xffffffff

Linker script and memory map

LOAD /opt/st/stm32cubeide_1.17.0/plugins/com.st.stm32cube.ide.mcu.externaltools.gnu-tools-for-stm32.12.3.rel1.linux64_1.1.0.202410170702/tools/bin/../lib/gcc/arm-none-eabi/12.3.1/thumb/v7-m/nofp/crti.o
LOAD /opt/st/stm32cubeide_1.17.0/plugins/com.st.stm32cube.ide.mcu.externaltools.gnu-tools-for-stm32.12.3.rel1.linux64_1.1.0.202410170702/tools/bin/../lib/gcc/arm-none-eabi/12.3.1/thumb/v7-m/nofp/crtbegin.o
LOAD /opt/st/stm32cubeide_1.17.0/plugins/com.st.stm32cube.ide.mcu.externaltools.gnu-tools-for-stm32.12.3.rel1.linux64_1.1.0.202410170702/tools/bin/../lib/gcc/arm-none-eabi/12.3.1/../../../../arm-none-eabi/lib/thumb/v7-m/nofp/crt0.o
START GROUP
END GROUP
START GROUP
LOAD /opt/st/stm32cubeide_1.17.0/plugins/com.st.stm32cube.ide.mcu.externaltools.gnu-tools-for-stm32.12.3.rel1.linux64_1.1.0.202410170702/tools/bin/../lib/gcc/arm-none-eabi/12.3.1/../../../../arm-none-eabi/lib/thumb/v7-m/nofp/libstdc++_nano.a
LOAD /opt/st/stm32cubeide_1.17.0/plugins/com.st.stm32cube.ide.mcu.externaltools.gnu-tools-for-stm32.12.3.rel1.linux64_1.1.0.202410170702/tools/bin/../lib/gcc/arm-none-eabi/12.3.1/../../../../arm-none-eabi/lib/thumb/v7-m/nofp/libsupc++_nano.a
END GROUP
LOAD CMakeFiles/c8t6coreboard.dir/Core/Src/main.cpp.obj
LOAD CMakeFiles/c8t6coreboard.dir/Core/Src/aht20.cpp.obj
LOAD CMakeFiles/c8t6coreboard.dir/Core/Src/ags10.cpp.obj
LOAD CMakeFiles/c8t6coreboard.dir/Core/Src/acd10.cpp.obj
LOAD CMakeFiles/c8t6coreboard.dir/Core/Src/stm32f1xx_it.c.obj
LOAD CMakeFiles/c8t6coreboard.dir/Core/Src/stm32f1xx_hal_msp.c.obj
LOAD CMakeFiles/c8t6coreboard.dir/USB_DEVICE/App/usb_device.c.obj
LOAD CMakeFiles/c8t6coreboard.dir/USB_DEVICE/App/usbd_desc.c.obj
LOAD CMakeFiles/c8t6coreboard.dir/USB_DEVICE/App/usbd_cdc_if.c.obj
LOAD CMakeFiles/c8t6coreboard.dir/USB_DEVICE/Target/usbd_conf.c.obj
LOAD CMakeFiles/c8t6coreboard.dir/Drivers/STM32F1xx_HAL_Driver/Src/stm32f1xx_hal_gpio_ex.c.obj
LOAD CMakeFiles/c8t6coreboard.dir/Drivers/STM32F1xx_HAL_Driver/Src/stm32f1xx_hal_pcd.c.obj
LOAD CMakeFiles/c8t6coreboard.dir/Drivers/STM32F1xx_HAL_Driver/Src/stm32f1xx_hal_pcd_ex.c.obj
LOAD CMakeFiles/c8t6coreboard.dir/Drivers/STM32F1xx_HAL_Driver/Src/stm32f1xx_ll_usb.c.obj
LOAD CMakeFiles/c8t6coreboard.dir/Drivers/STM32F1xx_HAL_Driver/Src/stm32f1xx_hal.c.obj
LOAD CMakeFiles/c8t6coreboard.dir/Drivers/STM32F1xx_HAL_Driver/Src/stm32f1xx_hal_rcc.c.obj
LOAD CMakeFiles/c8t6coreboard.dir/Drivers/STM32F1xx_HAL_Driver/Src/stm32f1xx_hal_rcc_ex.c.obj
LOAD CMakeFiles/c8t6coreboard.dir/Drivers/STM32F1xx_HAL_Driver/Src/stm32f1xx_hal_gpio.c.obj
LOAD CMakeFiles/c8t6coreboard.dir/Drivers/STM32F1xx_HAL_Driver/Src/stm32f1xx_hal_dma.c.obj
LOAD CMakeFiles/c8t6coreboard.dir/Drivers/STM32F1xx_HAL_Driver/Src/stm32f1xx_hal_cortex.c.obj
LOAD CMakeFiles/c8t6coreboard.dir/Drivers/STM32F1xx_HAL_Driver/Src/stm32f1xx_hal_pwr.c.obj
LOAD CMakeFiles/c8t6coreboard.dir/Drivers/STM32F1xx_HAL_Driver/Src/stm32f1xx_hal_flash.c.obj
LOAD CMakeFiles/c8t6coreboard.dir/Drivers/STM32F1xx_HAL_Driver/Src/stm32f1xx_hal_flash_ex.c.obj
LOAD CMakeFiles/c8t6coreboard.dir/Drivers/STM32F1xx_HAL_Driver/Src/stm32f1xx_hal_exti.c.obj
LOAD CMakeFiles/c8t6coreboard.dir/Drivers/STM32F1xx_HAL_Driver/Src/stm32f1xx_hal_i2c.c.obj
LOAD CMakeFiles/c8t6coreboard.dir/Core/Src/system_stm32f1xx.c.obj
LOAD CMakeFiles/c8t6coreboard.dir/Middlewares/ST/STM32_USB_Device_Library/Core/Src/usbd_core.c.obj
LOAD CMakeFiles/c8t6coreboard.dir/Middlewares/ST/STM32_USB_Device_Library/Core/Src/usbd_ctlreq.c.obj
LOAD CMakeFiles/c8t6coreboard.dir/Middlewares/ST/STM32_USB_Device_Library/Core/Src/usbd_ioreq.c.obj
LOAD CMakeFiles/c8t6coreboard.dir/Middlewares/ST/STM32_USB_Device_Library/Class/CDC/Src/usbd_cdc.c.obj
LOAD CMakeFiles/c8t6coreboard.dir/Core/Src/sysmem.c.obj
LOAD CMakeFiles/c8t6coreboard.dir/Core/Src/syscalls.c.obj
LOAD CMakeFiles/c8t6coreboard.dir/startup_stm32f103xb.s.obj
LOAD /opt/st/stm32cubeide_1.17.0/plugins/com.st.stm32cube.ide.mcu.externaltools.gnu-tools-for-stm32.12.3.rel1.linux64_1.1.0.202410170702/tools/bin/../lib/gcc/arm-none-eabi/12.3.1/../../../../arm-none-eabi/lib/thumb/v7-m/nofp/libstdc++_nano.a
LOAD /opt/st/stm32cubeide_1.17.0/plugins/com.st.stm32cube.ide.mcu.externaltools.gnu-tools-for-stm32.12.3.rel1.linux64_1.1.0.202410170702/tools/bin/../lib/gcc/arm-none-eabi/12.3.1/../../../../arm-none-eabi/lib/thumb/v7-m/nofp/libm.a
LOAD /opt/st/stm32cubeide_1.17.0/plugins/com.st.stm32cube.ide.mcu.externaltools.gnu-tools-for-stm32.12.3.rel1.linux64_1.1.0.202410170702/tools/bin/../lib/gcc/arm-none-eabi/12.3.1/../../../../arm-none-eabi/lib/thumb/v7-m/nofp/libc_nano.a
START GROUP
LOAD /opt/st/stm32cubeide_1.17.0/plugins/com.st.stm32cube.ide.mcu.externaltools.gnu-tools-for-stm32.12.3.rel1.linux64_1.1.0.202410170702/tools/bin/../lib/gcc/arm-none-eabi/12.3.1/thumb/v7-m/nofp/libgcc.a
LOAD /opt/st/stm32cubeide_1.17.0/plugins/com.st.stm32cube.ide.mcu.externaltools.gnu-tools-for-stm32.12.3.rel1.linux64_1.1.0.202410170702/tools/bin/../lib/gcc/arm-none-eabi/12.3.1/../../../../arm-none-eabi/lib/thumb/v7-m/nofp/libg_nano.a
LOAD /opt/st/stm32cubeide_1.17.0/plugins/com.st.stm32cube.ide.mcu.externaltools.gnu-tools-for-stm32.12.3.rel1.linux64_1.1.0.202410170702/tools/bin/../lib/gcc/arm-none-eabi/12.3.1/../../../../arm-none-eabi/lib/thumb/v7-m/nofp/libc_nano.a
END GROUP
START GROUP
LOAD /opt/st/stm32cubeide_1.17.0/plugins/com.st.stm32cube.ide.mcu.externaltools.gnu-tools-for-stm32.12.3.rel1.linux64_1.1.0.202410170702/tools/bin/../lib/gcc/arm-none-eabi/12.3.1/thumb/v7-m/nofp/libgcc.a
LOAD /opt/st/stm32cubeide_1.17.0/plugins/com.st.stm32cube.ide.mcu.externaltools.gnu-tools-for-stm32.12.3.rel1.linux64_1.1.0.202410170702/tools/bin/../lib/gcc/arm-none-eabi/12.3.1/../../../../arm-none-eabi/lib/thumb/v7-m/nofp/libc_nano.a
END GROUP
LOAD /opt/st/stm32cubeide_1.17.0/plugins/com.st.stm32cube.ide.mcu.externaltools.gnu-tools-for-stm32.12.3.rel1.linux64_1.1.0.202410170702/tools/bin/../lib/gcc/arm-none-eabi/12.3.1/thumb/v7-m/nofp/crtend.o
LOAD /opt/st/stm32cubeide_1.17.0/plugins/com.st.stm32cube.ide.mcu.externaltools.gnu-tools-for-stm32.12.3.rel1.linux64_1.1.0.202410170702/tools/bin/../lib/gcc/arm-none-eabi/12.3.1/thumb/v7-m/nofp/crtn.o
                0x20005000                        _estack = (ORIGIN (RAM) + LENGTH (RAM))
                0x00000200                        _Min_Heap_Size = 0x200
                0x00000400                        _Min_Stack_Size = 0x400

.isr_vector     0x08000000      0x10c
                0x08000000                        . = ALIGN (0x4)
 *(.isr_vector)
 .isr_vector    0x08000000      0x10c CMakeFiles/c8t6coreboard.dir/startup_stm32f103xb.s.obj
                0x08000000                g_pfnVectors
                0x0800010c                        . = ALIGN (0x4)

.text           0x08000110     0xa988
                0x08000110                        . = ALIGN (0x4)
 *(.text)
 .text          0x08000110       0x40 /opt/st/stm32cubeide_1.17.0/plugins/com.st.stm32cube.ide.mcu.externaltools.gnu-tools-for-stm32.12.3.rel1.linux64_1.1.0.202410170702/tools/bin/../lib/gcc/arm-none-eabi/12.3.1/thumb/v7-m/nofp/crtbegin.o
 .text          0x08000150      0x168 /opt/st/stm32cubeide_1.17.0/plugins/com.st.stm32cube.ide.mcu.externaltools.gnu-tools-for-stm32.12.3.rel1.linux64_1.1.0.202410170702/tools/bin/../lib/gcc/arm-none-eabi/12.3.1/thumb/v7-m/nofp/libgcc.a(_arm_mulsf3.o)
                0x08000150                __mulsf3
                0x08000150                __aeabi_fmul
 .text          0x080002b8      0x378 /opt/st/stm32cubeide_1.17.0/plugins/com.st.stm32cube.ide.mcu.externaltools.gnu-tools-for-stm32.12.3.rel1.linux64_1.1.0.202410170702/tools/bin/../lib/gcc/arm-none-eabi/12.3.1/thumb/v7-m/nofp/libgcc.a(_arm_addsubdf3.o)
                0x080002b8                __aeabi_drsub
                0x080002c0                __aeabi_dsub
                0x080002c0                __subdf3
                0x080002c4                __adddf3
                0x080002c4                __aeabi_dadd
                0x0800053c                __aeabi_ui2d
                0x0800053c                __floatunsidf
                0x0800055c                __floatsidf
                0x0800055c                __aeabi_i2d
                0x08000580                __extendsfdf2
                0x08000580                __aeabi_f2d
                0x080005c4                __aeabi_ul2d
                0x080005c4                __floatundidf
                0x080005d4                __floatdidf
                0x080005d4                __aeabi_l2d
 .text          0x08000630      0x424 /opt/st/stm32cubeide_1.17.0/plugins/com.st.stm32cube.ide.mcu.externaltools.gnu-tools-for-stm32.12.3.rel1.linux64_1.1.0.202410170702/tools/bin/../lib/gcc/arm-none-eabi/12.3.1/thumb/v7-m/nofp/libgcc.a(_arm_muldivdf3.o)
                0x08000630                __aeabi_dmul
                0x08000630                __muldf3
                0x08000884                __aeabi_ddiv
                0x08000884                __divdf3
 .text          0x08000a54       0x40 /opt/st/stm32cubeide_1.17.0/plugins/com.st.stm32cube.ide.mcu.externaltools.gnu-tools-for-stm32.12.3.rel1.linux64_1.1.0.202410170702/tools/bin/../lib/gcc/arm-none-eabi/12.3.1/thumb/v7-m/nofp/libgcc.a(_arm_fixunsdfsi.o)
                0x08000a54                __fixunsdfsi
                0x08000a54                __aeabi_d2uiz
 .text          0x08000a94       0xa0 /opt/st/stm32cubeide_1.17.0/plugins/com.st.stm32cube.ide.mcu.externaltools.gnu-tools-for-stm32.12.3.rel1.linux64_1.1.0.202410170702/tools/bin/../lib/gcc/arm-none-eabi/12.3.1/thumb/v7-m/nofp/libgcc.a(_arm_truncdfsf2.o)
                0x08000a94                __aeabi_d2f
                0x08000a94                __truncdfsf2
 .text          0x08000b34      0x21c /opt/st/stm32cubeide_1.17.0/plugins/com.st.stm32cube.ide.mcu.externaltools.gnu-tools-for-stm32.12.3.rel1.linux64_1.1.0.202410170702/tools/bin/../lib/gcc/arm-none-eabi/12.3.1/thumb/v7-m/nofp/libgcc.a(_arm_addsubsf3.o)
                0x08000b34                __aeabi_frsub
                0x08000b3c                __subsf3
                0x08000b3c                __aeabi_fsub
                0x08000b40                __aeabi_fadd
                0x08000b40                __addsf3
                0x08000ca0                __aeabi_ui2f
                0x08000ca0                __floatunsisf
                0x08000ca8                __aeabi_i2f
                0x08000ca8                __floatsisf
                0x08000cc4                __floatundisf
                0x08000cc4                __aeabi_ul2f
                0x08000cd4                __floatdisf
                0x08000cd4                __aeabi_l2f
 .text          0x08000d50       0x4c /opt/st/stm32cubeide_1.17.0/plugins/com.st.stm32cube.ide.mcu.externaltools.gnu-tools-for-stm32.12.3.rel1.linux64_1.1.0.202410170702/tools/bin/../lib/gcc/arm-none-eabi/12.3.1/thumb/v7-m/nofp/libgcc.a(_arm_fixsfsi.o)
                0x08000d50                __fixsfsi
                0x08000d50                __aeabi_f2iz
 *(.text*)
 .text._Z22Modbus_Caluation_CRC16Phh
                0x08000d9c       0x76 CMakeFiles/c8t6coreboard.dir/Core/Src/main.cpp.obj
                0x08000d9c                Modbus_Caluation_CRC16(unsigned char*, unsigned char)
 *fill*         0x08000e12        0x2 
 .text.main     0x08000e14      0x22c CMakeFiles/c8t6coreboard.dir/Core/Src/main.cpp.obj
                0x08000e14                main
 .text._Z18SystemClock_Configv
                0x08001040       0xd2 CMakeFiles/c8t6coreboard.dir/Core/Src/main.cpp.obj
                0x08001040                SystemClock_Config()
 *fill*         0x08001112        0x2 
 .text._ZL12MX_I2C1_Initv
                0x08001114       0x64 CMakeFiles/c8t6coreboard.dir/Core/Src/main.cpp.obj
 .text._ZL12MX_GPIO_Initv
                0x08001178      0x124 CMakeFiles/c8t6coreboard.dir/Core/Src/main.cpp.obj
 .text.Error_Handler
                0x0800129c        0xc CMakeFiles/c8t6coreboard.dir/Core/Src/main.cpp.obj
                0x0800129c                Error_Handler
 .text._ZN5AHT20C2EP17I2C_HandleTypeDef
                0x080012a8       0x1c CMakeFiles/c8t6coreboard.dir/Core/Src/aht20.cpp.obj
                0x080012a8                AHT20::AHT20(I2C_HandleTypeDef*)
                0x080012a8                AHT20::AHT20(I2C_HandleTypeDef*)
 *fill*         0x080012c4        0x4 
 .text._ZN5AHT204ReadEPfS0_
                0x080012c8      0x16c CMakeFiles/c8t6coreboard.dir/Core/Src/aht20.cpp.obj
                0x080012c8                AHT20::Read(float*, float*)
 .text._ZN5AGS10C2EP17I2C_HandleTypeDef
                0x08001434       0x1c CMakeFiles/c8t6coreboard.dir/Core/Src/ags10.cpp.obj
                0x08001434                AGS10::AGS10(I2C_HandleTypeDef*)
                0x08001434                AGS10::AGS10(I2C_HandleTypeDef*)
 .text._ZN5AGS104ReadEv
                0x08001450       0x68 CMakeFiles/c8t6coreboard.dir/Core/Src/ags10.cpp.obj
                0x08001450                AGS10::Read()
 .text._ZN5ACD10C2EP17I2C_HandleTypeDef
                0x080014b8       0x1c CMakeFiles/c8t6coreboard.dir/Core/Src/acd10.cpp.obj
                0x080014b8                ACD10::ACD10(I2C_HandleTypeDef*)
                0x080014b8                ACD10::ACD10(I2C_HandleTypeDef*)
 *fill*         0x080014d4        0x4 
 .text._ZN5ACD104ReadEv
                0x080014d8       0xb8 CMakeFiles/c8t6coreboard.dir/Core/Src/acd10.cpp.obj
                0x080014d8                ACD10::Read()
 .text.NMI_Handler
                0x08001590        0x8 CMakeFiles/c8t6coreboard.dir/Core/Src/stm32f1xx_it.c.obj
                0x08001590                NMI_Handler
 .text.HardFault_Handler
                0x08001598        0x8 CMakeFiles/c8t6coreboard.dir/Core/Src/stm32f1xx_it.c.obj
                0x08001598                HardFault_Handler
 .text.MemManage_Handler
                0x080015a0        0x8 CMakeFiles/c8t6coreboard.dir/Core/Src/stm32f1xx_it.c.obj
                0x080015a0                MemManage_Handler
 .text.BusFault_Handler
                0x080015a8        0x8 CMakeFiles/c8t6coreboard.dir/Core/Src/stm32f1xx_it.c.obj
                0x080015a8                BusFault_Handler
 .text.UsageFault_Handler
                0x080015b0        0x8 CMakeFiles/c8t6coreboard.dir/Core/Src/stm32f1xx_it.c.obj
                0x080015b0                UsageFault_Handler
 .text.SVC_Handler
                0x080015b8        0xc CMakeFiles/c8t6coreboard.dir/Core/Src/stm32f1xx_it.c.obj
                0x080015b8                SVC_Handler
 .text.DebugMon_Handler
                0x080015c4        0xc CMakeFiles/c8t6coreboard.dir/Core/Src/stm32f1xx_it.c.obj
                0x080015c4                DebugMon_Handler
 .text.PendSV_Handler
                0x080015d0        0xc CMakeFiles/c8t6coreboard.dir/Core/Src/stm32f1xx_it.c.obj
                0x080015d0                PendSV_Handler
 .text.SysTick_Handler
                0x080015dc        0xc CMakeFiles/c8t6coreboard.dir/Core/Src/stm32f1xx_it.c.obj
                0x080015dc                SysTick_Handler
 .text.USB_LP_CAN1_RX0_IRQHandler
                0x080015e8       0x14 CMakeFiles/c8t6coreboard.dir/Core/Src/stm32f1xx_it.c.obj
                0x080015e8                USB_LP_CAN1_RX0_IRQHandler
 .text.HAL_MspInit
                0x080015fc       0x64 CMakeFiles/c8t6coreboard.dir/Core/Src/stm32f1xx_hal_msp.c.obj
                0x080015fc                HAL_MspInit
 .text.HAL_I2C_MspInit
                0x08001660       0x7c CMakeFiles/c8t6coreboard.dir/Core/Src/stm32f1xx_hal_msp.c.obj
                0x08001660                HAL_I2C_MspInit
 .text.MX_USB_DEVICE_Init
                0x080016dc       0x60 CMakeFiles/c8t6coreboard.dir/USB_DEVICE/App/usb_device.c.obj
                0x080016dc                MX_USB_DEVICE_Init
 .text.USBD_FS_DeviceDescriptor
                0x0800173c       0x24 CMakeFiles/c8t6coreboard.dir/USB_DEVICE/App/usbd_desc.c.obj
                0x0800173c                USBD_FS_DeviceDescriptor
 .text.USBD_FS_LangIDStrDescriptor
                0x08001760       0x24 CMakeFiles/c8t6coreboard.dir/USB_DEVICE/App/usbd_desc.c.obj
                0x08001760                USBD_FS_LangIDStrDescriptor
 .text.USBD_FS_ProductStrDescriptor
                0x08001784       0x3c CMakeFiles/c8t6coreboard.dir/USB_DEVICE/App/usbd_desc.c.obj
                0x08001784                USBD_FS_ProductStrDescriptor
 .text.USBD_FS_ManufacturerStrDescriptor
                0x080017c0       0x28 CMakeFiles/c8t6coreboard.dir/USB_DEVICE/App/usbd_desc.c.obj
                0x080017c0                USBD_FS_ManufacturerStrDescriptor
 .text.USBD_FS_SerialStrDescriptor
                0x080017e8       0x24 CMakeFiles/c8t6coreboard.dir/USB_DEVICE/App/usbd_desc.c.obj
                0x080017e8                USBD_FS_SerialStrDescriptor
 .text.USBD_FS_ConfigStrDescriptor
                0x0800180c       0x3c CMakeFiles/c8t6coreboard.dir/USB_DEVICE/App/usbd_desc.c.obj
                0x0800180c                USBD_FS_ConfigStrDescriptor
 .text.USBD_FS_InterfaceStrDescriptor
                0x08001848       0x3c CMakeFiles/c8t6coreboard.dir/USB_DEVICE/App/usbd_desc.c.obj
                0x08001848                USBD_FS_InterfaceStrDescriptor
 .text.Get_SerialNum
                0x08001884       0x58 CMakeFiles/c8t6coreboard.dir/USB_DEVICE/App/usbd_desc.c.obj
 .text.IntToUnicode
                0x080018dc       0x7c CMakeFiles/c8t6coreboard.dir/USB_DEVICE/App/usbd_desc.c.obj
 .text.CDC_Init_FS
                0x08001958       0x28 CMakeFiles/c8t6coreboard.dir/USB_DEVICE/App/usbd_cdc_if.c.obj
 .text.CDC_DeInit_FS
                0x08001980        0xe CMakeFiles/c8t6coreboard.dir/USB_DEVICE/App/usbd_cdc_if.c.obj
 *fill*         0x0800198e        0x2 
 .text.CDC_Control_FS
                0x08001990       0xbc CMakeFiles/c8t6coreboard.dir/USB_DEVICE/App/usbd_cdc_if.c.obj
 .text.CDC_Receive_FS
                0x08001a4c       0xc8 CMakeFiles/c8t6coreboard.dir/USB_DEVICE/App/usbd_cdc_if.c.obj
 .text.CDC_Transmit_FS
                0x08001b14       0x4c CMakeFiles/c8t6coreboard.dir/USB_DEVICE/App/usbd_cdc_if.c.obj
                0x08001b14                CDC_Transmit_FS
 .text.HAL_PCD_MspInit
                0x08001b60       0x4c CMakeFiles/c8t6coreboard.dir/USB_DEVICE/Target/usbd_conf.c.obj
                0x08001b60                HAL_PCD_MspInit
 .text.HAL_PCD_SetupStageCallback
                0x08001bac       0x24 CMakeFiles/c8t6coreboard.dir/USB_DEVICE/Target/usbd_conf.c.obj
                0x08001bac                HAL_PCD_SetupStageCallback
 .text.HAL_PCD_DataOutStageCallback
                0x08001bd0       0x36 CMakeFiles/c8t6coreboard.dir/USB_DEVICE/Target/usbd_conf.c.obj
                0x08001bd0                HAL_PCD_DataOutStageCallback
 .text.HAL_PCD_DataInStageCallback
                0x08001c06       0x34 CMakeFiles/c8t6coreboard.dir/USB_DEVICE/Target/usbd_conf.c.obj
                0x08001c06                HAL_PCD_DataInStageCallback
 .text.HAL_PCD_SOFCallback
                0x08001c3a       0x1c CMakeFiles/c8t6coreboard.dir/USB_DEVICE/Target/usbd_conf.c.obj
                0x08001c3a                HAL_PCD_SOFCallback
 .text.HAL_PCD_ResetCallback
                0x08001c56       0x3c CMakeFiles/c8t6coreboard.dir/USB_DEVICE/Target/usbd_conf.c.obj
                0x08001c56                HAL_PCD_ResetCallback
 *fill*         0x08001c92        0x2 
 .text.HAL_PCD_SuspendCallback
                0x08001c94       0x34 CMakeFiles/c8t6coreboard.dir/USB_DEVICE/Target/usbd_conf.c.obj
                0x08001c94                HAL_PCD_SuspendCallback
 .text.HAL_PCD_ResumeCallback
                0x08001cc8       0x1c CMakeFiles/c8t6coreboard.dir/USB_DEVICE/Target/usbd_conf.c.obj
                0x08001cc8                HAL_PCD_ResumeCallback
 .text.USBD_LL_Init
                0x08001ce4       0xb4 CMakeFiles/c8t6coreboard.dir/USB_DEVICE/Target/usbd_conf.c.obj
                0x08001ce4                USBD_LL_Init
 .text.USBD_LL_Start
                0x08001d98       0x36 CMakeFiles/c8t6coreboard.dir/USB_DEVICE/Target/usbd_conf.c.obj
                0x08001d98                USBD_LL_Start
 .text.USBD_LL_OpenEP
                0x08001dce       0x4c CMakeFiles/c8t6coreboard.dir/USB_DEVICE/Target/usbd_conf.c.obj
                0x08001dce                USBD_LL_OpenEP
 .text.USBD_LL_CloseEP
                0x08001e1a       0x3e CMakeFiles/c8t6coreboard.dir/USB_DEVICE/Target/usbd_conf.c.obj
                0x08001e1a                USBD_LL_CloseEP
 .text.USBD_LL_StallEP
                0x08001e58       0x3e CMakeFiles/c8t6coreboard.dir/USB_DEVICE/Target/usbd_conf.c.obj
                0x08001e58                USBD_LL_StallEP
 .text.USBD_LL_ClearStallEP
                0x08001e96       0x3e CMakeFiles/c8t6coreboard.dir/USB_DEVICE/Target/usbd_conf.c.obj
                0x08001e96                USBD_LL_ClearStallEP
 .text.USBD_LL_IsStallEP
                0x08001ed4       0x56 CMakeFiles/c8t6coreboard.dir/USB_DEVICE/Target/usbd_conf.c.obj
                0x08001ed4                USBD_LL_IsStallEP
 .text.USBD_LL_SetUSBAddress
                0x08001f2a       0x3e CMakeFiles/c8t6coreboard.dir/USB_DEVICE/Target/usbd_conf.c.obj
                0x08001f2a                USBD_LL_SetUSBAddress
 .text.USBD_LL_Transmit
                0x08001f68       0x46 CMakeFiles/c8t6coreboard.dir/USB_DEVICE/Target/usbd_conf.c.obj
                0x08001f68                USBD_LL_Transmit
 .text.USBD_LL_PrepareReceive
                0x08001fae       0x46 CMakeFiles/c8t6coreboard.dir/USB_DEVICE/Target/usbd_conf.c.obj
                0x08001fae                USBD_LL_PrepareReceive
 .text.USBD_LL_GetRxDataSize
                0x08001ff4       0x26 CMakeFiles/c8t6coreboard.dir/USB_DEVICE/Target/usbd_conf.c.obj
                0x08001ff4                USBD_LL_GetRxDataSize
 *fill*         0x0800201a        0x2 
 .text.USBD_static_malloc
                0x0800201c       0x18 CMakeFiles/c8t6coreboard.dir/USB_DEVICE/Target/usbd_conf.c.obj
                0x0800201c                USBD_static_malloc
 .text.USBD_static_free
                0x08002034       0x12 CMakeFiles/c8t6coreboard.dir/USB_DEVICE/Target/usbd_conf.c.obj
                0x08002034                USBD_static_free
 .text.HAL_PCDEx_SetConnectionState
                0x08002046       0x16 CMakeFiles/c8t6coreboard.dir/USB_DEVICE/Target/usbd_conf.c.obj
                0x08002046                HAL_PCDEx_SetConnectionState
 .text.USBD_Get_USB_Status
                0x0800205c       0x58 CMakeFiles/c8t6coreboard.dir/USB_DEVICE/Target/usbd_conf.c.obj
 .text.HAL_PCD_Init
                0x080020b4      0x1ec CMakeFiles/c8t6coreboard.dir/Drivers/STM32F1xx_HAL_Driver/Src/stm32f1xx_hal_pcd.c.obj
                0x080020b4                HAL_PCD_Init
 .text.HAL_PCD_Start
                0x080022a0       0x4c CMakeFiles/c8t6coreboard.dir/Drivers/STM32F1xx_HAL_Driver/Src/stm32f1xx_hal_pcd.c.obj
                0x080022a0                HAL_PCD_Start
 .text.HAL_PCD_IRQHandler
                0x080022ec      0x260 CMakeFiles/c8t6coreboard.dir/Drivers/STM32F1xx_HAL_Driver/Src/stm32f1xx_hal_pcd.c.obj
                0x080022ec                HAL_PCD_IRQHandler
 .text.HAL_PCD_SetAddress
                0x0800254c       0x48 CMakeFiles/c8t6coreboard.dir/Drivers/STM32F1xx_HAL_Driver/Src/stm32f1xx_hal_pcd.c.obj
                0x0800254c                HAL_PCD_SetAddress
 .text.HAL_PCD_EP_Open
                0x08002594       0xba CMakeFiles/c8t6coreboard.dir/Drivers/STM32F1xx_HAL_Driver/Src/stm32f1xx_hal_pcd.c.obj
                0x08002594                HAL_PCD_EP_Open
 .text.HAL_PCD_EP_Close
                0x0800264e       0x90 CMakeFiles/c8t6coreboard.dir/Drivers/STM32F1xx_HAL_Driver/Src/stm32f1xx_hal_pcd.c.obj
                0x0800264e                HAL_PCD_EP_Close
 .text.HAL_PCD_EP_Receive
                0x080026de       0x62 CMakeFiles/c8t6coreboard.dir/Drivers/STM32F1xx_HAL_Driver/Src/stm32f1xx_hal_pcd.c.obj
                0x080026de                HAL_PCD_EP_Receive
 .text.HAL_PCD_EP_GetRxCount
                0x08002740       0x2e CMakeFiles/c8t6coreboard.dir/Drivers/STM32F1xx_HAL_Driver/Src/stm32f1xx_hal_pcd.c.obj
                0x08002740                HAL_PCD_EP_GetRxCount
 .text.HAL_PCD_EP_Transmit
                0x0800276e       0x6e CMakeFiles/c8t6coreboard.dir/Drivers/STM32F1xx_HAL_Driver/Src/stm32f1xx_hal_pcd.c.obj
                0x0800276e                HAL_PCD_EP_Transmit
 .text.HAL_PCD_EP_SetStall
                0x080027dc       0xc0 CMakeFiles/c8t6coreboard.dir/Drivers/STM32F1xx_HAL_Driver/Src/stm32f1xx_hal_pcd.c.obj
                0x080027dc                HAL_PCD_EP_SetStall
 .text.HAL_PCD_EP_ClrStall
                0x0800289c       0xa8 CMakeFiles/c8t6coreboard.dir/Drivers/STM32F1xx_HAL_Driver/Src/stm32f1xx_hal_pcd.c.obj
                0x0800289c                HAL_PCD_EP_ClrStall
 .text.PCD_EP_ISR_Handler
                0x08002944      0x79e CMakeFiles/c8t6coreboard.dir/Drivers/STM32F1xx_HAL_Driver/Src/stm32f1xx_hal_pcd.c.obj
 .text.HAL_PCD_EP_DB_Receive
                0x080030e2      0x21a CMakeFiles/c8t6coreboard.dir/Drivers/STM32F1xx_HAL_Driver/Src/stm32f1xx_hal_pcd.c.obj
 .text.HAL_PCD_EP_DB_Transmit
                0x080032fc      0x7f4 CMakeFiles/c8t6coreboard.dir/Drivers/STM32F1xx_HAL_Driver/Src/stm32f1xx_hal_pcd.c.obj
 .text.HAL_PCDEx_PMAConfig
                0x08003af0       0x84 CMakeFiles/c8t6coreboard.dir/Drivers/STM32F1xx_HAL_Driver/Src/stm32f1xx_hal_pcd_ex.c.obj
                0x08003af0                HAL_PCDEx_PMAConfig
 .text.USB_CoreInit
                0x08003b74       0x1a CMakeFiles/c8t6coreboard.dir/Drivers/STM32F1xx_HAL_Driver/Src/stm32f1xx_ll_usb.c.obj
                0x08003b74                USB_CoreInit
 .text.USB_EnableGlobalInt
                0x08003b8e       0x2c CMakeFiles/c8t6coreboard.dir/Drivers/STM32F1xx_HAL_Driver/Src/stm32f1xx_ll_usb.c.obj
                0x08003b8e                USB_EnableGlobalInt
 .text.USB_DisableGlobalInt
                0x08003bba       0x34 CMakeFiles/c8t6coreboard.dir/Drivers/STM32F1xx_HAL_Driver/Src/stm32f1xx_ll_usb.c.obj
                0x08003bba                USB_DisableGlobalInt
 .text.USB_SetCurrentMode
                0x08003bee       0x18 CMakeFiles/c8t6coreboard.dir/Drivers/STM32F1xx_HAL_Driver/Src/stm32f1xx_ll_usb.c.obj
                0x08003bee                USB_SetCurrentMode
 .text.USB_DevInit
                0x08003c06       0x3a CMakeFiles/c8t6coreboard.dir/Drivers/STM32F1xx_HAL_Driver/Src/stm32f1xx_ll_usb.c.obj
                0x08003c06                USB_DevInit
 .text.USB_ActivateEndpoint
                0x08003c40      0x780 CMakeFiles/c8t6coreboard.dir/Drivers/STM32F1xx_HAL_Driver/Src/stm32f1xx_ll_usb.c.obj
                0x08003c40                USB_ActivateEndpoint
 .text.USB_DeactivateEndpoint
                0x080043c0      0x3d8 CMakeFiles/c8t6coreboard.dir/Drivers/STM32F1xx_HAL_Driver/Src/stm32f1xx_ll_usb.c.obj
                0x080043c0                USB_DeactivateEndpoint
 .text.USB_EPStartXfer
                0x08004798     0x1762 CMakeFiles/c8t6coreboard.dir/Drivers/STM32F1xx_HAL_Driver/Src/stm32f1xx_ll_usb.c.obj
                0x08004798                USB_EPStartXfer
 .text.USB_EPSetStall
                0x08005efa       0xa0 CMakeFiles/c8t6coreboard.dir/Drivers/STM32F1xx_HAL_Driver/Src/stm32f1xx_ll_usb.c.obj
                0x08005efa                USB_EPSetStall
 .text.USB_EPClearStall
                0x08005f9a      0x15a CMakeFiles/c8t6coreboard.dir/Drivers/STM32F1xx_HAL_Driver/Src/stm32f1xx_ll_usb.c.obj
                0x08005f9a                USB_EPClearStall
 .text.USB_SetDevAddress
                0x080060f4       0x26 CMakeFiles/c8t6coreboard.dir/Drivers/STM32F1xx_HAL_Driver/Src/stm32f1xx_ll_usb.c.obj
                0x080060f4                USB_SetDevAddress
 .text.USB_DevConnect
                0x0800611a       0x14 CMakeFiles/c8t6coreboard.dir/Drivers/STM32F1xx_HAL_Driver/Src/stm32f1xx_ll_usb.c.obj
                0x0800611a                USB_DevConnect
 .text.USB_DevDisconnect
                0x0800612e       0x14 CMakeFiles/c8t6coreboard.dir/Drivers/STM32F1xx_HAL_Driver/Src/stm32f1xx_ll_usb.c.obj
                0x0800612e                USB_DevDisconnect
 .text.USB_ReadInterrupts
                0x08006142       0x1e CMakeFiles/c8t6coreboard.dir/Drivers/STM32F1xx_HAL_Driver/Src/stm32f1xx_ll_usb.c.obj
                0x08006142                USB_ReadInterrupts
 .text.USB_EP0_OutStart
                0x08006160       0x16 CMakeFiles/c8t6coreboard.dir/Drivers/STM32F1xx_HAL_Driver/Src/stm32f1xx_ll_usb.c.obj
                0x08006160                USB_EP0_OutStart
 .text.USB_WritePMA
                0x08006176       0x8a CMakeFiles/c8t6coreboard.dir/Drivers/STM32F1xx_HAL_Driver/Src/stm32f1xx_ll_usb.c.obj
                0x08006176                USB_WritePMA
 .text.USB_ReadPMA
                0x08006200       0x9e CMakeFiles/c8t6coreboard.dir/Drivers/STM32F1xx_HAL_Driver/Src/stm32f1xx_ll_usb.c.obj
                0x08006200                USB_ReadPMA
 *fill*         0x0800629e        0x2 
 .text.HAL_Init
                0x080062a0       0x2c CMakeFiles/c8t6coreboard.dir/Drivers/STM32F1xx_HAL_Driver/Src/stm32f1xx_hal.c.obj
                0x080062a0                HAL_Init
 .text.HAL_InitTick
                0x080062cc       0x60 CMakeFiles/c8t6coreboard.dir/Drivers/STM32F1xx_HAL_Driver/Src/stm32f1xx_hal.c.obj
                0x080062cc                HAL_InitTick
 .text.HAL_IncTick
                0x0800632c       0x24 CMakeFiles/c8t6coreboard.dir/Drivers/STM32F1xx_HAL_Driver/Src/stm32f1xx_hal.c.obj
                0x0800632c                HAL_IncTick
 .text.HAL_GetTick
                0x08006350       0x14 CMakeFiles/c8t6coreboard.dir/Drivers/STM32F1xx_HAL_Driver/Src/stm32f1xx_hal.c.obj
                0x08006350                HAL_GetTick
 .text.HAL_Delay
                0x08006364       0x48 CMakeFiles/c8t6coreboard.dir/Drivers/STM32F1xx_HAL_Driver/Src/stm32f1xx_hal.c.obj
                0x08006364                HAL_Delay
 .text.HAL_RCC_OscConfig
                0x080063ac      0x504 CMakeFiles/c8t6coreboard.dir/Drivers/STM32F1xx_HAL_Driver/Src/stm32f1xx_hal_rcc.c.obj
                0x080063ac                HAL_RCC_OscConfig
 .text.HAL_RCC_ClockConfig
                0x080068b0      0x1d4 CMakeFiles/c8t6coreboard.dir/Drivers/STM32F1xx_HAL_Driver/Src/stm32f1xx_hal_rcc.c.obj
                0x080068b0                HAL_RCC_ClockConfig
 .text.HAL_RCC_GetSysClockFreq
                0x08006a84       0xa8 CMakeFiles/c8t6coreboard.dir/Drivers/STM32F1xx_HAL_Driver/Src/stm32f1xx_hal_rcc.c.obj
                0x08006a84                HAL_RCC_GetSysClockFreq
 .text.HAL_RCC_GetHCLKFreq
                0x08006b2c       0x14 CMakeFiles/c8t6coreboard.dir/Drivers/STM32F1xx_HAL_Driver/Src/stm32f1xx_hal_rcc.c.obj
                0x08006b2c                HAL_RCC_GetHCLKFreq
 .text.HAL_RCC_GetPCLK1Freq
                0x08006b40       0x28 CMakeFiles/c8t6coreboard.dir/Drivers/STM32F1xx_HAL_Driver/Src/stm32f1xx_hal_rcc.c.obj
                0x08006b40                HAL_RCC_GetPCLK1Freq
 .text.RCC_Delay
                0x08006b68       0x3c CMakeFiles/c8t6coreboard.dir/Drivers/STM32F1xx_HAL_Driver/Src/stm32f1xx_hal_rcc.c.obj
 .text.HAL_RCCEx_PeriphCLKConfig
                0x08006ba4      0x16c CMakeFiles/c8t6coreboard.dir/Drivers/STM32F1xx_HAL_Driver/Src/stm32f1xx_hal_rcc_ex.c.obj
                0x08006ba4                HAL_RCCEx_PeriphCLKConfig
 .text.HAL_GPIO_Init
                0x08006d10      0x308 CMakeFiles/c8t6coreboard.dir/Drivers/STM32F1xx_HAL_Driver/Src/stm32f1xx_hal_gpio.c.obj
                0x08006d10                HAL_GPIO_Init
 .text.HAL_GPIO_WritePin
                0x08007018       0x30 CMakeFiles/c8t6coreboard.dir/Drivers/STM32F1xx_HAL_Driver/Src/stm32f1xx_hal_gpio.c.obj
                0x08007018                HAL_GPIO_WritePin
 .text.__NVIC_SetPriorityGrouping
                0x08007048       0x48 CMakeFiles/c8t6coreboard.dir/Drivers/STM32F1xx_HAL_Driver/Src/stm32f1xx_hal_cortex.c.obj
 .text.__NVIC_GetPriorityGrouping
                0x08007090       0x1c CMakeFiles/c8t6coreboard.dir/Drivers/STM32F1xx_HAL_Driver/Src/stm32f1xx_hal_cortex.c.obj
 .text.__NVIC_EnableIRQ
                0x080070ac       0x38 CMakeFiles/c8t6coreboard.dir/Drivers/STM32F1xx_HAL_Driver/Src/stm32f1xx_hal_cortex.c.obj
 .text.__NVIC_SetPriority
                0x080070e4       0x54 CMakeFiles/c8t6coreboard.dir/Drivers/STM32F1xx_HAL_Driver/Src/stm32f1xx_hal_cortex.c.obj
 .text.NVIC_EncodePriority
                0x08007138       0x64 CMakeFiles/c8t6coreboard.dir/Drivers/STM32F1xx_HAL_Driver/Src/stm32f1xx_hal_cortex.c.obj
 .text.SysTick_Config
                0x0800719c       0x44 CMakeFiles/c8t6coreboard.dir/Drivers/STM32F1xx_HAL_Driver/Src/stm32f1xx_hal_cortex.c.obj
 .text.HAL_NVIC_SetPriorityGrouping
                0x080071e0       0x16 CMakeFiles/c8t6coreboard.dir/Drivers/STM32F1xx_HAL_Driver/Src/stm32f1xx_hal_cortex.c.obj
                0x080071e0                HAL_NVIC_SetPriorityGrouping
 .text.HAL_NVIC_SetPriority
                0x080071f6       0x38 CMakeFiles/c8t6coreboard.dir/Drivers/STM32F1xx_HAL_Driver/Src/stm32f1xx_hal_cortex.c.obj
                0x080071f6                HAL_NVIC_SetPriority
 .text.HAL_NVIC_EnableIRQ
                0x0800722e       0x1c CMakeFiles/c8t6coreboard.dir/Drivers/STM32F1xx_HAL_Driver/Src/stm32f1xx_hal_cortex.c.obj
                0x0800722e                HAL_NVIC_EnableIRQ
 .text.HAL_SYSTICK_Config
                0x0800724a       0x18 CMakeFiles/c8t6coreboard.dir/Drivers/STM32F1xx_HAL_Driver/Src/stm32f1xx_hal_cortex.c.obj
                0x0800724a                HAL_SYSTICK_Config
 *fill*         0x08007262        0x2 
 .text.HAL_I2C_Init
                0x08007264      0x288 CMakeFiles/c8t6coreboard.dir/Drivers/STM32F1xx_HAL_Driver/Src/stm32f1xx_hal_i2c.c.obj
                0x08007264                HAL_I2C_Init
 .text.HAL_I2C_Master_Transmit
                0x080074ec      0x1fc CMakeFiles/c8t6coreboard.dir/Drivers/STM32F1xx_HAL_Driver/Src/stm32f1xx_hal_i2c.c.obj
                0x080074ec                HAL_I2C_Master_Transmit
 .text.HAL_I2C_Master_Receive
                0x080076e8      0x4d8 CMakeFiles/c8t6coreboard.dir/Drivers/STM32F1xx_HAL_Driver/Src/stm32f1xx_hal_i2c.c.obj
                0x080076e8                HAL_I2C_Master_Receive
 .text.HAL_I2C_Mem_Read
                0x08007bc0      0x4e8 CMakeFiles/c8t6coreboard.dir/Drivers/STM32F1xx_HAL_Driver/Src/stm32f1xx_hal_i2c.c.obj
                0x08007bc0                HAL_I2C_Mem_Read
 .text.I2C_MasterRequestWrite
                0x080080a8      0x104 CMakeFiles/c8t6coreboard.dir/Drivers/STM32F1xx_HAL_Driver/Src/stm32f1xx_hal_i2c.c.obj
 .text.I2C_MasterRequestRead
                0x080081ac      0x19c CMakeFiles/c8t6coreboard.dir/Drivers/STM32F1xx_HAL_Driver/Src/stm32f1xx_hal_i2c.c.obj
 .text.I2C_RequestMemoryRead
                0x08008348      0x1d0 CMakeFiles/c8t6coreboard.dir/Drivers/STM32F1xx_HAL_Driver/Src/stm32f1xx_hal_i2c.c.obj
 .text.I2C_WaitOnFlagUntilTimeout
                0x08008518       0xf4 CMakeFiles/c8t6coreboard.dir/Drivers/STM32F1xx_HAL_Driver/Src/stm32f1xx_hal_i2c.c.obj
 .text.I2C_WaitOnMasterAddressFlagUntilTimeout
                0x0800860c      0x140 CMakeFiles/c8t6coreboard.dir/Drivers/STM32F1xx_HAL_Driver/Src/stm32f1xx_hal_i2c.c.obj
 .text.I2C_WaitOnTXEFlagUntilTimeout
                0x0800874c       0x90 CMakeFiles/c8t6coreboard.dir/Drivers/STM32F1xx_HAL_Driver/Src/stm32f1xx_hal_i2c.c.obj
 .text.I2C_WaitOnBTFFlagUntilTimeout
                0x080087dc       0x90 CMakeFiles/c8t6coreboard.dir/Drivers/STM32F1xx_HAL_Driver/Src/stm32f1xx_hal_i2c.c.obj
 .text.I2C_WaitOnRXNEFlagUntilTimeout
                0x0800886c       0xba CMakeFiles/c8t6coreboard.dir/Drivers/STM32F1xx_HAL_Driver/Src/stm32f1xx_hal_i2c.c.obj
 .text.I2C_IsAcknowledgeFailed
                0x08008926       0x5c CMakeFiles/c8t6coreboard.dir/Drivers/STM32F1xx_HAL_Driver/Src/stm32f1xx_hal_i2c.c.obj
 .text.SystemInit
                0x08008982        0xc CMakeFiles/c8t6coreboard.dir/Core/Src/system_stm32f1xx.c.obj
                0x08008982                SystemInit
 .text.USBD_Init
                0x0800898e       0x56 CMakeFiles/c8t6coreboard.dir/Middlewares/ST/STM32_USB_Device_Library/Core/Src/usbd_core.c.obj
                0x0800898e                USBD_Init
 .text.USBD_RegisterClass
                0x080089e4       0x32 CMakeFiles/c8t6coreboard.dir/Middlewares/ST/STM32_USB_Device_Library/Core/Src/usbd_core.c.obj
                0x080089e4                USBD_RegisterClass
 .text.USBD_Start
                0x08008a16       0x18 CMakeFiles/c8t6coreboard.dir/Middlewares/ST/STM32_USB_Device_Library/Core/Src/usbd_core.c.obj
                0x08008a16                USBD_Start
 .text.USBD_RunTestMode
                0x08008a2e       0x14 CMakeFiles/c8t6coreboard.dir/Middlewares/ST/STM32_USB_Device_Library/Core/Src/usbd_core.c.obj
                0x08008a2e                USBD_RunTestMode
 .text.USBD_SetClassConfig
                0x08008a42       0x3e CMakeFiles/c8t6coreboard.dir/Middlewares/ST/STM32_USB_Device_Library/Core/Src/usbd_core.c.obj
                0x08008a42                USBD_SetClassConfig
 .text.USBD_ClrClassConfig
                0x08008a80       0x26 CMakeFiles/c8t6coreboard.dir/Middlewares/ST/STM32_USB_Device_Library/Core/Src/usbd_core.c.obj
                0x08008a80                USBD_ClrClassConfig
 .text.USBD_LL_SetupStage
                0x08008aa6       0x9a CMakeFiles/c8t6coreboard.dir/Middlewares/ST/STM32_USB_Device_Library/Core/Src/usbd_core.c.obj
                0x08008aa6                USBD_LL_SetupStage
 .text.USBD_LL_DataOutStage
                0x08008b40       0xe2 CMakeFiles/c8t6coreboard.dir/Middlewares/ST/STM32_USB_Device_Library/Core/Src/usbd_core.c.obj
                0x08008b40                USBD_LL_DataOutStage
 .text.USBD_LL_DataInStage
                0x08008c22      0x14a CMakeFiles/c8t6coreboard.dir/Middlewares/ST/STM32_USB_Device_Library/Core/Src/usbd_core.c.obj
                0x08008c22                USBD_LL_DataInStage
 .text.USBD_LL_Reset
                0x08008d6c       0x82 CMakeFiles/c8t6coreboard.dir/Middlewares/ST/STM32_USB_Device_Library/Core/Src/usbd_core.c.obj
                0x08008d6c                USBD_LL_Reset
 .text.USBD_LL_SetSpeed
                0x08008dee       0x1e CMakeFiles/c8t6coreboard.dir/Middlewares/ST/STM32_USB_Device_Library/Core/Src/usbd_core.c.obj
                0x08008dee                USBD_LL_SetSpeed
 .text.USBD_LL_Suspend
                0x08008e0c       0x28 CMakeFiles/c8t6coreboard.dir/Middlewares/ST/STM32_USB_Device_Library/Core/Src/usbd_core.c.obj
                0x08008e0c                USBD_LL_Suspend
 .text.USBD_LL_Resume
                0x08008e34       0x2a CMakeFiles/c8t6coreboard.dir/Middlewares/ST/STM32_USB_Device_Library/Core/Src/usbd_core.c.obj
                0x08008e34                USBD_LL_Resume
 .text.USBD_LL_SOF
                0x08008e5e       0x34 CMakeFiles/c8t6coreboard.dir/Middlewares/ST/STM32_USB_Device_Library/Core/Src/usbd_core.c.obj
                0x08008e5e                USBD_LL_SOF
 *fill*         0x08008e92        0x2 
 .text.USBD_StdDevReq
                0x08008e94       0xd4 CMakeFiles/c8t6coreboard.dir/Middlewares/ST/STM32_USB_Device_Library/Core/Src/usbd_ctlreq.c.obj
                0x08008e94                USBD_StdDevReq
 .text.USBD_StdItfReq
                0x08008f68       0x90 CMakeFiles/c8t6coreboard.dir/Middlewares/ST/STM32_USB_Device_Library/Core/Src/usbd_ctlreq.c.obj
                0x08008f68                USBD_StdItfReq
 .text.USBD_StdEPReq
                0x08008ff8      0x2c6 CMakeFiles/c8t6coreboard.dir/Middlewares/ST/STM32_USB_Device_Library/Core/Src/usbd_ctlreq.c.obj
                0x08008ff8                USBD_StdEPReq
 *fill*         0x080092be        0x2 
 .text.USBD_GetDescriptor
                0x080092c0      0x2d0 CMakeFiles/c8t6coreboard.dir/Middlewares/ST/STM32_USB_Device_Library/Core/Src/usbd_ctlreq.c.obj
 .text.USBD_SetAddress
                0x08009590       0x86 CMakeFiles/c8t6coreboard.dir/Middlewares/ST/STM32_USB_Device_Library/Core/Src/usbd_ctlreq.c.obj
 *fill*         0x08009616        0x2 
 .text.USBD_SetConfig
                0x08009618      0x11c CMakeFiles/c8t6coreboard.dir/Middlewares/ST/STM32_USB_Device_Library/Core/Src/usbd_ctlreq.c.obj
 .text.USBD_GetConfig
                0x08009734       0x6a CMakeFiles/c8t6coreboard.dir/Middlewares/ST/STM32_USB_Device_Library/Core/Src/usbd_ctlreq.c.obj
 .text.USBD_GetStatus
                0x0800979e       0x66 CMakeFiles/c8t6coreboard.dir/Middlewares/ST/STM32_USB_Device_Library/Core/Src/usbd_ctlreq.c.obj
 .text.USBD_SetFeature
                0x08009804       0x28 CMakeFiles/c8t6coreboard.dir/Middlewares/ST/STM32_USB_Device_Library/Core/Src/usbd_ctlreq.c.obj
 .text.USBD_ClrFeature
                0x0800982c       0x42 CMakeFiles/c8t6coreboard.dir/Middlewares/ST/STM32_USB_Device_Library/Core/Src/usbd_ctlreq.c.obj
 .text.USBD_ParseSetupRequest
                0x0800986e       0x72 CMakeFiles/c8t6coreboard.dir/Middlewares/ST/STM32_USB_Device_Library/Core/Src/usbd_ctlreq.c.obj
                0x0800986e                USBD_ParseSetupRequest
 .text.USBD_CtlError
                0x080098e0       0x22 CMakeFiles/c8t6coreboard.dir/Middlewares/ST/STM32_USB_Device_Library/Core/Src/usbd_ctlreq.c.obj
                0x080098e0                USBD_CtlError
 .text.USBD_GetString
                0x08009902       0x84 CMakeFiles/c8t6coreboard.dir/Middlewares/ST/STM32_USB_Device_Library/Core/Src/usbd_ctlreq.c.obj
                0x08009902                USBD_GetString
 .text.USBD_GetLen
                0x08009986       0x2e CMakeFiles/c8t6coreboard.dir/Middlewares/ST/STM32_USB_Device_Library/Core/Src/usbd_ctlreq.c.obj
 .text.USBD_CtlSendData
                0x080099b4       0x38 CMakeFiles/c8t6coreboard.dir/Middlewares/ST/STM32_USB_Device_Library/Core/Src/usbd_ioreq.c.obj
                0x080099b4                USBD_CtlSendData
 .text.USBD_CtlContinueSendData
                0x080099ec       0x24 CMakeFiles/c8t6coreboard.dir/Middlewares/ST/STM32_USB_Device_Library/Core/Src/usbd_ioreq.c.obj
                0x080099ec                USBD_CtlContinueSendData
 .text.USBD_CtlPrepareRx
                0x08009a10       0x3c CMakeFiles/c8t6coreboard.dir/Middlewares/ST/STM32_USB_Device_Library/Core/Src/usbd_ioreq.c.obj
                0x08009a10                USBD_CtlPrepareRx
 .text.USBD_CtlContinueRx
                0x08009a4c       0x24 CMakeFiles/c8t6coreboard.dir/Middlewares/ST/STM32_USB_Device_Library/Core/Src/usbd_ioreq.c.obj
                0x08009a4c                USBD_CtlContinueRx
 .text.USBD_CtlSendStatus
                0x08009a70       0x26 CMakeFiles/c8t6coreboard.dir/Middlewares/ST/STM32_USB_Device_Library/Core/Src/usbd_ioreq.c.obj
                0x08009a70                USBD_CtlSendStatus
 .text.USBD_CtlReceiveStatus
                0x08009a96       0x26 CMakeFiles/c8t6coreboard.dir/Middlewares/ST/STM32_USB_Device_Library/Core/Src/usbd_ioreq.c.obj
                0x08009a96                USBD_CtlReceiveStatus
 .text.USBD_CDC_Init
                0x08009abc       0xf4 CMakeFiles/c8t6coreboard.dir/Middlewares/ST/STM32_USB_Device_Library/Class/CDC/Src/usbd_cdc.c.obj
 .text.USBD_CDC_DeInit
                0x08009bb0       0x6e CMakeFiles/c8t6coreboard.dir/Middlewares/ST/STM32_USB_Device_Library/Class/CDC/Src/usbd_cdc.c.obj
 .text.USBD_CDC_Setup
                0x08009c1e      0x146 CMakeFiles/c8t6coreboard.dir/Middlewares/ST/STM32_USB_Device_Library/Class/CDC/Src/usbd_cdc.c.obj
 .text.USBD_CDC_DataIn
                0x08009d64       0xa6 CMakeFiles/c8t6coreboard.dir/Middlewares/ST/STM32_USB_Device_Library/Class/CDC/Src/usbd_cdc.c.obj
 .text.USBD_CDC_DataOut
                0x08009e0a       0x56 CMakeFiles/c8t6coreboard.dir/Middlewares/ST/STM32_USB_Device_Library/Class/CDC/Src/usbd_cdc.c.obj
 .text.USBD_CDC_EP0_RxReady
                0x08009e60       0x4e CMakeFiles/c8t6coreboard.dir/Middlewares/ST/STM32_USB_Device_Library/Class/CDC/Src/usbd_cdc.c.obj
 *fill*         0x08009eae        0x2 
 .text.USBD_CDC_GetFSCfgDesc
                0x08009eb0       0x20 CMakeFiles/c8t6coreboard.dir/Middlewares/ST/STM32_USB_Device_Library/Class/CDC/Src/usbd_cdc.c.obj
 .text.USBD_CDC_GetHSCfgDesc
                0x08009ed0       0x20 CMakeFiles/c8t6coreboard.dir/Middlewares/ST/STM32_USB_Device_Library/Class/CDC/Src/usbd_cdc.c.obj
 .text.USBD_CDC_GetOtherSpeedCfgDesc
                0x08009ef0       0x20 CMakeFiles/c8t6coreboard.dir/Middlewares/ST/STM32_USB_Device_Library/Class/CDC/Src/usbd_cdc.c.obj
 .text.USBD_CDC_GetDeviceQualifierDescriptor
                0x08009f10       0x20 CMakeFiles/c8t6coreboard.dir/Middlewares/ST/STM32_USB_Device_Library/Class/CDC/Src/usbd_cdc.c.obj
                0x08009f10                USBD_CDC_GetDeviceQualifierDescriptor
 .text.USBD_CDC_RegisterInterface
                0x08009f30       0x2c CMakeFiles/c8t6coreboard.dir/Middlewares/ST/STM32_USB_Device_Library/Class/CDC/Src/usbd_cdc.c.obj
                0x08009f30                USBD_CDC_RegisterInterface
 .text.USBD_CDC_SetTxBuffer
                0x08009f5c       0x32 CMakeFiles/c8t6coreboard.dir/Middlewares/ST/STM32_USB_Device_Library/Class/CDC/Src/usbd_cdc.c.obj
                0x08009f5c                USBD_CDC_SetTxBuffer
 .text.USBD_CDC_SetRxBuffer
                0x08009f8e       0x26 CMakeFiles/c8t6coreboard.dir/Middlewares/ST/STM32_USB_Device_Library/Class/CDC/Src/usbd_cdc.c.obj
                0x08009f8e                USBD_CDC_SetRxBuffer
 .text.USBD_CDC_TransmitPacket
                0x08009fb4       0x5e CMakeFiles/c8t6coreboard.dir/Middlewares/ST/STM32_USB_Device_Library/Class/CDC/Src/usbd_cdc.c.obj
                0x08009fb4                USBD_CDC_TransmitPacket
 .text.USBD_CDC_ReceivePacket
                0x0800a012       0x54 CMakeFiles/c8t6coreboard.dir/Middlewares/ST/STM32_USB_Device_Library/Class/CDC/Src/usbd_cdc.c.obj
                0x0800a012                USBD_CDC_ReceivePacket
 *fill*         0x0800a066        0x2 
 .text._sbrk    0x0800a068       0x6c CMakeFiles/c8t6coreboard.dir/Core/Src/sysmem.c.obj
                0x0800a068                _sbrk
 .text.Reset_Handler
                0x0800a0d4       0x48 CMakeFiles/c8t6coreboard.dir/startup_stm32f103xb.s.obj
                0x0800a0d4                Reset_Handler
 .text.Default_Handler
                0x0800a11c        0x2 CMakeFiles/c8t6coreboard.dir/startup_stm32f103xb.s.obj
                0x0800a11c                RTC_Alarm_IRQHandler
                0x0800a11c                EXTI2_IRQHandler
                0x0800a11c                TIM1_CC_IRQHandler
                0x0800a11c                PVD_IRQHandler
                0x0800a11c                EXTI3_IRQHandler
                0x0800a11c                EXTI0_IRQHandler
                0x0800a11c                I2C2_EV_IRQHandler
                0x0800a11c                ADC1_2_IRQHandler
                0x0800a11c                SPI1_IRQHandler
                0x0800a11c                TAMPER_IRQHandler
                0x0800a11c                DMA1_Channel4_IRQHandler
                0x0800a11c                USART3_IRQHandler
                0x0800a11c                RTC_IRQHandler
                0x0800a11c                DMA1_Channel7_IRQHandler
                0x0800a11c                CAN1_RX1_IRQHandler
                0x0800a11c                TIM4_IRQHandler
                0x0800a11c                I2C1_EV_IRQHandler
                0x0800a11c                DMA1_Channel6_IRQHandler
                0x0800a11c                TIM3_IRQHandler
                0x0800a11c                RCC_IRQHandler
                0x0800a11c                TIM1_TRG_COM_IRQHandler
                0x0800a11c                DMA1_Channel1_IRQHandler
                0x0800a11c                Default_Handler
                0x0800a11c                EXTI15_10_IRQHandler
                0x0800a11c                EXTI9_5_IRQHandler
                0x0800a11c                SPI2_IRQHandler
                0x0800a11c                DMA1_Channel5_IRQHandler
                0x0800a11c                EXTI4_IRQHandler
                0x0800a11c                USB_HP_CAN1_TX_IRQHandler
                0x0800a11c                DMA1_Channel3_IRQHandler
                0x0800a11c                TIM1_UP_IRQHandler
                0x0800a11c                WWDG_IRQHandler
                0x0800a11c                TIM2_IRQHandler
                0x0800a11c                TIM1_BRK_IRQHandler
                0x0800a11c                EXTI1_IRQHandler
                0x0800a11c                USART2_IRQHandler
                0x0800a11c                I2C2_ER_IRQHandler
                0x0800a11c                DMA1_Channel2_IRQHandler
                0x0800a11c                CAN1_SCE_IRQHandler
                0x0800a11c                FLASH_IRQHandler
                0x0800a11c                USART1_IRQHandler
                0x0800a11c                I2C1_ER_IRQHandler
                0x0800a11c                USBWakeUp_IRQHandler
 *fill*         0x0800a11e        0x2 
 .text.sprintf  0x0800a120       0x40 /opt/st/stm32cubeide_1.17.0/plugins/com.st.stm32cube.ide.mcu.externaltools.gnu-tools-for-stm32.12.3.rel1.linux64_1.1.0.202410170702/tools/bin/../lib/gcc/arm-none-eabi/12.3.1/../../../../arm-none-eabi/lib/thumb/v7-m/nofp/libc_nano.a(libc_a-sprintf.o)
                0x0800a120                sprintf
                0x0800a120                siprintf
 .text.memset   0x0800a160       0x10 /opt/st/stm32cubeide_1.17.0/plugins/com.st.stm32cube.ide.mcu.externaltools.gnu-tools-for-stm32.12.3.rel1.linux64_1.1.0.202410170702/tools/bin/../lib/gcc/arm-none-eabi/12.3.1/../../../../arm-none-eabi/lib/thumb/v7-m/nofp/libc_nano.a(libc_a-memset.o)
                0x0800a160                memset
 .text.__errno  0x0800a170        0xc /opt/st/stm32cubeide_1.17.0/plugins/com.st.stm32cube.ide.mcu.externaltools.gnu-tools-for-stm32.12.3.rel1.linux64_1.1.0.202410170702/tools/bin/../lib/gcc/arm-none-eabi/12.3.1/../../../../arm-none-eabi/lib/thumb/v7-m/nofp/libc_nano.a(libc_a-errno.o)
                0x0800a170                __errno
 .text.__libc_init_array
                0x0800a17c       0x48 /opt/st/stm32cubeide_1.17.0/plugins/com.st.stm32cube.ide.mcu.externaltools.gnu-tools-for-stm32.12.3.rel1.linux64_1.1.0.202410170702/tools/bin/../lib/gcc/arm-none-eabi/12.3.1/../../../../arm-none-eabi/lib/thumb/v7-m/nofp/libc_nano.a(libc_a-init.o)
                0x0800a17c                __libc_init_array
 .text.__retarget_lock_acquire_recursive
                0x0800a1c4        0x2 /opt/st/stm32cubeide_1.17.0/plugins/com.st.stm32cube.ide.mcu.externaltools.gnu-tools-for-stm32.12.3.rel1.linux64_1.1.0.202410170702/tools/bin/../lib/gcc/arm-none-eabi/12.3.1/../../../../arm-none-eabi/lib/thumb/v7-m/nofp/libc_nano.a(libc_a-lock.o)
                0x0800a1c4                __retarget_lock_acquire_recursive
 .text.__retarget_lock_release_recursive
                0x0800a1c6        0x2 /opt/st/stm32cubeide_1.17.0/plugins/com.st.stm32cube.ide.mcu.externaltools.gnu-tools-for-stm32.12.3.rel1.linux64_1.1.0.202410170702/tools/bin/../lib/gcc/arm-none-eabi/12.3.1/../../../../arm-none-eabi/lib/thumb/v7-m/nofp/libc_nano.a(libc_a-lock.o)
                0x0800a1c6                __retarget_lock_release_recursive
 .text._free_r  0x0800a1c8       0x90 /opt/st/stm32cubeide_1.17.0/plugins/com.st.stm32cube.ide.mcu.externaltools.gnu-tools-for-stm32.12.3.rel1.linux64_1.1.0.202410170702/tools/bin/../lib/gcc/arm-none-eabi/12.3.1/../../../../arm-none-eabi/lib/thumb/v7-m/nofp/libc_nano.a(libc_a-freer.o)
                0x0800a1c8                _free_r
 .text.sbrk_aligned
                0x0800a258       0x44 /opt/st/stm32cubeide_1.17.0/plugins/com.st.stm32cube.ide.mcu.externaltools.gnu-tools-for-stm32.12.3.rel1.linux64_1.1.0.202410170702/tools/bin/../lib/gcc/arm-none-eabi/12.3.1/../../../../arm-none-eabi/lib/thumb/v7-m/nofp/libc_nano.a(libc_a-mallocr.o)
 .text._malloc_r
                0x0800a29c      0x100 /opt/st/stm32cubeide_1.17.0/plugins/com.st.stm32cube.ide.mcu.externaltools.gnu-tools-for-stm32.12.3.rel1.linux64_1.1.0.202410170702/tools/bin/../lib/gcc/arm-none-eabi/12.3.1/../../../../arm-none-eabi/lib/thumb/v7-m/nofp/libc_nano.a(libc_a-mallocr.o)
                0x0800a29c                _malloc_r
 .text.__malloc_lock
                0x0800a39c        0xc /opt/st/stm32cubeide_1.17.0/plugins/com.st.stm32cube.ide.mcu.externaltools.gnu-tools-for-stm32.12.3.rel1.linux64_1.1.0.202410170702/tools/bin/../lib/gcc/arm-none-eabi/12.3.1/../../../../arm-none-eabi/lib/thumb/v7-m/nofp/libc_nano.a(libc_a-mlock.o)
                0x0800a39c                __malloc_lock
 .text.__malloc_unlock
                0x0800a3a8        0xc /opt/st/stm32cubeide_1.17.0/plugins/com.st.stm32cube.ide.mcu.externaltools.gnu-tools-for-stm32.12.3.rel1.linux64_1.1.0.202410170702/tools/bin/../lib/gcc/arm-none-eabi/12.3.1/../../../../arm-none-eabi/lib/thumb/v7-m/nofp/libc_nano.a(libc_a-mlock.o)
                0x0800a3a8                __malloc_unlock
 .text.__ssputs_r
                0x0800a3b4       0xb6 /opt/st/stm32cubeide_1.17.0/plugins/com.st.stm32cube.ide.mcu.externaltools.gnu-tools-for-stm32.12.3.rel1.linux64_1.1.0.202410170702/tools/bin/../lib/gcc/arm-none-eabi/12.3.1/../../../../arm-none-eabi/lib/thumb/v7-m/nofp/libc_nano.a(libc_a-nano-svfprintf.o)
                0x0800a3b4                __ssputs_r
 *fill*         0x0800a46a        0x2 
 .text._svfprintf_r
                0x0800a46c      0x1f8 /opt/st/stm32cubeide_1.17.0/plugins/com.st.stm32cube.ide.mcu.externaltools.gnu-tools-for-stm32.12.3.rel1.linux64_1.1.0.202410170702/tools/bin/../lib/gcc/arm-none-eabi/12.3.1/../../../../arm-none-eabi/lib/thumb/v7-m/nofp/libc_nano.a(libc_a-nano-svfprintf.o)
                0x0800a46c                _svfprintf_r
                0x0800a46c                _svfiprintf_r
 .text._printf_common
                0x0800a664       0xe4 /opt/st/stm32cubeide_1.17.0/plugins/com.st.stm32cube.ide.mcu.externaltools.gnu-tools-for-stm32.12.3.rel1.linux64_1.1.0.202410170702/tools/bin/../lib/gcc/arm-none-eabi/12.3.1/../../../../arm-none-eabi/lib/thumb/v7-m/nofp/libc_nano.a(libc_a-nano-vfprintf_i.o)
                0x0800a664                _printf_common
 .text._printf_i
                0x0800a748      0x240 /opt/st/stm32cubeide_1.17.0/plugins/com.st.stm32cube.ide.mcu.externaltools.gnu-tools-for-stm32.12.3.rel1.linux64_1.1.0.202410170702/tools/bin/../lib/gcc/arm-none-eabi/12.3.1/../../../../arm-none-eabi/lib/thumb/v7-m/nofp/libc_nano.a(libc_a-nano-vfprintf_i.o)
                0x0800a748                _printf_i
 .text.memmove  0x0800a988       0x34 /opt/st/stm32cubeide_1.17.0/plugins/com.st.stm32cube.ide.mcu.externaltools.gnu-tools-for-stm32.12.3.rel1.linux64_1.1.0.202410170702/tools/bin/../lib/gcc/arm-none-eabi/12.3.1/../../../../arm-none-eabi/lib/thumb/v7-m/nofp/libc_nano.a(libc_a-memmove.o)
                0x0800a988                memmove
 .text._sbrk_r  0x0800a9bc       0x20 /opt/st/stm32cubeide_1.17.0/plugins/com.st.stm32cube.ide.mcu.externaltools.gnu-tools-for-stm32.12.3.rel1.linux64_1.1.0.202410170702/tools/bin/../lib/gcc/arm-none-eabi/12.3.1/../../../../arm-none-eabi/lib/thumb/v7-m/nofp/libc_nano.a(libc_a-sbrkr.o)
                0x0800a9bc                _sbrk_r
 .text.memchr   0x0800a9dc       0x1c /opt/st/stm32cubeide_1.17.0/plugins/com.st.stm32cube.ide.mcu.externaltools.gnu-tools-for-stm32.12.3.rel1.linux64_1.1.0.202410170702/tools/bin/../lib/gcc/arm-none-eabi/12.3.1/../../../../arm-none-eabi/lib/thumb/v7-m/nofp/libc_nano.a(libc_a-memchr-stub.o)
                0x0800a9dc                memchr
 .text.memcpy   0x0800a9f8       0x1c /opt/st/stm32cubeide_1.17.0/plugins/com.st.stm32cube.ide.mcu.externaltools.gnu-tools-for-stm32.12.3.rel1.linux64_1.1.0.202410170702/tools/bin/../lib/gcc/arm-none-eabi/12.3.1/../../../../arm-none-eabi/lib/thumb/v7-m/nofp/libc_nano.a(libc_a-memcpy-stub.o)
                0x0800a9f8                memcpy
 .text._realloc_r
                0x0800aa14       0x5c /opt/st/stm32cubeide_1.17.0/plugins/com.st.stm32cube.ide.mcu.externaltools.gnu-tools-for-stm32.12.3.rel1.linux64_1.1.0.202410170702/tools/bin/../lib/gcc/arm-none-eabi/12.3.1/../../../../arm-none-eabi/lib/thumb/v7-m/nofp/libc_nano.a(libc_a-reallocr.o)
                0x0800aa14                _realloc_r
 .text._malloc_usable_size_r
                0x0800aa70       0x10 /opt/st/stm32cubeide_1.17.0/plugins/com.st.stm32cube.ide.mcu.externaltools.gnu-tools-for-stm32.12.3.rel1.linux64_1.1.0.202410170702/tools/bin/../lib/gcc/arm-none-eabi/12.3.1/../../../../arm-none-eabi/lib/thumb/v7-m/nofp/libc_nano.a(libc_a-msizer.o)
                0x0800aa70                _malloc_usable_size_r
 *(.glue_7)
 .glue_7        0x0800aa80        0x0 linker stubs
 *(.glue_7t)
 .glue_7t       0x0800aa80        0x0 linker stubs
 *(.eh_frame)
 .eh_frame      0x0800aa80        0x0 /opt/st/stm32cubeide_1.17.0/plugins/com.st.stm32cube.ide.mcu.externaltools.gnu-tools-for-stm32.12.3.rel1.linux64_1.1.0.202410170702/tools/bin/../lib/gcc/arm-none-eabi/12.3.1/thumb/v7-m/nofp/crtbegin.o
 *(.init)
 .init          0x0800aa80        0x4 /opt/st/stm32cubeide_1.17.0/plugins/com.st.stm32cube.ide.mcu.externaltools.gnu-tools-for-stm32.12.3.rel1.linux64_1.1.0.202410170702/tools/bin/../lib/gcc/arm-none-eabi/12.3.1/thumb/v7-m/nofp/crti.o
                0x0800aa80                _init
 .init          0x0800aa84        0x8 /opt/st/stm32cubeide_1.17.0/plugins/com.st.stm32cube.ide.mcu.externaltools.gnu-tools-for-stm32.12.3.rel1.linux64_1.1.0.202410170702/tools/bin/../lib/gcc/arm-none-eabi/12.3.1/thumb/v7-m/nofp/crtn.o
 *(.fini)
 .fini          0x0800aa8c        0x4 /opt/st/stm32cubeide_1.17.0/plugins/com.st.stm32cube.ide.mcu.externaltools.gnu-tools-for-stm32.12.3.rel1.linux64_1.1.0.202410170702/tools/bin/../lib/gcc/arm-none-eabi/12.3.1/thumb/v7-m/nofp/crti.o
                0x0800aa8c                _fini
 .fini          0x0800aa90        0x8 /opt/st/stm32cubeide_1.17.0/plugins/com.st.stm32cube.ide.mcu.externaltools.gnu-tools-for-stm32.12.3.rel1.linux64_1.1.0.202410170702/tools/bin/../lib/gcc/arm-none-eabi/12.3.1/thumb/v7-m/nofp/crtn.o
                0x0800aa98                        . = ALIGN (0x4)
                0x0800aa98                        _etext = .

.vfp11_veneer   0x0800aa98        0x0
 .vfp11_veneer  0x0800aa98        0x0 linker stubs

.v4_bx          0x0800aa98        0x0
 .v4_bx         0x0800aa98        0x0 linker stubs

.iplt           0x0800aa98        0x0
 .iplt          0x0800aa98        0x0 /opt/st/stm32cubeide_1.17.0/plugins/com.st.stm32cube.ide.mcu.externaltools.gnu-tools-for-stm32.12.3.rel1.linux64_1.1.0.202410170702/tools/bin/../lib/gcc/arm-none-eabi/12.3.1/thumb/v7-m/nofp/crtbegin.o

.rodata         0x0800aa98       0xe8
                0x0800aa98                        . = ALIGN (0x4)
 *(.rodata)
 .rodata        0x0800aa98       0x3e CMakeFiles/c8t6coreboard.dir/Core/Src/main.cpp.obj
 *fill*         0x0800aad6        0x2 
 .rodata        0x0800aad8       0x46 CMakeFiles/c8t6coreboard.dir/USB_DEVICE/App/usbd_desc.c.obj
 *(.rodata*)
 *fill*         0x0800ab1e        0x2 
 .rodata.aPLLMULFactorTable.1
                0x0800ab20       0x10 CMakeFiles/c8t6coreboard.dir/Drivers/STM32F1xx_HAL_Driver/Src/stm32f1xx_hal_rcc.c.obj
 .rodata.aPredivFactorTable.0
                0x0800ab30        0x2 CMakeFiles/c8t6coreboard.dir/Drivers/STM32F1xx_HAL_Driver/Src/stm32f1xx_hal_rcc.c.obj
 *fill*         0x0800ab32        0x2 
 .rodata.AHBPrescTable
                0x0800ab34       0x10 CMakeFiles/c8t6coreboard.dir/Core/Src/system_stm32f1xx.c.obj
                0x0800ab34                AHBPrescTable
 .rodata.APBPrescTable
                0x0800ab44        0x8 CMakeFiles/c8t6coreboard.dir/Core/Src/system_stm32f1xx.c.obj
                0x0800ab44                APBPrescTable
 .rodata._svfprintf_r.str1.1
                0x0800ab4c       0x11 /opt/st/stm32cubeide_1.17.0/plugins/com.st.stm32cube.ide.mcu.externaltools.gnu-tools-for-stm32.12.3.rel1.linux64_1.1.0.202410170702/tools/bin/../lib/gcc/arm-none-eabi/12.3.1/../../../../arm-none-eabi/lib/thumb/v7-m/nofp/libc_nano.a(libc_a-nano-svfprintf.o)
 .rodata._printf_i.str1.1
                0x0800ab5d       0x22 /opt/st/stm32cubeide_1.17.0/plugins/com.st.stm32cube.ide.mcu.externaltools.gnu-tools-for-stm32.12.3.rel1.linux64_1.1.0.202410170702/tools/bin/../lib/gcc/arm-none-eabi/12.3.1/../../../../arm-none-eabi/lib/thumb/v7-m/nofp/libc_nano.a(libc_a-nano-vfprintf_i.o)
                0x0800ab80                        . = ALIGN (0x4)
 *fill*         0x0800ab7f        0x1 

.rel.dyn        0x0800ab80        0x0
 .rel.iplt      0x0800ab80        0x0 /opt/st/stm32cubeide_1.17.0/plugins/com.st.stm32cube.ide.mcu.externaltools.gnu-tools-for-stm32.12.3.rel1.linux64_1.1.0.202410170702/tools/bin/../lib/gcc/arm-none-eabi/12.3.1/thumb/v7-m/nofp/crtbegin.o

.ARM.extab
 *(.ARM.extab* .gnu.linkonce.armextab.*)

.ARM            0x0800ab80        0x0
                0x0800ab80                        __exidx_start = .
 *(.ARM.exidx*)
                0x0800ab80                        __exidx_end = .

.preinit_array  0x0800ab80        0x0
                0x0800ab80                        PROVIDE (__preinit_array_start = .)
 *(.preinit_array*)
                0x0800ab80                        PROVIDE (__preinit_array_end = .)

.init_array     0x0800ab80        0x4
                0x0800ab80                        PROVIDE (__init_array_start = .)
 *(SORT_BY_NAME(.init_array.*))
 *(.init_array*)
 .init_array    0x0800ab80        0x4 /opt/st/stm32cubeide_1.17.0/plugins/com.st.stm32cube.ide.mcu.externaltools.gnu-tools-for-stm32.12.3.rel1.linux64_1.1.0.202410170702/tools/bin/../lib/gcc/arm-none-eabi/12.3.1/thumb/v7-m/nofp/crtbegin.o
                0x0800ab84                        PROVIDE (__init_array_end = .)

.fini_array     0x0800ab84        0x4
                [!provide]                        PROVIDE (__fini_array_start = .)
 *(SORT_BY_NAME(.fini_array.*))
 *(.fini_array*)
 .fini_array    0x0800ab84        0x4 /opt/st/stm32cubeide_1.17.0/plugins/com.st.stm32cube.ide.mcu.externaltools.gnu-tools-for-stm32.12.3.rel1.linux64_1.1.0.202410170702/tools/bin/../lib/gcc/arm-none-eabi/12.3.1/thumb/v7-m/nofp/crtbegin.o
                [!provide]                        PROVIDE (__fini_array_end = .)
                0x0800ab88                        _sidata = LOADADDR (.data)

.data           0x20000000      0x1d0 load address 0x0800ab88
                0x20000000                        . = ALIGN (0x4)
                0x20000000                        _sdata = .
 *(.data)
 *(.data*)
 .data.tvoc     0x20000000        0x4 CMakeFiles/c8t6coreboard.dir/Core/Src/main.cpp.obj
                0x20000000                tvoc
 .data.FS_Desc  0x20000004       0x1c CMakeFiles/c8t6coreboard.dir/USB_DEVICE/App/usbd_desc.c.obj
                0x20000004                FS_Desc
 .data.USBD_FS_DeviceDesc
                0x20000020       0x12 CMakeFiles/c8t6coreboard.dir/USB_DEVICE/App/usbd_desc.c.obj
                0x20000020                USBD_FS_DeviceDesc
 *fill*         0x20000032        0x2 
 .data.USBD_LangIDDesc
                0x20000034        0x4 CMakeFiles/c8t6coreboard.dir/USB_DEVICE/App/usbd_desc.c.obj
                0x20000034                USBD_LangIDDesc
 .data.USBD_StringSerial
                0x20000038       0x1a CMakeFiles/c8t6coreboard.dir/USB_DEVICE/App/usbd_desc.c.obj
                0x20000038                USBD_StringSerial
 *fill*         0x20000052        0x2 
 .data.USBD_Interface_fops_FS
                0x20000054       0x10 CMakeFiles/c8t6coreboard.dir/USB_DEVICE/App/usbd_cdc_if.c.obj
                0x20000054                USBD_Interface_fops_FS
 .data.uwTickPrio
                0x20000064        0x4 CMakeFiles/c8t6coreboard.dir/Drivers/STM32F1xx_HAL_Driver/Src/stm32f1xx_hal.c.obj
                0x20000064                uwTickPrio
 .data.uwTickFreq
                0x20000068        0x1 CMakeFiles/c8t6coreboard.dir/Drivers/STM32F1xx_HAL_Driver/Src/stm32f1xx_hal.c.obj
                0x20000068                uwTickFreq
 *fill*         0x20000069        0x3 
 .data.SystemCoreClock
                0x2000006c        0x4 CMakeFiles/c8t6coreboard.dir/Core/Src/system_stm32f1xx.c.obj
                0x2000006c                SystemCoreClock
 .data.USBD_CDC_DeviceQualifierDesc
                0x20000070        0xa CMakeFiles/c8t6coreboard.dir/Middlewares/ST/STM32_USB_Device_Library/Class/CDC/Src/usbd_cdc.c.obj
 *fill*         0x2000007a        0x2 
 .data.USBD_CDC
                0x2000007c       0x38 CMakeFiles/c8t6coreboard.dir/Middlewares/ST/STM32_USB_Device_Library/Class/CDC/Src/usbd_cdc.c.obj
                0x2000007c                USBD_CDC
 .data.USBD_CDC_CfgHSDesc
                0x200000b4       0x43 CMakeFiles/c8t6coreboard.dir/Middlewares/ST/STM32_USB_Device_Library/Class/CDC/Src/usbd_cdc.c.obj
                0x200000b4                USBD_CDC_CfgHSDesc
 *fill*         0x200000f7        0x1 
 .data.USBD_CDC_CfgFSDesc
                0x200000f8       0x43 CMakeFiles/c8t6coreboard.dir/Middlewares/ST/STM32_USB_Device_Library/Class/CDC/Src/usbd_cdc.c.obj
                0x200000f8                USBD_CDC_CfgFSDesc
 *fill*         0x2000013b        0x1 
 .data.USBD_CDC_OtherSpeedCfgDesc
                0x2000013c       0x43 CMakeFiles/c8t6coreboard.dir/Middlewares/ST/STM32_USB_Device_Library/Class/CDC/Src/usbd_cdc.c.obj
                0x2000013c                USBD_CDC_OtherSpeedCfgDesc
 *fill*         0x2000017f        0x1 
 .data._impure_ptr
                0x20000180        0x4 /opt/st/stm32cubeide_1.17.0/plugins/com.st.stm32cube.ide.mcu.externaltools.gnu-tools-for-stm32.12.3.rel1.linux64_1.1.0.202410170702/tools/bin/../lib/gcc/arm-none-eabi/12.3.1/../../../../arm-none-eabi/lib/thumb/v7-m/nofp/libc_nano.a(libc_a-impure.o)
                0x20000180                _impure_ptr
 .data._impure_data
                0x20000184       0x4c /opt/st/stm32cubeide_1.17.0/plugins/com.st.stm32cube.ide.mcu.externaltools.gnu-tools-for-stm32.12.3.rel1.linux64_1.1.0.202410170702/tools/bin/../lib/gcc/arm-none-eabi/12.3.1/../../../../arm-none-eabi/lib/thumb/v7-m/nofp/libc_nano.a(libc_a-impure.o)
                0x20000184                _impure_data
                0x200001d0                        . = ALIGN (0x4)
                0x200001d0                        _edata = .

.igot.plt       0x200001d0        0x0 load address 0x0800ad58
 .igot.plt      0x200001d0        0x0 /opt/st/stm32cubeide_1.17.0/plugins/com.st.stm32cube.ide.mcu.externaltools.gnu-tools-for-stm32.12.3.rel1.linux64_1.1.0.202410170702/tools/bin/../lib/gcc/arm-none-eabi/12.3.1/thumb/v7-m/nofp/crtbegin.o
                0x200001d0                        . = ALIGN (0x4)

.bss            0x200001d0     0x138c load address 0x0800ad58
                0x200001d0                        _sbss = .
                0x200001d0                        __bss_start__ = _sbss
 *(.bss)
 .bss           0x200001d0       0x1c /opt/st/stm32cubeide_1.17.0/plugins/com.st.stm32cube.ide.mcu.externaltools.gnu-tools-for-stm32.12.3.rel1.linux64_1.1.0.202410170702/tools/bin/../lib/gcc/arm-none-eabi/12.3.1/thumb/v7-m/nofp/crtbegin.o
 *(.bss*)
 .bss.hi2c1     0x200001ec       0x54 CMakeFiles/c8t6coreboard.dir/Core/Src/main.cpp.obj
                0x200001ec                hi2c1
 .bss.co2       0x20000240        0x4 CMakeFiles/c8t6coreboard.dir/Core/Src/main.cpp.obj
                0x20000240                co2
 .bss.temp      0x20000244        0x4 CMakeFiles/c8t6coreboard.dir/Core/Src/main.cpp.obj
                0x20000244                temp
 .bss.humid     0x20000248        0x4 CMakeFiles/c8t6coreboard.dir/Core/Src/main.cpp.obj
                0x20000248                humid
 .bss.hUsbDeviceFS
                0x2000024c      0x2c4 CMakeFiles/c8t6coreboard.dir/USB_DEVICE/App/usb_device.c.obj
                0x2000024c                hUsbDeviceFS
 .bss.USBD_StrDesc
                0x20000510      0x200 CMakeFiles/c8t6coreboard.dir/USB_DEVICE/App/usbd_desc.c.obj
                0x20000510                USBD_StrDesc
 .bss.UserRxBufferFS
                0x20000710      0x400 CMakeFiles/c8t6coreboard.dir/USB_DEVICE/App/usbd_cdc_if.c.obj
                0x20000710                UserRxBufferFS
 .bss.UserTxBufferFS
                0x20000b10      0x400 CMakeFiles/c8t6coreboard.dir/USB_DEVICE/App/usbd_cdc_if.c.obj
                0x20000b10                UserTxBufferFS
 .bss.hpcd_USB_FS
                0x20000f10      0x2d8 CMakeFiles/c8t6coreboard.dir/USB_DEVICE/Target/usbd_conf.c.obj
                0x20000f10                hpcd_USB_FS
 .bss.mem.0     0x200011e8      0x220 CMakeFiles/c8t6coreboard.dir/USB_DEVICE/Target/usbd_conf.c.obj
 .bss.uwTick    0x20001408        0x4 CMakeFiles/c8t6coreboard.dir/Drivers/STM32F1xx_HAL_Driver/Src/stm32f1xx_hal.c.obj
                0x20001408                uwTick
 .bss.cfgidx.0  0x2000140c        0x1 CMakeFiles/c8t6coreboard.dir/Middlewares/ST/STM32_USB_Device_Library/Core/Src/usbd_ctlreq.c.obj
 *fill*         0x2000140d        0x3 
 .bss.__sbrk_heap_end
                0x20001410        0x4 CMakeFiles/c8t6coreboard.dir/Core/Src/sysmem.c.obj
 .bss.__sf      0x20001414      0x138 /opt/st/stm32cubeide_1.17.0/plugins/com.st.stm32cube.ide.mcu.externaltools.gnu-tools-for-stm32.12.3.rel1.linux64_1.1.0.202410170702/tools/bin/../lib/gcc/arm-none-eabi/12.3.1/../../../../arm-none-eabi/lib/thumb/v7-m/nofp/libc_nano.a(libc_a-findfp.o)
                0x20001414                __sf
 .bss.errno     0x2000154c        0x4 /opt/st/stm32cubeide_1.17.0/plugins/com.st.stm32cube.ide.mcu.externaltools.gnu-tools-for-stm32.12.3.rel1.linux64_1.1.0.202410170702/tools/bin/../lib/gcc/arm-none-eabi/12.3.1/../../../../arm-none-eabi/lib/thumb/v7-m/nofp/libc_nano.a(libc_a-reent.o)
                0x2000154c                errno
 .bss.__lock___malloc_recursive_mutex
                0x20001550        0x1 /opt/st/stm32cubeide_1.17.0/plugins/com.st.stm32cube.ide.mcu.externaltools.gnu-tools-for-stm32.12.3.rel1.linux64_1.1.0.202410170702/tools/bin/../lib/gcc/arm-none-eabi/12.3.1/../../../../arm-none-eabi/lib/thumb/v7-m/nofp/libc_nano.a(libc_a-lock.o)
                0x20001550                __lock___malloc_recursive_mutex
 *fill*         0x20001551        0x3 
 .bss.__malloc_sbrk_start
                0x20001554        0x4 /opt/st/stm32cubeide_1.17.0/plugins/com.st.stm32cube.ide.mcu.externaltools.gnu-tools-for-stm32.12.3.rel1.linux64_1.1.0.202410170702/tools/bin/../lib/gcc/arm-none-eabi/12.3.1/../../../../arm-none-eabi/lib/thumb/v7-m/nofp/libc_nano.a(libc_a-mallocr.o)
                0x20001554                __malloc_sbrk_start
 .bss.__malloc_free_list
                0x20001558        0x4 /opt/st/stm32cubeide_1.17.0/plugins/com.st.stm32cube.ide.mcu.externaltools.gnu-tools-for-stm32.12.3.rel1.linux64_1.1.0.202410170702/tools/bin/../lib/gcc/arm-none-eabi/12.3.1/../../../../arm-none-eabi/lib/thumb/v7-m/nofp/libc_nano.a(libc_a-mallocr.o)
                0x20001558                __malloc_free_list
 *(COMMON)
                0x2000155c                        . = ALIGN (0x4)
                0x2000155c                        _ebss = .
                0x2000155c                        __bss_end__ = _ebss

._user_heap_stack
                0x2000155c      0x604 load address 0x0800ad58
                0x20001560                        . = ALIGN (0x8)
 *fill*         0x2000155c        0x4 
                [!provide]                        PROVIDE (end = .)
                0x20001560                        PROVIDE (_end = .)
                0x20001760                        . = (. + _Min_Heap_Size)
 *fill*         0x20001560      0x200 
                0x20001b60                        . = (. + _Min_Stack_Size)
 *fill*         0x20001760      0x400 
                0x20001b60                        . = ALIGN (0x8)

/DISCARD/
 libc.a(*)
 libm.a(*)
 libgcc.a(*)
OUTPUT(c8t6coreboard.elf elf32-littlearm)
LOAD linker stubs
LOAD /opt/st/stm32cubeide_1.17.0/plugins/com.st.stm32cube.ide.mcu.externaltools.gnu-tools-for-stm32.12.3.rel1.linux64_1.1.0.202410170702/tools/bin/../lib/gcc/arm-none-eabi/12.3.1/../../../../arm-none-eabi/lib/thumb/v7-m/nofp/libc.a
LOAD /opt/st/stm32cubeide_1.17.0/plugins/com.st.stm32cube.ide.mcu.externaltools.gnu-tools-for-stm32.12.3.rel1.linux64_1.1.0.202410170702/tools/bin/../lib/gcc/arm-none-eabi/12.3.1/../../../../arm-none-eabi/lib/thumb/v7-m/nofp/libm.a
LOAD /opt/st/stm32cubeide_1.17.0/plugins/com.st.stm32cube.ide.mcu.externaltools.gnu-tools-for-stm32.12.3.rel1.linux64_1.1.0.202410170702/tools/bin/../lib/gcc/arm-none-eabi/12.3.1/thumb/v7-m/nofp/libgcc.a

.ARM.attributes
                0x00000000       0x29
 .ARM.attributes
                0x00000000       0x1d /opt/st/stm32cubeide_1.17.0/plugins/com.st.stm32cube.ide.mcu.externaltools.gnu-tools-for-stm32.12.3.rel1.linux64_1.1.0.202410170702/tools/bin/../lib/gcc/arm-none-eabi/12.3.1/thumb/v7-m/nofp/crti.o
 .ARM.attributes
                0x0000001d       0x2d /opt/st/stm32cubeide_1.17.0/plugins/com.st.stm32cube.ide.mcu.externaltools.gnu-tools-for-stm32.12.3.rel1.linux64_1.1.0.202410170702/tools/bin/../lib/gcc/arm-none-eabi/12.3.1/thumb/v7-m/nofp/crtbegin.o
 .ARM.attributes
                0x0000004a       0x2d CMakeFiles/c8t6coreboard.dir/Core/Src/main.cpp.obj
 .ARM.attributes
                0x00000077       0x2d CMakeFiles/c8t6coreboard.dir/Core/Src/aht20.cpp.obj
 .ARM.attributes
                0x000000a4       0x2d CMakeFiles/c8t6coreboard.dir/Core/Src/ags10.cpp.obj
 .ARM.attributes
                0x000000d1       0x2d CMakeFiles/c8t6coreboard.dir/Core/Src/acd10.cpp.obj
 .ARM.attributes
                0x000000fe       0x2d CMakeFiles/c8t6coreboard.dir/Core/Src/stm32f1xx_it.c.obj
 .ARM.attributes
                0x0000012b       0x2d CMakeFiles/c8t6coreboard.dir/Core/Src/stm32f1xx_hal_msp.c.obj
 .ARM.attributes
                0x00000158       0x2d CMakeFiles/c8t6coreboard.dir/USB_DEVICE/App/usb_device.c.obj
 .ARM.attributes
                0x00000185       0x2d CMakeFiles/c8t6coreboard.dir/USB_DEVICE/App/usbd_desc.c.obj
 .ARM.attributes
                0x000001b2       0x2d CMakeFiles/c8t6coreboard.dir/USB_DEVICE/App/usbd_cdc_if.c.obj
 .ARM.attributes
                0x000001df       0x2d CMakeFiles/c8t6coreboard.dir/USB_DEVICE/Target/usbd_conf.c.obj
 .ARM.attributes
                0x0000020c       0x2d CMakeFiles/c8t6coreboard.dir/Drivers/STM32F1xx_HAL_Driver/Src/stm32f1xx_hal_pcd.c.obj
 .ARM.attributes
                0x00000239       0x2d CMakeFiles/c8t6coreboard.dir/Drivers/STM32F1xx_HAL_Driver/Src/stm32f1xx_hal_pcd_ex.c.obj
 .ARM.attributes
                0x00000266       0x2d CMakeFiles/c8t6coreboard.dir/Drivers/STM32F1xx_HAL_Driver/Src/stm32f1xx_ll_usb.c.obj
 .ARM.attributes
                0x00000293       0x2d CMakeFiles/c8t6coreboard.dir/Drivers/STM32F1xx_HAL_Driver/Src/stm32f1xx_hal.c.obj
 .ARM.attributes
                0x000002c0       0x2d CMakeFiles/c8t6coreboard.dir/Drivers/STM32F1xx_HAL_Driver/Src/stm32f1xx_hal_rcc.c.obj
 .ARM.attributes
                0x000002ed       0x2d CMakeFiles/c8t6coreboard.dir/Drivers/STM32F1xx_HAL_Driver/Src/stm32f1xx_hal_rcc_ex.c.obj
 .ARM.attributes
                0x0000031a       0x2d CMakeFiles/c8t6coreboard.dir/Drivers/STM32F1xx_HAL_Driver/Src/stm32f1xx_hal_gpio.c.obj
 .ARM.attributes
                0x00000347       0x2d CMakeFiles/c8t6coreboard.dir/Drivers/STM32F1xx_HAL_Driver/Src/stm32f1xx_hal_cortex.c.obj
 .ARM.attributes
                0x00000374       0x2d CMakeFiles/c8t6coreboard.dir/Drivers/STM32F1xx_HAL_Driver/Src/stm32f1xx_hal_i2c.c.obj
 .ARM.attributes
                0x000003a1       0x2d CMakeFiles/c8t6coreboard.dir/Core/Src/system_stm32f1xx.c.obj
 .ARM.attributes
                0x000003ce       0x2d CMakeFiles/c8t6coreboard.dir/Middlewares/ST/STM32_USB_Device_Library/Core/Src/usbd_core.c.obj
 .ARM.attributes
                0x000003fb       0x2d CMakeFiles/c8t6coreboard.dir/Middlewares/ST/STM32_USB_Device_Library/Core/Src/usbd_ctlreq.c.obj
 .ARM.attributes
                0x00000428       0x2d CMakeFiles/c8t6coreboard.dir/Middlewares/ST/STM32_USB_Device_Library/Core/Src/usbd_ioreq.c.obj
 .ARM.attributes
                0x00000455       0x2d CMakeFiles/c8t6coreboard.dir/Middlewares/ST/STM32_USB_Device_Library/Class/CDC/Src/usbd_cdc.c.obj
 .ARM.attributes
                0x00000482       0x2d CMakeFiles/c8t6coreboard.dir/Core/Src/sysmem.c.obj
 .ARM.attributes
                0x000004af       0x21 CMakeFiles/c8t6coreboard.dir/startup_stm32f103xb.s.obj
 .ARM.attributes
                0x000004d0       0x2d /opt/st/stm32cubeide_1.17.0/plugins/com.st.stm32cube.ide.mcu.externaltools.gnu-tools-for-stm32.12.3.rel1.linux64_1.1.0.202410170702/tools/bin/../lib/gcc/arm-none-eabi/12.3.1/../../../../arm-none-eabi/lib/thumb/v7-m/nofp/libc_nano.a(libc_a-findfp.o)
 .ARM.attributes
                0x000004fd       0x2d /opt/st/stm32cubeide_1.17.0/plugins/com.st.stm32cube.ide.mcu.externaltools.gnu-tools-for-stm32.12.3.rel1.linux64_1.1.0.202410170702/tools/bin/../lib/gcc/arm-none-eabi/12.3.1/../../../../arm-none-eabi/lib/thumb/v7-m/nofp/libc_nano.a(libc_a-sprintf.o)
 .ARM.attributes
                0x0000052a       0x2d /opt/st/stm32cubeide_1.17.0/plugins/com.st.stm32cube.ide.mcu.externaltools.gnu-tools-for-stm32.12.3.rel1.linux64_1.1.0.202410170702/tools/bin/../lib/gcc/arm-none-eabi/12.3.1/../../../../arm-none-eabi/lib/thumb/v7-m/nofp/libc_nano.a(libc_a-memset.o)
 .ARM.attributes
                0x00000557       0x2d /opt/st/stm32cubeide_1.17.0/plugins/com.st.stm32cube.ide.mcu.externaltools.gnu-tools-for-stm32.12.3.rel1.linux64_1.1.0.202410170702/tools/bin/../lib/gcc/arm-none-eabi/12.3.1/../../../../arm-none-eabi/lib/thumb/v7-m/nofp/libc_nano.a(libc_a-reent.o)
 .ARM.attributes
                0x00000584       0x2d /opt/st/stm32cubeide_1.17.0/plugins/com.st.stm32cube.ide.mcu.externaltools.gnu-tools-for-stm32.12.3.rel1.linux64_1.1.0.202410170702/tools/bin/../lib/gcc/arm-none-eabi/12.3.1/../../../../arm-none-eabi/lib/thumb/v7-m/nofp/libc_nano.a(libc_a-impure.o)
 .ARM.attributes
                0x000005b1       0x2d /opt/st/stm32cubeide_1.17.0/plugins/com.st.stm32cube.ide.mcu.externaltools.gnu-tools-for-stm32.12.3.rel1.linux64_1.1.0.202410170702/tools/bin/../lib/gcc/arm-none-eabi/12.3.1/../../../../arm-none-eabi/lib/thumb/v7-m/nofp/libc_nano.a(libc_a-errno.o)
 .ARM.attributes
                0x000005de       0x2d /opt/st/stm32cubeide_1.17.0/plugins/com.st.stm32cube.ide.mcu.externaltools.gnu-tools-for-stm32.12.3.rel1.linux64_1.1.0.202410170702/tools/bin/../lib/gcc/arm-none-eabi/12.3.1/../../../../arm-none-eabi/lib/thumb/v7-m/nofp/libc_nano.a(libc_a-init.o)
 .ARM.attributes
                0x0000060b       0x2d /opt/st/stm32cubeide_1.17.0/plugins/com.st.stm32cube.ide.mcu.externaltools.gnu-tools-for-stm32.12.3.rel1.linux64_1.1.0.202410170702/tools/bin/../lib/gcc/arm-none-eabi/12.3.1/../../../../arm-none-eabi/lib/thumb/v7-m/nofp/libc_nano.a(libc_a-lock.o)
 .ARM.attributes
                0x00000638       0x2d /opt/st/stm32cubeide_1.17.0/plugins/com.st.stm32cube.ide.mcu.externaltools.gnu-tools-for-stm32.12.3.rel1.linux64_1.1.0.202410170702/tools/bin/../lib/gcc/arm-none-eabi/12.3.1/../../../../arm-none-eabi/lib/thumb/v7-m/nofp/libc_nano.a(libc_a-freer.o)
 .ARM.attributes
                0x00000665       0x2d /opt/st/stm32cubeide_1.17.0/plugins/com.st.stm32cube.ide.mcu.externaltools.gnu-tools-for-stm32.12.3.rel1.linux64_1.1.0.202410170702/tools/bin/../lib/gcc/arm-none-eabi/12.3.1/../../../../arm-none-eabi/lib/thumb/v7-m/nofp/libc_nano.a(libc_a-mallocr.o)
 .ARM.attributes
                0x00000692       0x2d /opt/st/stm32cubeide_1.17.0/plugins/com.st.stm32cube.ide.mcu.externaltools.gnu-tools-for-stm32.12.3.rel1.linux64_1.1.0.202410170702/tools/bin/../lib/gcc/arm-none-eabi/12.3.1/../../../../arm-none-eabi/lib/thumb/v7-m/nofp/libc_nano.a(libc_a-mlock.o)
 .ARM.attributes
                0x000006bf       0x2d /opt/st/stm32cubeide_1.17.0/plugins/com.st.stm32cube.ide.mcu.externaltools.gnu-tools-for-stm32.12.3.rel1.linux64_1.1.0.202410170702/tools/bin/../lib/gcc/arm-none-eabi/12.3.1/../../../../arm-none-eabi/lib/thumb/v7-m/nofp/libc_nano.a(libc_a-nano-svfprintf.o)
 .ARM.attributes
                0x000006ec       0x2d /opt/st/stm32cubeide_1.17.0/plugins/com.st.stm32cube.ide.mcu.externaltools.gnu-tools-for-stm32.12.3.rel1.linux64_1.1.0.202410170702/tools/bin/../lib/gcc/arm-none-eabi/12.3.1/../../../../arm-none-eabi/lib/thumb/v7-m/nofp/libc_nano.a(libc_a-nano-vfprintf_i.o)
 .ARM.attributes
                0x00000719       0x2d /opt/st/stm32cubeide_1.17.0/plugins/com.st.stm32cube.ide.mcu.externaltools.gnu-tools-for-stm32.12.3.rel1.linux64_1.1.0.202410170702/tools/bin/../lib/gcc/arm-none-eabi/12.3.1/../../../../arm-none-eabi/lib/thumb/v7-m/nofp/libc_nano.a(libc_a-memmove.o)
 .ARM.attributes
                0x00000746       0x2d /opt/st/stm32cubeide_1.17.0/plugins/com.st.stm32cube.ide.mcu.externaltools.gnu-tools-for-stm32.12.3.rel1.linux64_1.1.0.202410170702/tools/bin/../lib/gcc/arm-none-eabi/12.3.1/../../../../arm-none-eabi/lib/thumb/v7-m/nofp/libc_nano.a(libc_a-sbrkr.o)
 .ARM.attributes
                0x00000773       0x2d /opt/st/stm32cubeide_1.17.0/plugins/com.st.stm32cube.ide.mcu.externaltools.gnu-tools-for-stm32.12.3.rel1.linux64_1.1.0.202410170702/tools/bin/../lib/gcc/arm-none-eabi/12.3.1/../../../../arm-none-eabi/lib/thumb/v7-m/nofp/libc_nano.a(libc_a-memchr-stub.o)
 .ARM.attributes
                0x000007a0       0x2d /opt/st/stm32cubeide_1.17.0/plugins/com.st.stm32cube.ide.mcu.externaltools.gnu-tools-for-stm32.12.3.rel1.linux64_1.1.0.202410170702/tools/bin/../lib/gcc/arm-none-eabi/12.3.1/../../../../arm-none-eabi/lib/thumb/v7-m/nofp/libc_nano.a(libc_a-memcpy-stub.o)
 .ARM.attributes
                0x000007cd       0x2d /opt/st/stm32cubeide_1.17.0/plugins/com.st.stm32cube.ide.mcu.externaltools.gnu-tools-for-stm32.12.3.rel1.linux64_1.1.0.202410170702/tools/bin/../lib/gcc/arm-none-eabi/12.3.1/../../../../arm-none-eabi/lib/thumb/v7-m/nofp/libc_nano.a(libc_a-reallocr.o)
 .ARM.attributes
                0x000007fa       0x2d /opt/st/stm32cubeide_1.17.0/plugins/com.st.stm32cube.ide.mcu.externaltools.gnu-tools-for-stm32.12.3.rel1.linux64_1.1.0.202410170702/tools/bin/../lib/gcc/arm-none-eabi/12.3.1/../../../../arm-none-eabi/lib/thumb/v7-m/nofp/libc_nano.a(libc_a-msizer.o)
 .ARM.attributes
                0x00000827       0x1d /opt/st/stm32cubeide_1.17.0/plugins/com.st.stm32cube.ide.mcu.externaltools.gnu-tools-for-stm32.12.3.rel1.linux64_1.1.0.202410170702/tools/bin/../lib/gcc/arm-none-eabi/12.3.1/thumb/v7-m/nofp/libgcc.a(_arm_mulsf3.o)
 .ARM.attributes
                0x00000844       0x1d /opt/st/stm32cubeide_1.17.0/plugins/com.st.stm32cube.ide.mcu.externaltools.gnu-tools-for-stm32.12.3.rel1.linux64_1.1.0.202410170702/tools/bin/../lib/gcc/arm-none-eabi/12.3.1/thumb/v7-m/nofp/libgcc.a(_arm_addsubdf3.o)
 .ARM.attributes
                0x00000861       0x1d /opt/st/stm32cubeide_1.17.0/plugins/com.st.stm32cube.ide.mcu.externaltools.gnu-tools-for-stm32.12.3.rel1.linux64_1.1.0.202410170702/tools/bin/../lib/gcc/arm-none-eabi/12.3.1/thumb/v7-m/nofp/libgcc.a(_arm_muldivdf3.o)
 .ARM.attributes
                0x0000087e       0x1d /opt/st/stm32cubeide_1.17.0/plugins/com.st.stm32cube.ide.mcu.externaltools.gnu-tools-for-stm32.12.3.rel1.linux64_1.1.0.202410170702/tools/bin/../lib/gcc/arm-none-eabi/12.3.1/thumb/v7-m/nofp/libgcc.a(_arm_fixunsdfsi.o)
 .ARM.attributes
                0x0000089b       0x1d /opt/st/stm32cubeide_1.17.0/plugins/com.st.stm32cube.ide.mcu.externaltools.gnu-tools-for-stm32.12.3.rel1.linux64_1.1.0.202410170702/tools/bin/../lib/gcc/arm-none-eabi/12.3.1/thumb/v7-m/nofp/libgcc.a(_arm_truncdfsf2.o)
 .ARM.attributes
                0x000008b8       0x1d /opt/st/stm32cubeide_1.17.0/plugins/com.st.stm32cube.ide.mcu.externaltools.gnu-tools-for-stm32.12.3.rel1.linux64_1.1.0.202410170702/tools/bin/../lib/gcc/arm-none-eabi/12.3.1/thumb/v7-m/nofp/libgcc.a(_arm_addsubsf3.o)
 .ARM.attributes
                0x000008d5       0x1d /opt/st/stm32cubeide_1.17.0/plugins/com.st.stm32cube.ide.mcu.externaltools.gnu-tools-for-stm32.12.3.rel1.linux64_1.1.0.202410170702/tools/bin/../lib/gcc/arm-none-eabi/12.3.1/thumb/v7-m/nofp/libgcc.a(_arm_fixsfsi.o)
 .ARM.attributes
                0x000008f2       0x1d /opt/st/stm32cubeide_1.17.0/plugins/com.st.stm32cube.ide.mcu.externaltools.gnu-tools-for-stm32.12.3.rel1.linux64_1.1.0.202410170702/tools/bin/../lib/gcc/arm-none-eabi/12.3.1/thumb/v7-m/nofp/crtn.o

.comment        0x00000000       0x43
 .comment       0x00000000       0x43 CMakeFiles/c8t6coreboard.dir/Core/Src/main.cpp.obj
                                 0x44 (size before relaxing)
 .comment       0x00000043       0x44 CMakeFiles/c8t6coreboard.dir/Core/Src/aht20.cpp.obj
 .comment       0x00000043       0x44 CMakeFiles/c8t6coreboard.dir/Core/Src/ags10.cpp.obj
 .comment       0x00000043       0x44 CMakeFiles/c8t6coreboard.dir/Core/Src/acd10.cpp.obj
 .comment       0x00000043       0x44 CMakeFiles/c8t6coreboard.dir/Core/Src/stm32f1xx_it.c.obj
 .comment       0x00000043       0x44 CMakeFiles/c8t6coreboard.dir/Core/Src/stm32f1xx_hal_msp.c.obj
 .comment       0x00000043       0x44 CMakeFiles/c8t6coreboard.dir/USB_DEVICE/App/usb_device.c.obj
 .comment       0x00000043       0x44 CMakeFiles/c8t6coreboard.dir/USB_DEVICE/App/usbd_desc.c.obj
 .comment       0x00000043       0x44 CMakeFiles/c8t6coreboard.dir/USB_DEVICE/App/usbd_cdc_if.c.obj
 .comment       0x00000043       0x44 CMakeFiles/c8t6coreboard.dir/USB_DEVICE/Target/usbd_conf.c.obj
 .comment       0x00000043       0x44 CMakeFiles/c8t6coreboard.dir/Drivers/STM32F1xx_HAL_Driver/Src/stm32f1xx_hal_pcd.c.obj
 .comment       0x00000043       0x44 CMakeFiles/c8t6coreboard.dir/Drivers/STM32F1xx_HAL_Driver/Src/stm32f1xx_hal_pcd_ex.c.obj
 .comment       0x00000043       0x44 CMakeFiles/c8t6coreboard.dir/Drivers/STM32F1xx_HAL_Driver/Src/stm32f1xx_ll_usb.c.obj
 .comment       0x00000043       0x44 CMakeFiles/c8t6coreboard.dir/Drivers/STM32F1xx_HAL_Driver/Src/stm32f1xx_hal.c.obj
 .comment       0x00000043       0x44 CMakeFiles/c8t6coreboard.dir/Drivers/STM32F1xx_HAL_Driver/Src/stm32f1xx_hal_rcc.c.obj
 .comment       0x00000043       0x44 CMakeFiles/c8t6coreboard.dir/Drivers/STM32F1xx_HAL_Driver/Src/stm32f1xx_hal_rcc_ex.c.obj
 .comment       0x00000043       0x44 CMakeFiles/c8t6coreboard.dir/Drivers/STM32F1xx_HAL_Driver/Src/stm32f1xx_hal_gpio.c.obj
 .comment       0x00000043       0x44 CMakeFiles/c8t6coreboard.dir/Drivers/STM32F1xx_HAL_Driver/Src/stm32f1xx_hal_cortex.c.obj
 .comment       0x00000043       0x44 CMakeFiles/c8t6coreboard.dir/Drivers/STM32F1xx_HAL_Driver/Src/stm32f1xx_hal_i2c.c.obj
 .comment       0x00000043       0x44 CMakeFiles/c8t6coreboard.dir/Core/Src/system_stm32f1xx.c.obj
 .comment       0x00000043       0x44 CMakeFiles/c8t6coreboard.dir/Middlewares/ST/STM32_USB_Device_Library/Core/Src/usbd_core.c.obj
 .comment       0x00000043       0x44 CMakeFiles/c8t6coreboard.dir/Middlewares/ST/STM32_USB_Device_Library/Core/Src/usbd_ctlreq.c.obj
 .comment       0x00000043       0x44 CMakeFiles/c8t6coreboard.dir/Middlewares/ST/STM32_USB_Device_Library/Core/Src/usbd_ioreq.c.obj
 .comment       0x00000043       0x44 CMakeFiles/c8t6coreboard.dir/Middlewares/ST/STM32_USB_Device_Library/Class/CDC/Src/usbd_cdc.c.obj
 .comment       0x00000043       0x44 CMakeFiles/c8t6coreboard.dir/Core/Src/sysmem.c.obj

.debug_info     0x00000000    0x11110
 .debug_info    0x00000000     0x15d9 CMakeFiles/c8t6coreboard.dir/Core/Src/main.cpp.obj
 .debug_info    0x000015d9      0x7a7 CMakeFiles/c8t6coreboard.dir/Core/Src/aht20.cpp.obj
 .debug_info    0x00001d80      0x70e CMakeFiles/c8t6coreboard.dir/Core/Src/ags10.cpp.obj
 .debug_info    0x0000248e      0x754 CMakeFiles/c8t6coreboard.dir/Core/Src/acd10.cpp.obj
 .debug_info    0x00002be2      0x602 CMakeFiles/c8t6coreboard.dir/Core/Src/stm32f1xx_it.c.obj
 .debug_info    0x000031e4      0x845 CMakeFiles/c8t6coreboard.dir/Core/Src/stm32f1xx_hal_msp.c.obj
 .debug_info    0x00003a29      0x63d CMakeFiles/c8t6coreboard.dir/USB_DEVICE/App/usb_device.c.obj
 .debug_info    0x00004066      0x44a CMakeFiles/c8t6coreboard.dir/USB_DEVICE/App/usbd_desc.c.obj
 .debug_info    0x000044b0      0x8b5 CMakeFiles/c8t6coreboard.dir/USB_DEVICE/App/usbd_cdc_if.c.obj
 .debug_info    0x00004d65     0x1864 CMakeFiles/c8t6coreboard.dir/USB_DEVICE/Target/usbd_conf.c.obj
 .debug_info    0x000065c9     0x16dc CMakeFiles/c8t6coreboard.dir/Drivers/STM32F1xx_HAL_Driver/Src/stm32f1xx_hal_pcd.c.obj
 .debug_info    0x00007ca5      0x6c3 CMakeFiles/c8t6coreboard.dir/Drivers/STM32F1xx_HAL_Driver/Src/stm32f1xx_hal_pcd_ex.c.obj
 .debug_info    0x00008368     0x17ae CMakeFiles/c8t6coreboard.dir/Drivers/STM32F1xx_HAL_Driver/Src/stm32f1xx_ll_usb.c.obj
 .debug_info    0x00009b16      0x704 CMakeFiles/c8t6coreboard.dir/Drivers/STM32F1xx_HAL_Driver/Src/stm32f1xx_hal.c.obj
 .debug_info    0x0000a21a      0x7d5 CMakeFiles/c8t6coreboard.dir/Drivers/STM32F1xx_HAL_Driver/Src/stm32f1xx_hal_rcc.c.obj
 .debug_info    0x0000a9ef      0x3c0 CMakeFiles/c8t6coreboard.dir/Drivers/STM32F1xx_HAL_Driver/Src/stm32f1xx_hal_rcc_ex.c.obj
 .debug_info    0x0000adaf      0x5ab CMakeFiles/c8t6coreboard.dir/Drivers/STM32F1xx_HAL_Driver/Src/stm32f1xx_hal_gpio.c.obj
 .debug_info    0x0000b35a      0xa87 CMakeFiles/c8t6coreboard.dir/Drivers/STM32F1xx_HAL_Driver/Src/stm32f1xx_hal_cortex.c.obj
 .debug_info    0x0000bde1     0x2524 CMakeFiles/c8t6coreboard.dir/Drivers/STM32F1xx_HAL_Driver/Src/stm32f1xx_hal_i2c.c.obj
 .debug_info    0x0000e305      0x222 CMakeFiles/c8t6coreboard.dir/Core/Src/system_stm32f1xx.c.obj
 .debug_info    0x0000e527      0xa52 CMakeFiles/c8t6coreboard.dir/Middlewares/ST/STM32_USB_Device_Library/Core/Src/usbd_core.c.obj
 .debug_info    0x0000ef79      0x91c CMakeFiles/c8t6coreboard.dir/Middlewares/ST/STM32_USB_Device_Library/Core/Src/usbd_ctlreq.c.obj
 .debug_info    0x0000f895      0x6a0 CMakeFiles/c8t6coreboard.dir/Middlewares/ST/STM32_USB_Device_Library/Core/Src/usbd_ioreq.c.obj
 .debug_info    0x0000ff35     0x1043 CMakeFiles/c8t6coreboard.dir/Middlewares/ST/STM32_USB_Device_Library/Class/CDC/Src/usbd_cdc.c.obj
 .debug_info    0x00010f78      0x168 CMakeFiles/c8t6coreboard.dir/Core/Src/sysmem.c.obj
 .debug_info    0x000110e0       0x30 CMakeFiles/c8t6coreboard.dir/startup_stm32f103xb.s.obj

.debug_abbrev   0x00000000     0x3641
 .debug_abbrev  0x00000000      0x41a CMakeFiles/c8t6coreboard.dir/Core/Src/main.cpp.obj
 .debug_abbrev  0x0000041a      0x23b CMakeFiles/c8t6coreboard.dir/Core/Src/aht20.cpp.obj
 .debug_abbrev  0x00000655      0x215 CMakeFiles/c8t6coreboard.dir/Core/Src/ags10.cpp.obj
 .debug_abbrev  0x0000086a      0x228 CMakeFiles/c8t6coreboard.dir/Core/Src/acd10.cpp.obj
 .debug_abbrev  0x00000a92      0x192 CMakeFiles/c8t6coreboard.dir/Core/Src/stm32f1xx_it.c.obj
 .debug_abbrev  0x00000c24      0x1a3 CMakeFiles/c8t6coreboard.dir/Core/Src/stm32f1xx_hal_msp.c.obj
 .debug_abbrev  0x00000dc7      0x18d CMakeFiles/c8t6coreboard.dir/USB_DEVICE/App/usb_device.c.obj
 .debug_abbrev  0x00000f54      0x1ff CMakeFiles/c8t6coreboard.dir/USB_DEVICE/App/usbd_desc.c.obj
 .debug_abbrev  0x00001153      0x2c1 CMakeFiles/c8t6coreboard.dir/USB_DEVICE/App/usbd_cdc_if.c.obj
 .debug_abbrev  0x00001414      0x316 CMakeFiles/c8t6coreboard.dir/USB_DEVICE/Target/usbd_conf.c.obj
 .debug_abbrev  0x0000172a      0x2d6 CMakeFiles/c8t6coreboard.dir/Drivers/STM32F1xx_HAL_Driver/Src/stm32f1xx_hal_pcd.c.obj
 .debug_abbrev  0x00001a00      0x189 CMakeFiles/c8t6coreboard.dir/Drivers/STM32F1xx_HAL_Driver/Src/stm32f1xx_hal_pcd_ex.c.obj
 .debug_abbrev  0x00001b89      0x1de CMakeFiles/c8t6coreboard.dir/Drivers/STM32F1xx_HAL_Driver/Src/stm32f1xx_ll_usb.c.obj
 .debug_abbrev  0x00001d67      0x201 CMakeFiles/c8t6coreboard.dir/Drivers/STM32F1xx_HAL_Driver/Src/stm32f1xx_hal.c.obj
 .debug_abbrev  0x00001f68      0x2b3 CMakeFiles/c8t6coreboard.dir/Drivers/STM32F1xx_HAL_Driver/Src/stm32f1xx_hal_rcc.c.obj
 .debug_abbrev  0x0000221b      0x188 CMakeFiles/c8t6coreboard.dir/Drivers/STM32F1xx_HAL_Driver/Src/stm32f1xx_hal_rcc_ex.c.obj
 .debug_abbrev  0x000023a3      0x1ca CMakeFiles/c8t6coreboard.dir/Drivers/STM32F1xx_HAL_Driver/Src/stm32f1xx_hal_gpio.c.obj
 .debug_abbrev  0x0000256d      0x2f8 CMakeFiles/c8t6coreboard.dir/Drivers/STM32F1xx_HAL_Driver/Src/stm32f1xx_hal_cortex.c.obj
 .debug_abbrev  0x00002865      0x2a3 CMakeFiles/c8t6coreboard.dir/Drivers/STM32F1xx_HAL_Driver/Src/stm32f1xx_hal_i2c.c.obj
 .debug_abbrev  0x00002b08      0x13f CMakeFiles/c8t6coreboard.dir/Core/Src/system_stm32f1xx.c.obj
 .debug_abbrev  0x00002c47      0x24a CMakeFiles/c8t6coreboard.dir/Middlewares/ST/STM32_USB_Device_Library/Core/Src/usbd_core.c.obj
 .debug_abbrev  0x00002e91      0x26b CMakeFiles/c8t6coreboard.dir/Middlewares/ST/STM32_USB_Device_Library/Core/Src/usbd_ctlreq.c.obj
 .debug_abbrev  0x000030fc      0x192 CMakeFiles/c8t6coreboard.dir/Middlewares/ST/STM32_USB_Device_Library/Core/Src/usbd_ioreq.c.obj
 .debug_abbrev  0x0000328e      0x2d3 CMakeFiles/c8t6coreboard.dir/Middlewares/ST/STM32_USB_Device_Library/Class/CDC/Src/usbd_cdc.c.obj
 .debug_abbrev  0x00003561       0xbc CMakeFiles/c8t6coreboard.dir/Core/Src/sysmem.c.obj
 .debug_abbrev  0x0000361d       0x24 CMakeFiles/c8t6coreboard.dir/startup_stm32f103xb.s.obj

.debug_aranges  0x00000000      0xdd0
 .debug_aranges
                0x00000000       0x48 CMakeFiles/c8t6coreboard.dir/Core/Src/main.cpp.obj
 .debug_aranges
                0x00000048       0x28 CMakeFiles/c8t6coreboard.dir/Core/Src/aht20.cpp.obj
 .debug_aranges
                0x00000070       0x28 CMakeFiles/c8t6coreboard.dir/Core/Src/ags10.cpp.obj
 .debug_aranges
                0x00000098       0x28 CMakeFiles/c8t6coreboard.dir/Core/Src/acd10.cpp.obj
 .debug_aranges
                0x000000c0       0x68 CMakeFiles/c8t6coreboard.dir/Core/Src/stm32f1xx_it.c.obj
 .debug_aranges
                0x00000128       0x30 CMakeFiles/c8t6coreboard.dir/Core/Src/stm32f1xx_hal_msp.c.obj
 .debug_aranges
                0x00000158       0x20 CMakeFiles/c8t6coreboard.dir/USB_DEVICE/App/usb_device.c.obj
 .debug_aranges
                0x00000178       0x60 CMakeFiles/c8t6coreboard.dir/USB_DEVICE/App/usbd_desc.c.obj
 .debug_aranges
                0x000001d8       0x40 CMakeFiles/c8t6coreboard.dir/USB_DEVICE/App/usbd_cdc_if.c.obj
 .debug_aranges
                0x00000218      0x118 CMakeFiles/c8t6coreboard.dir/USB_DEVICE/Target/usbd_conf.c.obj
 .debug_aranges
                0x00000330      0x140 CMakeFiles/c8t6coreboard.dir/Drivers/STM32F1xx_HAL_Driver/Src/stm32f1xx_hal_pcd.c.obj
 .debug_aranges